I0127 17:35:27.903682    17 state_transfer_manager.cc:324] received handshake_wiped for transfer(675)
I0127 17:35:27.903836     1 state_transfer_manager.cc:146] ending outgoing transfer(655)
I0127 17:35:27.903884     1 daemon.cc:492] reconfiguration complete; resuming normal operation
I0127 17:35:27.904413    17 state_transfer_manager.cc:267] received handshake_synack for transfer(657) @ 2935
I0127 17:35:27.904961    15 state_transfer_manager.cc:267] received handshake_synack for transfer(665) @ 2935
I0127 17:35:27.905164    15 state_transfer_manager.cc:267] received handshake_synack for transfer(669) @ 2935
I0127 17:35:27.905488    15 state_transfer_manager.cc:267] received handshake_synack for transfer(673) @ 2935
I0127 17:35:27.905639    15 state_transfer_manager.cc:267] received handshake_synack for transfer(677) @ 2935
I0127 17:35:27.906222    16 state_transfer_manager.cc:267] received handshake_synack for transfer(661) @ 2935
I0127 17:35:27.907938     1 daemon.cc:482] moving to configuration version=245; pausing all activity while we reconfigure
I0127 17:35:27.907958    14 coordinator_link_wrapper.cc:501] requesting that transfer(657) go live
I0127 17:35:27.907970    14 state_transfer_manager.cc:324] received handshake_wiped for transfer(657)
I0127 17:35:27.908001    17 coordinator_link_wrapper.cc:501] requesting that transfer(657) go live
I0127 17:35:27.908033    17 state_transfer_manager.cc:324] received handshake_wiped for transfer(657)
I0127 17:35:27.908017    15 coordinator_link_wrapper.cc:501] requesting that transfer(665) go live
I0127 17:35:27.908057    15 state_transfer_manager.cc:324] received handshake_wiped for transfer(665)
I0127 17:35:27.908109    16 coordinator_link_wrapper.cc:501] requesting that transfer(665) go live
I0127 17:35:27.908121    16 state_transfer_manager.cc:324] received handshake_wiped for transfer(665)
I0127 17:35:27.908205     1 daemon.cc:492] reconfiguration complete; resuming normal operation
I0127 17:35:27.908264    13 coordinator_link_wrapper.cc:501] requesting that transfer(657) go live
I0127 17:35:27.908340    13 coordinator_link_wrapper.cc:501] requesting that transfer(665) go live
I0127 17:35:27.908419    15 coordinator_link_wrapper.cc:501] requesting that transfer(669) go live
I0127 17:35:27.908434    15 state_transfer_manager.cc:324] received handshake_wiped for transfer(669)
I0127 17:35:27.908540    16 coordinator_link_wrapper.cc:501] requesting that transfer(661) go live
I0127 17:35:27.908680    14 coordinator_link_wrapper.cc:501] requesting that transfer(673) go live
I0127 17:35:27.909174    14 state_transfer_manager.cc:324] received handshake_wiped for transfer(673)
I0127 17:35:27.908694    16 state_transfer_manager.cc:324] received handshake_wiped for transfer(661)
I0127 17:35:27.909407    15 coordinator_link_wrapper.cc:501] requesting that transfer(677) go live
I0127 17:35:27.909418    15 state_transfer_manager.cc:324] received handshake_wiped for transfer(677)
I0127 17:35:27.910320     1 daemon.cc:482] moving to configuration version=251; pausing all activity while we reconfigure
I0127 17:35:27.910436     1 daemon.cc:492] reconfiguration complete; resuming normal operation
I0127 17:35:27.910511    13 coordinator_link_wrapper.cc:514] requesting that transfer(657) complete
I0127 17:35:27.910538    13 coordinator_link_wrapper.cc:514] requesting that transfer(661) complete
I0127 17:35:27.910578    13 coordinator_link_wrapper.cc:514] requesting that transfer(665) complete
I0127 17:35:27.910620    13 coordinator_link_wrapper.cc:514] requesting that transfer(669) complete
I0127 17:35:27.911281    13 coordinator_link_wrapper.cc:514] requesting that transfer(673) complete
I0127 17:35:27.912405    13 coordinator_link_wrapper.cc:514] requesting that transfer(677) complete
I0127 17:35:27.914103     1 daemon.cc:482] moving to configuration version=256; pausing all activity while we reconfigure
I0127 17:35:27.914753     1 state_transfer_manager.cc:146] ending outgoing transfer(657)
I0127 17:35:27.914772     1 state_transfer_manager.cc:146] ending outgoing transfer(661)
I0127 17:35:27.914780     1 state_transfer_manager.cc:146] ending outgoing transfer(665)
I0127 17:35:27.914788     1 state_transfer_manager.cc:146] ending outgoing transfer(669)
I0127 17:35:27.914793     1 state_transfer_manager.cc:146] ending outgoing transfer(673)
I0127 17:35:27.914854     1 daemon.cc:492] reconfiguration complete; resuming normal operation
I0127 17:35:27.914885    13 coordinator_link_wrapper.cc:514] requesting that transfer(659) complete
I0127 17:35:27.914912    13 coordinator_link_wrapper.cc:514] requesting that transfer(667) complete
I0127 17:35:27.914933    13 coordinator_link_wrapper.cc:514] requesting that transfer(675) complete
I0127 17:35:27.915616     1 daemon.cc:482] moving to configuration version=257; pausing all activity while we reconfigure
I0127 17:35:27.915684     1 state_transfer_manager.cc:161] ending outgoing transfer(677)
I0127 17:35:27.915994     1 daemon.cc:492] reconfiguration complete; resuming normal operation
I0127 17:35:27.916031    13 coordinator_link_wrapper.cc:514] requesting that transfer(659) complete
I0127 17:35:27.916100    13 coordinator_link_wrapper.cc:514] requesting that transfer(667) complete
I0127 17:35:27.916124    13 coordinator_link_wrapper.cc:514] requesting that transfer(675) complete
I0127 17:35:27.917170     1 daemon.cc:482] moving to configuration version=260; pausing all activity while we reconfigure
I0127 17:35:27.917402     1 state_transfer_manager.cc:146] ending outgoing transfer(659)
I0127 17:35:27.917415     1 state_transfer_manager.cc:146] ending outgoing transfer(667)
I0127 17:35:27.917423     1 state_transfer_manager.cc:161] ending outgoing transfer(675)
I0127 17:35:27.917476     1 daemon.cc:492] reconfiguration complete; resuming normal operation
I0127 17:35:27.917510    13 coordinator_link_wrapper.cc:514] requesting that transfer(663) complete
I0127 17:35:27.919718     1 daemon.cc:482] moving to configuration version=261; pausing all activity while we reconfigure
I0127 17:35:27.919880     1 state_transfer_manager.cc:146] ending outgoing transfer(663)
I0127 17:35:27.919919     1 daemon.cc:492] reconfiguration complete; resuming normal operation
I0127 17:35:27.919972    13 coordinator_link_wrapper.cc:514] requesting that transfer(671) complete
I0127 17:35:27.921274     1 daemon.cc:482] moving to configuration version=262; pausing all activity while we reconfigure
I0127 17:35:27.921557     1 state_transfer_manager.cc:161] ending outgoing transfer(671)
I0127 17:35:27.921602     1 daemon.cc:492] reconfiguration complete; resuming normal operation
I0127 18:19:04.996820     1 daemon.cc:482] moving to configuration version=264; pausing all activity while we reconfigure
I0127 18:19:04.996968     1 daemon.cc:492] reconfiguration complete; resuming normal operation
I0127 18:19:04.998327     1 daemon.cc:482] moving to configuration version=265; pausing all activity while we reconfigure
I0127 18:19:04.998600     1 state_transfer_manager.cc:153] initiating incoming transfer(id=transfer(679), region=region(403), src=server(17701203951474089523), vsrc=virtual_server(668), dst=server(3597616119902050258), vdst=virtual_server(680))
I0127 18:19:04.998616     1 state_transfer_manager.cc:153] initiating incoming transfer(id=transfer(681), region=region(404), src=server(17701203951474089523), vsrc=virtual_server(670), dst=server(3597616119902050258), vdst=virtual_server(682))
I0127 18:19:04.998625     1 state_transfer_manager.cc:153] initiating incoming transfer(id=transfer(683), region=region(405), src=server(17701203951474089523), vsrc=virtual_server(672), dst=server(3597616119902050258), vdst=virtual_server(684))
I0127 18:19:04.998633     1 state_transfer_manager.cc:153] initiating incoming transfer(id=transfer(685), region=region(406), src=server(17701203951474089523), vsrc=virtual_server(674), dst=server(3597616119902050258), vdst=virtual_server(686))
I0127 18:19:04.998641     1 state_transfer_manager.cc:153] initiating incoming transfer(id=transfer(687), region=region(407), src=server(17701203951474089523), vsrc=virtual_server(676), dst=server(3597616119902050258), vdst=virtual_server(688))
I0127 18:19:04.998649     1 state_transfer_manager.cc:153] initiating incoming transfer(id=transfer(689), region=region(408), src=server(17701203951474089523), vsrc=virtual_server(678), dst=server(3597616119902050258), vdst=virtual_server(690))
I0127 18:19:04.998656     1 state_transfer_manager.cc:153] initiating incoming transfer(id=transfer(691), region=region(6), src=server(14154618844282470030), vsrc=virtual_server(36), dst=server(3597616119902050258), vdst=virtual_server(692))
I0127 18:19:04.998666     1 state_transfer_manager.cc:153] initiating incoming transfer(id=transfer(693), region=region(7), src=server(14154618844282470030), vsrc=virtual_server(39), dst=server(3597616119902050258), vdst=virtual_server(694))
I0127 18:19:04.998673     1 state_transfer_manager.cc:153] initiating incoming transfer(id=transfer(695), region=region(8), src=server(14154618844282470030), vsrc=virtual_server(42), dst=server(3597616119902050258), vdst=virtual_server(696))
I0127 18:19:04.998682     1 state_transfer_manager.cc:153] initiating incoming transfer(id=transfer(697), region=region(9), src=server(17701203951474089523), vsrc=virtual_server(656), dst=server(3597616119902050258), vdst=virtual_server(698))
I0127 18:19:04.998689     1 state_transfer_manager.cc:153] initiating incoming transfer(id=transfer(699), region=region(10), src=server(17701203951474089523), vsrc=virtual_server(658), dst=server(3597616119902050258), vdst=virtual_server(700))
I0127 18:19:04.998697     1 state_transfer_manager.cc:153] initiating incoming transfer(id=transfer(701), region=region(16), src=server(14154618844282470030), vsrc=virtual_server(63), dst=server(3597616119902050258), vdst=virtual_server(702))
I0127 18:19:04.998705     1 state_transfer_manager.cc:153] initiating incoming transfer(id=transfer(703), region=region(17), src=server(14154618844282470030), vsrc=virtual_server(66), dst=server(3597616119902050258), vdst=virtual_server(704))
I0127 18:19:04.998713     1 state_transfer_manager.cc:153] initiating incoming transfer(id=transfer(705), region=region(18), src=server(14154618844282470030), vsrc=virtual_server(69), dst=server(3597616119902050258), vdst=virtual_server(706))
I0127 18:19:04.998721     1 state_transfer_manager.cc:153] initiating incoming transfer(id=transfer(707), region=region(19), src=server(14154618844282470030), vsrc=virtual_server(72), dst=server(3597616119902050258), vdst=virtual_server(708))
I0127 18:19:04.998729     1 state_transfer_manager.cc:153] initiating incoming transfer(id=transfer(709), region=region(20), src=server(17701203951474089523), vsrc=virtual_server(660), dst=server(3597616119902050258), vdst=virtual_server(710))
I0127 18:19:04.998738     1 state_transfer_manager.cc:153] initiating incoming transfer(id=transfer(711), region=region(21), src=server(17701203951474089523), vsrc=virtual_server(662), dst=server(3597616119902050258), vdst=virtual_server(712))
I0127 18:19:04.998745     1 state_transfer_manager.cc:153] initiating incoming transfer(id=transfer(713), region=region(22), src=server(17701203951474089523), vsrc=virtual_server(664), dst=server(3597616119902050258), vdst=virtual_server(714))
I0127 18:19:04.998752     1 state_transfer_manager.cc:153] initiating incoming transfer(id=transfer(715), region=region(23), src=server(17701203951474089523), vsrc=virtual_server(666), dst=server(3597616119902050258), vdst=virtual_server(716))
I0127 18:19:04.999059    17 state_transfer_manager.cc:234] received handshake_syn for transfer(687)
I0127 18:19:04.999094    16 state_transfer_manager.cc:234] received handshake_syn for transfer(679)
I0127 18:19:04.999399    17 state_transfer_manager.cc:234] received handshake_syn for transfer(709)
I0127 18:19:04.999833    17 state_transfer_manager.cc:295] received handshake_ack for transfer(687)
I0127 18:19:04.999073    15 state_transfer_manager.cc:234] received handshake_syn for transfer(697)
I0127 18:19:04.999918    15 state_transfer_manager.cc:295] received handshake_ack for transfer(697)
I0127 18:19:04.999941    15 state_transfer_manager.cc:295] received handshake_ack for transfer(679)
I0127 18:19:04.999168     1 daemon.cc:492] reconfiguration complete; resuming normal operation
I0127 18:19:04.999296    14 state_transfer_manager.cc:234] received handshake_syn for transfer(683)
I0127 18:19:04.999580    16 state_transfer_manager.cc:234] received handshake_syn for transfer(713)
I0127 18:19:05.000313    15 state_transfer_manager.cc:295] received handshake_ack for transfer(683)
I0127 18:19:05.000339    16 state_transfer_manager.cc:295] received handshake_ack for transfer(713)
I0127 18:19:05.000355    16 state_transfer_manager.cc:295] received handshake_ack for transfer(709)
I0127 18:19:05.002015     1 daemon.cc:482] moving to configuration version=269; pausing all activity while we reconfigure
I0127 18:19:05.002174     1 daemon.cc:492] reconfiguration complete; resuming normal operation
I0127 18:19:05.002753     1 daemon.cc:482] moving to configuration version=271; pausing all activity while we reconfigure
I0127 18:19:05.002943     1 daemon.cc:492] reconfiguration complete; resuming normal operation
I0127 18:19:05.004375     1 daemon.cc:482] moving to configuration version=274; pausing all activity while we reconfigure
I0127 18:19:05.004472     1 state_transfer_manager.cc:146] ending incoming transfer(697)
I0127 18:19:05.004485     1 state_transfer_manager.cc:146] ending incoming transfer(709)
I0127 18:19:05.004492     1 state_transfer_manager.cc:146] ending incoming transfer(713)
I0127 18:19:05.004525     1 daemon.cc:492] reconfiguration complete; resuming normal operation
I0127 18:19:05.005616    15 state_transfer_manager.cc:234] received handshake_syn for transfer(699)
I0127 18:19:05.005872    15 state_transfer_manager.cc:234] received handshake_syn for transfer(715)
I0127 18:19:05.005990    17 state_transfer_manager.cc:295] received handshake_ack for transfer(699)
I0127 18:19:05.006160     1 daemon.cc:482] moving to configuration version=277; pausing all activity while we reconfigure
I0127 18:19:05.006242    15 state_transfer_manager.cc:295] received handshake_ack for transfer(715)
I0127 18:19:05.006487     1 state_transfer_manager.cc:146] ending incoming transfer(679)
I0127 18:19:05.006501     1 state_transfer_manager.cc:146] ending incoming transfer(683)
I0127 18:19:05.006508     1 state_transfer_manager.cc:146] ending incoming transfer(687)
I0127 18:19:05.006538     1 daemon.cc:492] reconfiguration complete; resuming normal operation
I0127 18:19:05.007127    14 state_transfer_manager.cc:234] received handshake_syn for transfer(681)
I0127 18:19:05.007596    14 state_transfer_manager.cc:234] received handshake_syn for transfer(689)
I0127 18:19:05.007828    14 state_transfer_manager.cc:234] received handshake_syn for transfer(711)
I0127 18:19:05.007853    17 state_transfer_manager.cc:295] received handshake_ack for transfer(681)
I0127 18:19:05.151501     1 daemon.cc:482] moving to configuration version=279; pausing all activity while we reconfigure
I0127 18:19:05.151829    16 state_transfer_manager.cc:234] received handshake_syn for transfer(689)
I0127 18:19:05.152204    14 state_transfer_manager.cc:234] received handshake_syn for transfer(711)
I0127 18:19:05.152314    15 state_transfer_manager.cc:295] received handshake_ack for transfer(689)
I0127 18:19:05.152325     1 daemon.cc:492] reconfiguration complete; resuming normal operation
I0127 18:19:05.153154    14 state_transfer_manager.cc:295] received handshake_ack for transfer(711)
I0127 18:19:05.295419     1 daemon.cc:482] moving to configuration version=280; pausing all activity while we reconfigure
I0127 18:19:05.295578     1 daemon.cc:492] reconfiguration complete; resuming normal operation
I0127 18:19:05.295982     1 daemon.cc:482] moving to configuration version=282; pausing all activity while we reconfigure
I0127 18:19:05.296098     1 daemon.cc:492] reconfiguration complete; resuming normal operation
I0127 18:19:05.297336     1 daemon.cc:482] moving to configuration version=284; pausing all activity while we reconfigure
I0127 18:19:05.297418     1 state_transfer_manager.cc:146] ending incoming transfer(681)
I0127 18:19:05.297440     1 state_transfer_manager.cc:146] ending incoming transfer(711)
I0127 18:19:05.297487     1 daemon.cc:492] reconfiguration complete; resuming normal operation
I0127 18:19:05.298382    16 state_transfer_manager.cc:234] received handshake_syn for transfer(685)
I0127 18:19:05.298696    16 state_transfer_manager.cc:295] received handshake_ack for transfer(685)
I0127 18:19:05.299027     1 daemon.cc:482] moving to configuration version=285; pausing all activity while we reconfigure
I0127 18:19:05.299209     1 state_transfer_manager.cc:146] ending incoming transfer(689)
I0127 18:19:05.299263     1 daemon.cc:492] reconfiguration complete; resuming normal operation
I0127 18:19:05.299793     1 daemon.cc:482] moving to configuration version=286; pausing all activity while we reconfigure
I0127 18:19:05.299902     1 state_transfer_manager.cc:146] ending incoming transfer(699)
I0127 18:19:05.299988     1 daemon.cc:492] reconfiguration complete; resuming normal operation
I0127 18:19:05.300844     1 daemon.cc:482] moving to configuration version=287; pausing all activity while we reconfigure
I0127 18:19:05.300952     1 state_transfer_manager.cc:161] ending incoming transfer(715)
I0127 18:19:05.300995     1 daemon.cc:492] reconfiguration complete; resuming normal operation
I0127 18:19:05.302487     1 daemon.cc:482] moving to configuration version=288; pausing all activity while we reconfigure
I0127 18:19:05.302634     1 daemon.cc:492] reconfiguration complete; resuming normal operation
I0127 18:19:05.303805     1 daemon.cc:482] moving to configuration version=289; pausing all activity while we reconfigure
I0127 18:19:05.303887     1 state_transfer_manager.cc:146] ending incoming transfer(685)
I0127 18:19:05.303936     1 daemon.cc:492] reconfiguration complete; resuming normal operation
I0127 18:19:06.039480     1 daemon.cc:482] moving to configuration version=290; pausing all activity while we reconfigure
I0127 18:19:06.039818     1 daemon.cc:492] reconfiguration complete; resuming normal operation
I0127 18:19:09.112182    16 state_transfer_manager.cc:234] received handshake_syn for transfer(691)
I0127 18:19:09.112463    16 state_transfer_manager.cc:234] received handshake_syn for transfer(695)
I0127 18:19:09.112742    16 state_transfer_manager.cc:234] received handshake_syn for transfer(703)
I0127 18:19:09.112996    16 state_transfer_manager.cc:234] received handshake_syn for transfer(707)
I0127 18:19:12.667908    16 state_transfer_manager.cc:295] received handshake_ack for transfer(703)
I0127 18:19:12.667948    16 state_transfer_manager.cc:295] received handshake_ack for transfer(707)
I0127 18:19:12.667965    16 state_transfer_manager.cc:295] received handshake_ack for transfer(695)
I0127 18:19:12.668004    16 state_transfer_manager.cc:295] received handshake_ack for transfer(691)
I0127 18:19:17.482175     1 daemon.cc:482] moving to configuration version=291; pausing all activity while we reconfigure
I0127 18:19:17.482377     1 daemon.cc:492] reconfiguration complete; resuming normal operation
I0127 18:19:17.626035     1 daemon.cc:482] moving to configuration version=294; pausing all activity while we reconfigure
I0127 18:19:17.626469     1 daemon.cc:492] reconfiguration complete; resuming normal operation
I0127 18:19:22.998986     1 daemon.cc:482] moving to configuration version=295; pausing all activity while we reconfigure
I0127 18:19:22.999107     1 state_transfer_manager.cc:146] ending incoming transfer(703)
I0127 18:19:22.999189     1 daemon.cc:492] reconfiguration complete; resuming normal operation
I0127 18:19:23.003983     1 daemon.cc:482] moving to configuration version=304; pausing all activity while we reconfigure
I0127 18:19:23.004130     1 daemon.cc:492] reconfiguration complete; resuming normal operation
I0127 18:19:24.209491     1 daemon.cc:482] moving to configuration version=307; pausing all activity while we reconfigure
I0127 18:19:24.209707     1 daemon.cc:492] reconfiguration complete; resuming normal operation
I0127 18:19:24.218004     1 daemon.cc:482] moving to configuration version=308; pausing all activity while we reconfigure
I0127 18:19:24.218214     1 daemon.cc:492] reconfiguration complete; resuming normal operation
I0127 18:19:24.599295     1 daemon.cc:482] moving to configuration version=311; pausing all activity while we reconfigure
I0127 18:19:24.599405     1 state_transfer_manager.cc:146] ending incoming transfer(691)
I0127 18:19:24.599417     1 state_transfer_manager.cc:146] ending incoming transfer(695)
I0127 18:19:24.599452     1 daemon.cc:492] reconfiguration complete; resuming normal operation
I0127 18:19:25.747027     1 daemon.cc:482] moving to configuration version=312; pausing all activity while we reconfigure
I0127 18:19:25.747337     1 state_transfer_manager.cc:161] ending incoming transfer(707)
I0127 18:19:25.747449     1 daemon.cc:492] reconfiguration complete; resuming normal operation
I0127 18:19:25.749069     1 daemon.cc:482] moving to configuration version=313; pausing all activity while we reconfigure
I0127 18:19:25.749196     1 daemon.cc:492] reconfiguration complete; resuming normal operation
I0127 18:19:29.910151    15 state_transfer_manager.cc:234] received handshake_syn for transfer(693)
I0127 18:19:29.910419    15 state_transfer_manager.cc:234] received handshake_syn for transfer(705)
I0127 18:19:34.118376    16 state_transfer_manager.cc:234] received handshake_syn for transfer(693)
I0127 18:19:34.118667    16 state_transfer_manager.cc:234] received handshake_syn for transfer(705)
I0127 18:19:34.118690    16 state_transfer_manager.cc:295] received handshake_ack for transfer(693)
I0127 18:19:34.119336    15 state_transfer_manager.cc:295] received handshake_ack for transfer(705)
I0127 18:19:41.219106     1 daemon.cc:482] moving to configuration version=314; pausing all activity while we reconfigure
I0127 18:19:41.219391     1 daemon.cc:492] reconfiguration complete; resuming normal operation
I0127 18:19:42.005017     1 daemon.cc:482] moving to configuration version=318; pausing all activity while we reconfigure
I0127 18:19:42.005172     1 daemon.cc:492] reconfiguration complete; resuming normal operation
I0127 18:19:42.819768     1 daemon.cc:482] moving to configuration version=319; pausing all activity while we reconfigure
I0127 18:19:42.819895     1 state_transfer_manager.cc:146] ending incoming transfer(693)
I0127 18:19:42.819955     1 daemon.cc:492] reconfiguration complete; resuming normal operation
I0127 18:19:46.510900    14 state_transfer_manager.cc:234] received handshake_syn for transfer(701)
I0127 18:19:49.075564     1 daemon.cc:482] moving to configuration version=333; pausing all activity while we reconfigure
I0127 18:19:49.075700     1 state_transfer_manager.cc:161] ending incoming transfer(705)
I0127 18:19:49.076021    17 state_transfer_manager.cc:234] received handshake_syn for transfer(701)
I0127 18:19:49.076050     1 daemon.cc:492] reconfiguration complete; resuming normal operation
I0127 18:19:49.078896    16 state_transfer_manager.cc:295] received handshake_ack for transfer(701)
I0127 18:19:49.142382     1 daemon.cc:482] moving to configuration version=337; pausing all activity while we reconfigure
I0127 18:19:49.142503     1 state_transfer_manager.cc:161] ending incoming transfer(701)
I0127 18:19:49.142519     1 state_transfer_manager.cc:153] initiating outgoing transfer(id=transfer(747), region=region(9), src=server(3597616119902050258), vsrc=virtual_server(698), dst=server(5650592981559313255), vdst=virtual_server(748))
I0127 18:19:49.142531     1 state_transfer_manager.cc:153] initiating outgoing transfer(id=transfer(749), region=region(10), src=server(3597616119902050258), vsrc=virtual_server(700), dst=server(5650592981559313255), vdst=virtual_server(750))
I0127 18:19:49.142541     1 state_transfer_manager.cc:153] initiating outgoing transfer(id=transfer(759), region=region(20), src=server(3597616119902050258), vsrc=virtual_server(710), dst=server(5650592981559313255), vdst=virtual_server(760))
I0127 18:19:49.142580     1 state_transfer_manager.cc:153] initiating outgoing transfer(id=transfer(761), region=region(21), src=server(3597616119902050258), vsrc=virtual_server(712), dst=server(5650592981559313255), vdst=virtual_server(762))
I0127 18:19:49.142588     1 state_transfer_manager.cc:153] initiating outgoing transfer(id=transfer(763), region=region(22), src=server(3597616119902050258), vsrc=virtual_server(714), dst=server(5650592981559313255), vdst=virtual_server(764))
I0127 18:19:49.142614     1 state_transfer_manager.cc:153] initiating outgoing transfer(id=transfer(765), region=region(23), src=server(3597616119902050258), vsrc=virtual_server(716), dst=server(5650592981559313255), vdst=virtual_server(766))
I0127 18:19:49.142627     1 state_transfer_manager.cc:153] initiating outgoing transfer(id=transfer(767), region=region(17), src=server(3597616119902050258), vsrc=virtual_server(704), dst=server(5650592981559313255), vdst=virtual_server(768))
I0127 18:19:49.142637     1 state_transfer_manager.cc:153] initiating outgoing transfer(id=transfer(769), region=region(403), src=server(3597616119902050258), vsrc=virtual_server(680), dst=server(17701203951474089523), vdst=virtual_server(770))
I0127 18:19:49.142644     1 state_transfer_manager.cc:153] initiating outgoing transfer(id=transfer(771), region=region(404), src=server(3597616119902050258), vsrc=virtual_server(682), dst=server(17701203951474089523), vdst=virtual_server(772))
I0127 18:19:49.142660     1 state_transfer_manager.cc:153] initiating outgoing transfer(id=transfer(773), region=region(405), src=server(3597616119902050258), vsrc=virtual_server(684), dst=server(17701203951474089523), vdst=virtual_server(774))
I0127 18:19:49.142668     1 state_transfer_manager.cc:153] initiating outgoing transfer(id=transfer(775), region=region(406), src=server(3597616119902050258), vsrc=virtual_server(686), dst=server(17701203951474089523), vdst=virtual_server(776))
I0127 18:19:49.142676     1 state_transfer_manager.cc:153] initiating outgoing transfer(id=transfer(777), region=region(407), src=server(3597616119902050258), vsrc=virtual_server(688), dst=server(17701203951474089523), vdst=virtual_server(778))
I0127 18:19:49.142684     1 state_transfer_manager.cc:153] initiating outgoing transfer(id=transfer(779), region=region(408), src=server(3597616119902050258), vsrc=virtual_server(690), dst=server(17701203951474089523), vdst=virtual_server(780))
I0127 18:19:49.142693     1 state_transfer_manager.cc:153] initiating outgoing transfer(id=transfer(781), region=region(6), src=server(3597616119902050258), vsrc=virtual_server(692), dst=server(5650592981559313255), vdst=virtual_server(782))
I0127 18:19:49.142700     1 state_transfer_manager.cc:153] initiating outgoing transfer(id=transfer(783), region=region(8), src=server(3597616119902050258), vsrc=virtual_server(696), dst=server(5650592981559313255), vdst=virtual_server(784))
I0127 18:19:49.142707     1 state_transfer_manager.cc:153] initiating outgoing transfer(id=transfer(785), region=region(19), src=server(3597616119902050258), vsrc=virtual_server(708), dst=server(5650592981559313255), vdst=virtual_server(786))
I0127 18:19:49.142716     1 state_transfer_manager.cc:153] initiating outgoing transfer(id=transfer(799), region=region(7), src=server(3597616119902050258), vsrc=virtual_server(694), dst=server(5650592981559313255), vdst=virtual_server(800))
I0127 18:19:49.142724     1 state_transfer_manager.cc:153] initiating outgoing transfer(id=transfer(801), region=region(18), src=server(3597616119902050258), vsrc=virtual_server(706), dst=server(5650592981559313255), vdst=virtual_server(802))
I0127 18:19:49.142732     1 state_transfer_manager.cc:153] initiating outgoing transfer(id=transfer(803), region=region(16), src=server(3597616119902050258), vsrc=virtual_server(702), dst=server(5650592981559313255), vdst=virtual_server(804))
I0127 18:19:49.142856     1 daemon.cc:492] reconfiguration complete; resuming normal operation
I0127 18:19:49.143378    16 state_transfer_manager.cc:267] received handshake_synack for transfer(779) @ 3021
I0127 18:19:49.143452    14 state_transfer_manager.cc:324] received handshake_wiped for transfer(779)
I0127 18:19:49.143484    14 state_transfer_manager.cc:324] received handshake_wiped for transfer(779)
I0127 18:19:49.143573    16 state_transfer_manager.cc:267] received handshake_synack for transfer(775) @ 3021
I0127 18:19:49.143628    15 state_transfer_manager.cc:267] received handshake_synack for transfer(771) @ 3021
I0127 18:19:49.143659    15 state_transfer_manager.cc:324] received handshake_wiped for transfer(775)
I0127 18:19:49.143687    17 state_transfer_manager.cc:324] received handshake_wiped for transfer(775)
I0127 18:19:49.143712    17 state_transfer_manager.cc:324] received handshake_wiped for transfer(771)
I0127 18:19:49.143739    14 state_transfer_manager.cc:324] received handshake_wiped for transfer(771)
I0127 18:19:49.144644    15 coordinator_link_wrapper.cc:501] requesting that transfer(779) go live
I0127 18:19:49.144922    16 coordinator_link_wrapper.cc:501] requesting that transfer(775) go live
I0127 18:19:49.146002     1 daemon.cc:482] moving to configuration version=339; pausing all activity while we reconfigure
I0127 18:19:49.146023    17 coordinator_link_wrapper.cc:501] requesting that transfer(771) go live
I0127 18:19:49.146129     1 daemon.cc:492] reconfiguration complete; resuming normal operation
I0127 18:19:49.146314    13 coordinator_link_wrapper.cc:501] requesting that transfer(771) go live
I0127 18:19:49.146481    13 coordinator_link_wrapper.cc:514] requesting that transfer(775) complete
I0127 18:19:49.147804     1 daemon.cc:482] moving to configuration version=341; pausing all activity while we reconfigure
I0127 18:19:49.147819    13 coordinator_link_wrapper.cc:514] requesting that transfer(779) complete
I0127 18:19:49.147917     1 state_transfer_manager.cc:146] ending outgoing transfer(775)
I0127 18:19:49.148018     1 daemon.cc:492] reconfiguration complete; resuming normal operation
I0127 18:19:49.148183    13 coordinator_link_wrapper.cc:514] requesting that transfer(771) complete
I0127 18:19:49.148696    16 state_transfer_manager.cc:267] received handshake_synack for transfer(777) @ 3021
I0127 18:19:49.148720    16 state_transfer_manager.cc:324] received handshake_wiped for transfer(777)
I0127 18:19:49.148737    16 state_transfer_manager.cc:324] received handshake_wiped for transfer(777)
I0127 18:19:49.149879    14 coordinator_link_wrapper.cc:501] requesting that transfer(777) go live
I0127 18:19:49.150404     1 daemon.cc:482] moving to configuration version=343; pausing all activity while we reconfigure
I0127 18:19:49.150567     1 state_transfer_manager.cc:146] ending outgoing transfer(771)
I0127 18:19:49.150607     1 state_transfer_manager.cc:146] ending outgoing transfer(779)
I0127 18:19:49.150655     1 daemon.cc:492] reconfiguration complete; resuming normal operation
I0127 18:19:49.151324    15 state_transfer_manager.cc:267] received handshake_synack for transfer(773) @ 3021
I0127 18:19:49.151362    15 state_transfer_manager.cc:324] received handshake_wiped for transfer(773)
I0127 18:19:49.151386    15 state_transfer_manager.cc:324] received handshake_wiped for transfer(773)
I0127 18:19:49.152370     1 daemon.cc:482] moving to configuration version=344; pausing all activity while we reconfigure
I0127 18:19:49.152698    14 coordinator_link_wrapper.cc:501] requesting that transfer(773) go live
I0127 18:19:49.152777     1 daemon.cc:492] reconfiguration complete; resuming normal operation
I0127 18:19:49.152884    13 coordinator_link_wrapper.cc:501] requesting that transfer(773) go live
I0127 18:19:49.154291     1 daemon.cc:482] moving to configuration version=345; pausing all activity while we reconfigure
I0127 18:19:49.154460     1 daemon.cc:492] reconfiguration complete; resuming normal operation
I0127 18:19:49.156265    13 coordinator_link_wrapper.cc:514] requesting that transfer(773) complete
I0127 18:19:49.156345    17 state_transfer_manager.cc:267] received handshake_synack for transfer(747) @ 3021
I0127 18:19:49.156446    16 state_transfer_manager.cc:267] received handshake_synack for transfer(763) @ 3021
I0127 18:19:49.156777    16 state_transfer_manager.cc:267] received handshake_synack for transfer(767) @ 3021
I0127 18:19:49.156958    16 state_transfer_manager.cc:267] received handshake_synack for transfer(781) @ 3021
I0127 18:19:49.157158    17 state_transfer_manager.cc:267] received handshake_synack for transfer(759) @ 3021
I0127 18:19:49.157243    16 state_transfer_manager.cc:267] received handshake_synack for transfer(785) @ 3021
I0127 18:19:49.157454    17 state_transfer_manager.cc:267] received handshake_synack for transfer(801) @ 3021
I0127 18:19:49.157517    16 coordinator_link_wrapper.cc:501] requesting that transfer(763) go live
I0127 18:19:49.157531    16 state_transfer_manager.cc:324] received handshake_wiped for transfer(763)
I0127 18:19:49.157743    16 coordinator_link_wrapper.cc:501] requesting that transfer(767) go live
I0127 18:19:49.158124    16 state_transfer_manager.cc:324] received handshake_wiped for transfer(767)
I0127 18:19:49.157778    14 coordinator_link_wrapper.cc:501] requesting that transfer(763) go live
I0127 18:19:49.158263    14 state_transfer_manager.cc:324] received handshake_wiped for transfer(763)
I0127 18:19:49.157765    15 coordinator_link_wrapper.cc:501] requesting that transfer(747) go live
I0127 18:19:49.158288    15 state_transfer_manager.cc:324] received handshake_wiped for transfer(747)
I0127 18:19:49.158365    16 coordinator_link_wrapper.cc:501] requesting that transfer(767) go live
I0127 18:19:49.158378    16 state_transfer_manager.cc:324] received handshake_wiped for transfer(767)
I0127 18:19:49.158385    15 coordinator_link_wrapper.cc:501] requesting that transfer(781) go live
I0127 18:19:49.158401    17 coordinator_link_wrapper.cc:501] requesting that transfer(747) go live
I0127 18:19:49.158416    14 coordinator_link_wrapper.cc:501] requesting that transfer(759) go live
I0127 18:19:49.158460    14 state_transfer_manager.cc:324] received handshake_wiped for transfer(759)
I0127 18:19:49.158452    17 state_transfer_manager.cc:324] received handshake_wiped for transfer(747)
I0127 18:19:49.158438    15 state_transfer_manager.cc:324] received handshake_wiped for transfer(781)
I0127 18:19:49.158550    14 coordinator_link_wrapper.cc:501] requesting that transfer(759) go live
I0127 18:19:49.158561    14 state_transfer_manager.cc:324] received handshake_wiped for transfer(759)
I0127 18:19:49.158592    17 coordinator_link_wrapper.cc:501] requesting that transfer(785) go live
I0127 18:19:49.158604    17 state_transfer_manager.cc:324] received handshake_wiped for transfer(785)
I0127 18:19:49.158649    14 coordinator_link_wrapper.cc:501] requesting that transfer(801) go live
I0127 18:19:49.158661    14 state_transfer_manager.cc:324] received handshake_wiped for transfer(801)
I0127 18:19:49.158704    15 coordinator_link_wrapper.cc:501] requesting that transfer(785) go live
I0127 18:19:49.158715    15 state_transfer_manager.cc:324] received handshake_wiped for transfer(785)
I0127 18:19:49.158749    16 coordinator_link_wrapper.cc:501] requesting that transfer(781) go live
I0127 18:19:49.158762    16 state_transfer_manager.cc:324] received handshake_wiped for transfer(781)
I0127 18:19:49.158766    17 coordinator_link_wrapper.cc:501] requesting that transfer(801) go live
I0127 18:19:49.158782    17 state_transfer_manager.cc:324] received handshake_wiped for transfer(801)
I0127 18:19:49.158802     1 daemon.cc:482] moving to configuration version=346; pausing all activity while we reconfigure
I0127 18:19:49.158921     1 state_transfer_manager.cc:146] ending outgoing transfer(773)
I0127 18:19:49.159000     1 daemon.cc:492] reconfiguration complete; resuming normal operation
I0127 18:19:49.159780    13 coordinator_link_wrapper.cc:501] requesting that transfer(747) go live
I0127 18:19:49.160532     1 daemon.cc:482] moving to configuration version=353; pausing all activity while we reconfigure
I0127 18:19:49.160550    13 coordinator_link_wrapper.cc:501] requesting that transfer(759) go live
I0127 18:19:49.160660    13 coordinator_link_wrapper.cc:501] requesting that transfer(763) go live
I0127 18:19:49.160760    13 coordinator_link_wrapper.cc:501] requesting that transfer(767) go live
I0127 18:19:49.160991    13 coordinator_link_wrapper.cc:514] requesting that transfer(777) complete
I0127 18:19:49.161074     1 daemon.cc:492] reconfiguration complete; resuming normal operation
I0127 18:19:49.161309    13 coordinator_link_wrapper.cc:514] requesting that transfer(747) complete
I0127 18:19:49.161424    13 coordinator_link_wrapper.cc:514] requesting that transfer(759) complete
I0127 18:19:49.162664    13 coordinator_link_wrapper.cc:514] requesting that transfer(763) complete
I0127 18:19:49.162839    13 coordinator_link_wrapper.cc:514] requesting that transfer(767) complete
I0127 18:19:49.163308    13 coordinator_link_wrapper.cc:514] requesting that transfer(777) complete
I0127 18:19:49.164135     1 daemon.cc:482] moving to configuration version=357; pausing all activity while we reconfigure
I0127 18:19:49.164252     1 state_transfer_manager.cc:146] ending outgoing transfer(747)
I0127 18:19:49.164265     1 state_transfer_manager.cc:146] ending outgoing transfer(759)
I0127 18:19:49.164273     1 state_transfer_manager.cc:146] ending outgoing transfer(763)
I0127 18:19:49.164280     1 state_transfer_manager.cc:146] ending outgoing transfer(777)
I0127 18:19:49.164360     1 daemon.cc:492] reconfiguration complete; resuming normal operation
I0127 18:19:49.165858     1 daemon.cc:482] moving to configuration version=359; pausing all activity while we reconfigure
I0127 18:19:49.165933     1 state_transfer_manager.cc:146] ending outgoing transfer(767)
I0127 18:19:49.166008     1 daemon.cc:492] reconfiguration complete; resuming normal operation
I0127 18:19:49.166417    13 coordinator_link_wrapper.cc:514] requesting that transfer(781) complete
I0127 18:19:49.166529    13 coordinator_link_wrapper.cc:514] requesting that transfer(785) complete
I0127 18:19:49.167075    13 coordinator_link_wrapper.cc:514] requesting that transfer(801) complete
I0127 18:19:49.167762     1 daemon.cc:482] moving to configuration version=361; pausing all activity while we reconfigure
I0127 18:19:49.167831     1 state_transfer_manager.cc:146] ending outgoing transfer(781)
I0127 18:19:49.167845     1 state_transfer_manager.cc:146] ending outgoing transfer(785)
I0127 18:19:49.167887     1 daemon.cc:492] reconfiguration complete; resuming normal operation
I0127 18:19:49.168200    13 coordinator_link_wrapper.cc:514] requesting that transfer(801) complete
I0127 18:19:49.169227     1 daemon.cc:482] moving to configuration version=362; pausing all activity while we reconfigure
I0127 18:19:49.169313     1 state_transfer_manager.cc:146] ending outgoing transfer(801)
I0127 18:19:49.169394     1 daemon.cc:492] reconfiguration complete; resuming normal operation
I0127 18:19:49.171151     1 daemon.cc:482] moving to configuration version=363; pausing all activity while we reconfigure
I0127 18:19:49.171241     1 daemon.cc:492] reconfiguration complete; resuming normal operation
I0127 18:19:49.190246    14 state_transfer_manager.cc:267] received handshake_synack for transfer(749) @ 3021
I0127 18:19:49.190603    17 state_transfer_manager.cc:267] received handshake_synack for transfer(803) @ 3021
I0127 18:19:49.190660    14 state_transfer_manager.cc:267] received handshake_synack for transfer(783) @ 3021
I0127 18:19:49.191017    14 state_transfer_manager.cc:267] received handshake_synack for transfer(765) @ 3021
I0127 18:19:49.191071    15 coordinator_link_wrapper.cc:501] requesting that transfer(749) go live
I0127 18:19:49.191090    15 state_transfer_manager.cc:324] received handshake_wiped for transfer(749)
I0127 18:19:49.191941    17 coordinator_link_wrapper.cc:501] requesting that transfer(749) go live
I0127 18:19:49.191954    17 state_transfer_manager.cc:324] received handshake_wiped for transfer(749)
I0127 18:19:49.194124     1 daemon.cc:482] moving to configuration version=366; pausing all activity while we reconfigure
I0127 18:19:49.194349     1 daemon.cc:492] reconfiguration complete; resuming normal operation
I0127 18:19:49.194368    13 coordinator_link_wrapper.cc:514] requesting that transfer(749) complete
I0127 18:19:49.197437     1 daemon.cc:482] moving to configuration version=368; pausing all activity while we reconfigure
I0127 18:19:49.197530     1 state_transfer_manager.cc:146] ending outgoing transfer(749)
I0127 18:19:49.197638     1 daemon.cc:492] reconfiguration complete; resuming normal operation
I0127 18:19:49.198436    15 state_transfer_manager.cc:267] received handshake_synack for transfer(769) @ 3021
I0127 18:19:49.198505    17 state_transfer_manager.cc:324] received handshake_wiped for transfer(769)
I0127 18:19:49.198525    14 state_transfer_manager.cc:324] received handshake_wiped for transfer(769)
I0127 18:19:49.199246    17 coordinator_link_wrapper.cc:501] requesting that transfer(769) go live
I0127 18:19:49.199851     1 daemon.cc:482] moving to configuration version=369; pausing all activity while we reconfigure
I0127 18:19:49.200237     1 daemon.cc:492] reconfiguration complete; resuming normal operation
I0127 18:19:49.200397    13 coordinator_link_wrapper.cc:501] requesting that transfer(769) go live
I0127 18:19:49.201160     1 daemon.cc:482] moving to configuration version=370; pausing all activity while we reconfigure
I0127 18:19:49.201313     1 daemon.cc:492] reconfiguration complete; resuming normal operation
I0127 18:19:49.201506    13 coordinator_link_wrapper.cc:514] requesting that transfer(769) complete
I0127 18:19:49.205399     1 daemon.cc:482] moving to configuration version=371; pausing all activity while we reconfigure
I0127 18:19:49.205513     1 state_transfer_manager.cc:146] ending outgoing transfer(769)
I0127 18:19:49.205574     1 daemon.cc:492] reconfiguration complete; resuming normal operation
I0127 18:19:49.239557    16 coordinator_link_wrapper.cc:501] requesting that transfer(783) go live
I0127 18:19:49.239572    16 state_transfer_manager.cc:324] received handshake_wiped for transfer(783)
I0127 18:19:49.239864     1 daemon.cc:482] moving to configuration version=372; pausing all activity while we reconfigure
I0127 18:19:49.239883    16 coordinator_link_wrapper.cc:501] requesting that transfer(803) go live
I0127 18:19:49.239895    16 state_transfer_manager.cc:324] received handshake_wiped for transfer(803)
I0127 18:19:49.239969     1 daemon.cc:492] reconfiguration complete; resuming normal operation
I0127 18:19:49.240126    13 coordinator_link_wrapper.cc:501] requesting that transfer(783) go live
I0127 18:19:49.240291    13 coordinator_link_wrapper.cc:501] requesting that transfer(803) go live
I0127 18:19:49.241792     1 daemon.cc:482] moving to configuration version=374; pausing all activity while we reconfigure
I0127 18:19:49.242111     1 daemon.cc:492] reconfiguration complete; resuming normal operation
I0127 18:19:49.242429    13 coordinator_link_wrapper.cc:514] requesting that transfer(783) complete
I0127 18:19:49.244096    13 coordinator_link_wrapper.cc:514] requesting that transfer(803) complete
I0127 18:19:49.245925     1 daemon.cc:482] moving to configuration version=377; pausing all activity while we reconfigure
I0127 18:19:49.246254     1 state_transfer_manager.cc:146] ending outgoing transfer(783)
I0127 18:19:49.246268     1 state_transfer_manager.cc:161] ending outgoing transfer(803)
I0127 18:19:49.246316     1 daemon.cc:492] reconfiguration complete; resuming normal operation
I0127 18:19:49.296259    14 state_transfer_manager.cc:267] received handshake_synack for transfer(761) @ 3021
I0127 18:19:49.296609    14 state_transfer_manager.cc:267] received handshake_synack for transfer(799) @ 3021
I0127 18:19:49.296775    15 coordinator_link_wrapper.cc:501] requesting that transfer(761) go live
I0127 18:19:49.296792    15 state_transfer_manager.cc:324] received handshake_wiped for transfer(761)
I0127 18:19:49.297232    15 coordinator_link_wrapper.cc:501] requesting that transfer(799) go live
I0127 18:19:49.297245    15 state_transfer_manager.cc:324] received handshake_wiped for transfer(799)
I0127 18:19:49.297250    14 coordinator_link_wrapper.cc:501] requesting that transfer(761) go live
I0127 18:19:49.297266    14 state_transfer_manager.cc:324] received handshake_wiped for transfer(761)
I0127 18:19:49.297675    15 coordinator_link_wrapper.cc:501] requesting that transfer(799) go live
I0127 18:19:49.297688    15 state_transfer_manager.cc:324] received handshake_wiped for transfer(799)
I0127 18:19:49.298455     1 daemon.cc:482] moving to configuration version=379; pausing all activity while we reconfigure
I0127 18:19:49.298629     1 daemon.cc:492] reconfiguration complete; resuming normal operation
I0127 18:19:49.298725    13 coordinator_link_wrapper.cc:514] requesting that transfer(761) complete
I0127 18:19:49.298872    13 coordinator_link_wrapper.cc:514] requesting that transfer(799) complete
I0127 18:19:49.300719     1 daemon.cc:482] moving to configuration version=381; pausing all activity while we reconfigure
I0127 18:19:49.300837     1 state_transfer_manager.cc:146] ending outgoing transfer(761)
I0127 18:19:49.300849     1 state_transfer_manager.cc:161] ending outgoing transfer(799)
I0127 18:19:49.300948     1 daemon.cc:492] reconfiguration complete; resuming normal operation
I0127 18:19:49.305634     1 daemon.cc:482] moving to configuration version=382; pausing all activity while we reconfigure
I0127 18:19:49.305775     1 daemon.cc:492] reconfiguration complete; resuming normal operation
I0127 18:19:49.307852     1 daemon.cc:482] moving to configuration version=383; pausing all activity while we reconfigure
I0127 18:19:49.308115     1 daemon.cc:492] reconfiguration complete; resuming normal operation
I0127 18:19:49.319715    14 coordinator_link_wrapper.cc:501] requesting that transfer(765) go live
I0127 18:19:49.319743    14 state_transfer_manager.cc:324] received handshake_wiped for transfer(765)
I0127 18:19:49.321198     1 daemon.cc:482] moving to configuration version=384; pausing all activity while we reconfigure
I0127 18:19:49.321468     1 daemon.cc:492] reconfiguration complete; resuming normal operation
I0127 18:19:49.321617    13 coordinator_link_wrapper.cc:514] requesting that transfer(765) complete
I0127 18:19:49.323205     1 daemon.cc:482] moving to configuration version=385; pausing all activity while we reconfigure
I0127 18:19:49.323446     1 state_transfer_manager.cc:161] ending outgoing transfer(765)
I0127 18:19:49.323494     1 daemon.cc:492] reconfiguration complete; resuming normal operation
I0127 18:19:49.412832     1 daemon.cc:482] moving to configuration version=387; pausing all activity while we reconfigure
I0127 18:19:49.413080     1 daemon.cc:492] reconfiguration complete; resuming normal operation
I0127 18:19:49.419595     1 daemon.cc:482] moving to configuration version=388; pausing all activity while we reconfigure
I0127 18:19:49.419950     1 daemon.cc:492] reconfiguration complete; resuming normal operation
I0127 18:19:49.421406     1 daemon.cc:482] moving to configuration version=389; pausing all activity while we reconfigure
I0127 18:19:49.421561     1 daemon.cc:492] reconfiguration complete; resuming normal operation
I0127 18:19:49.451381     1 daemon.cc:482] moving to configuration version=390; pausing all activity while we reconfigure
I0127 18:19:49.451678     1 daemon.cc:492] reconfiguration complete; resuming normal operation
I0127 18:19:49.452844     1 daemon.cc:482] moving to configuration version=391; pausing all activity while we reconfigure
I0127 18:19:49.453233     1 daemon.cc:492] reconfiguration complete; resuming normal operation
I0127 18:19:49.456091     1 daemon.cc:482] moving to configuration version=393; pausing all activity while we reconfigure
I0127 18:19:49.456184     1 daemon.cc:492] reconfiguration complete; resuming normal operation
I0127 18:19:49.462083     1 daemon.cc:482] moving to configuration version=394; pausing all activity while we reconfigure
I0127 18:19:49.462319     1 daemon.cc:492] reconfiguration complete; resuming normal operation
I0127 18:19:49.464622     1 daemon.cc:482] moving to configuration version=395; pausing all activity while we reconfigure
I0127 18:19:49.464908     1 state_transfer_manager.cc:153] initiating incoming transfer(id=transfer(729), region=region(397), src=server(5650592981559313255), vsrc=virtual_server(433), dst=server(3597616119902050258), vdst=virtual_server(730))
I0127 18:19:49.464926     1 state_transfer_manager.cc:153] initiating incoming transfer(id=transfer(731), region=region(398), src=server(5650592981559313255), vsrc=virtual_server(435), dst=server(3597616119902050258), vdst=virtual_server(732))
I0127 18:19:49.464937     1 state_transfer_manager.cc:153] initiating incoming transfer(id=transfer(733), region=region(399), src=server(5650592981559313255), vsrc=virtual_server(437), dst=server(3597616119902050258), vdst=virtual_server(734))
I0127 18:19:49.464948     1 state_transfer_manager.cc:153] initiating incoming transfer(id=transfer(735), region=region(400), src=server(5650592981559313255), vsrc=virtual_server(439), dst=server(3597616119902050258), vdst=virtual_server(736))
