I0126 16:56:08.772938     1 daemon.cc:284] running in the foreground
I0126 16:56:08.773049     1 daemon.cc:285] no log will be generated; instead, the log messages will print to the terminal
I0126 16:56:08.773058     1 daemon.cc:286] provide "--daemon" on the command-line if you want to run in the background
I0126 16:56:08.773066     1 daemon.cc:293] initializing local storage
I0126 16:56:08.801700    10 background_thread.cc:153] indexing thread started
I0126 16:56:08.801724    11 background_thread.cc:153] wiping thread started
I0126 16:56:08.801700     9 background_thread.cc:153] checkpointer thread started
I0126 16:56:08.813063     1 daemon.cc:348] generated new random token:  3597616119902050258
I0126 16:56:08.824462     1 daemon.cc:373] starting checkpoint process with checkpoint=0 checkpoint_stable=0 checkpoint_gc=0
W0126 16:56:08.824635     1 daemon.cc:1612] cannot determine device name for reporting io.* stats
W0126 16:56:08.824642     1 daemon.cc:1613] iostat-like statistics will not be reported
I0126 16:56:08.843924    13 background_thread.cc:153] state transfer thread started
I0126 16:56:08.843997    12 background_thread.cc:153] replication thread started
I0126 16:56:08.844033    14 daemon.cc:590] network thread 0 started on core 0
I0126 16:56:08.844068    15 daemon.cc:590] network thread 1 started on core 1
I0126 16:56:08.844126    17 daemon.cc:590] network thread 3 started on core 3
I0126 16:56:08.844128    16 daemon.cc:590] network thread 2 started on core 2
I0126 16:56:08.844291     1 daemon.cc:482] moving to configuration version=10; pausing all activity while we reconfigure
I0126 16:56:08.844367     1 daemon.cc:492] reconfiguration complete; resuming normal operation
I0126 16:56:08.845558     1 daemon.cc:482] moving to configuration version=11; pausing all activity while we reconfigure
I0126 16:56:08.845645     1 daemon.cc:492] reconfiguration complete; resuming normal operation
I0126 16:56:09.663400     1 daemon.cc:482] moving to configuration version=12; pausing all activity while we reconfigure
I0126 16:56:09.663511     1 daemon.cc:492] reconfiguration complete; resuming normal operation
I0126 16:56:09.692414     1 daemon.cc:482] moving to configuration version=13; pausing all activity while we reconfigure
I0126 16:56:09.692512     1 daemon.cc:492] reconfiguration complete; resuming normal operation
I0126 17:47:07.005910     1 daemon.cc:482] moving to configuration version=14; pausing all activity while we reconfigure
I0126 17:47:07.006260     1 daemon.cc:492] reconfiguration complete; resuming normal operation
I0127 11:50:50.937335     1 daemon.cc:482] moving to configuration version=15; pausing all activity while we reconfigure
I0127 11:50:50.937525     1 daemon.cc:492] reconfiguration complete; resuming normal operation
I0127 12:51:33.302884     1 daemon.cc:482] moving to configuration version=16; pausing all activity while we reconfigure
I0127 12:51:33.303074     1 daemon.cc:492] reconfiguration complete; resuming normal operation
I0127 12:51:41.888324     1 daemon.cc:482] moving to configuration version=17; pausing all activity while we reconfigure
I0127 12:51:41.888581     1 daemon.cc:492] reconfiguration complete; resuming normal operation
I0127 13:28:37.400344     1 daemon.cc:482] moving to configuration version=18; pausing all activity while we reconfigure
I0127 13:28:37.400521     1 daemon.cc:492] reconfiguration complete; resuming normal operation
I0127 13:29:23.734778     1 daemon.cc:482] moving to configuration version=19; pausing all activity while we reconfigure
I0127 13:29:23.734944     1 daemon.cc:492] reconfiguration complete; resuming normal operation
I0127 13:45:34.769402     1 daemon.cc:482] moving to configuration version=20; pausing all activity while we reconfigure
I0127 13:45:34.769626     1 daemon.cc:492] reconfiguration complete; resuming normal operation
I0127 13:45:47.399583     1 daemon.cc:482] moving to configuration version=21; pausing all activity while we reconfigure
I0127 13:45:47.399850     1 daemon.cc:492] reconfiguration complete; resuming normal operation
I0127 13:48:49.673069     1 daemon.cc:482] moving to configuration version=22; pausing all activity while we reconfigure
I0127 13:48:49.673286     1 daemon.cc:492] reconfiguration complete; resuming normal operation
I0127 13:59:55.042170     1 daemon.cc:482] moving to configuration version=23; pausing all activity while we reconfigure
I0127 13:59:55.042484     1 daemon.cc:492] reconfiguration complete; resuming normal operation
I0127 15:16:28.700556     1 daemon.cc:482] moving to configuration version=24; pausing all activity while we reconfigure
I0127 15:16:28.700809     1 daemon.cc:492] reconfiguration complete; resuming normal operation
I0127 15:16:28.764945    16 daemon.cc:1279] Backup succeeded and is available in the directory "backup-2015-01-27T15:16:36" within the data directory.  Copy the complete directory to elsewhere so your backup is safe.
I0127 15:16:29.280939     1 daemon.cc:482] moving to configuration version=25; pausing all activity while we reconfigure
I0127 15:16:29.281165     1 daemon.cc:492] reconfiguration complete; resuming normal operation
I0127 15:17:52.788755     1 daemon.cc:482] moving to configuration version=26; pausing all activity while we reconfigure
I0127 15:17:52.788959     1 daemon.cc:492] reconfiguration complete; resuming normal operation
I0127 15:17:52.809451    15 daemon.cc:1279] Backup succeeded and is available in the directory "backup-2015-01-27T15:18:00" within the data directory.  Copy the complete directory to elsewhere so your backup is safe.
I0127 15:17:52.885704     1 daemon.cc:482] moving to configuration version=27; pausing all activity while we reconfigure
I0127 15:17:52.886003     1 daemon.cc:492] reconfiguration complete; resuming normal operation
I0127 15:18:11.613872     1 daemon.cc:482] moving to configuration version=28; pausing all activity while we reconfigure
I0127 15:18:11.614166     1 daemon.cc:492] reconfiguration complete; resuming normal operation
I0127 15:18:11.634086    16 daemon.cc:1279] Backup succeeded and is available in the directory "backup-2015-01-27T15:18:19" within the data directory.  Copy the complete directory to elsewhere so your backup is safe.
I0127 15:18:11.709889     1 daemon.cc:482] moving to configuration version=29; pausing all activity while we reconfigure
I0127 15:18:11.710084     1 daemon.cc:492] reconfiguration complete; resuming normal operation
I0127 17:19:41.730587     1 daemon.cc:482] moving to configuration version=30; pausing all activity while we reconfigure
I0127 17:19:41.730782     1 daemon.cc:492] reconfiguration complete; resuming normal operation
I0127 17:19:41.752442    16 daemon.cc:1279] Backup succeeded and is available in the directory "backup-my-backup" within the data directory.  Copy the complete directory to elsewhere so your backup is safe.
I0127 17:19:41.831738     1 daemon.cc:482] moving to configuration version=31; pausing all activity while we reconfigure
I0127 17:19:41.832006     1 daemon.cc:492] reconfiguration complete; resuming normal operation
E0127 17:19:41.832006     1 daemon.cc:71] RAW: interrupted: initiating shutdown; we'll try for up to 10 seconds (interrupt again to exit immediately)
I0127 17:29:48.160298     1 daemon.cc:482] moving to configuration version=32; pausing all activity while we reconfigure
I0127 17:29:48.160614     1 daemon.cc:492] reconfiguration complete; resuming normal operation
I0127 17:29:48.203387    16 daemon.cc:726] network thread shutting down
I0127 17:29:48.203413    17 daemon.cc:726] network thread shutting down
I0127 17:29:48.203439    15 daemon.cc:726] network thread shutting down
I0127 17:29:48.203738    14 daemon.cc:726] network thread shutting down
I0127 17:29:48.205164    13 background_thread.cc:188] state transfer thread stopped
I0127 17:29:48.205281    12 background_thread.cc:188] replication thread stopped
I0127 17:29:48.205458     9 background_thread.cc:188] checkpointer thread stopped
I0127 17:29:48.207348    10 background_thread.cc:188] indexing thread stopped
I0127 17:29:48.207473    11 background_thread.cc:188] wiping thread stopped
I0127 17:29:48.207597     1 daemon.cc:532] hyperdex-daemon will now terminate
I0127 17:31:55.371423     1 daemon.cc:284] running in the foreground
I0127 17:31:55.371526     1 daemon.cc:285] no log will be generated; instead, the log messages will print to the terminal
I0127 17:31:55.371536     1 daemon.cc:286] provide "--daemon" on the command-line if you want to run in the background
I0127 17:31:55.371542     1 daemon.cc:293] initializing local storage
I0127 17:31:55.409988     9 background_thread.cc:153] checkpointer thread started
I0127 17:31:55.410146    11 background_thread.cc:153] wiping thread started
I0127 17:31:55.410151    10 background_thread.cc:153] indexing thread started
I0127 17:31:55.443223     1 daemon.cc:373] starting checkpoint process with checkpoint=2927 checkpoint_stable=2927 checkpoint_gc=2922
W0127 17:31:55.443392     1 daemon.cc:1612] cannot determine device name for reporting io.* stats
W0127 17:31:55.443399     1 daemon.cc:1613] iostat-like statistics will not be reported
I0127 17:31:55.462937    12 background_thread.cc:153] replication thread started
I0127 17:31:55.462961    13 background_thread.cc:153] state transfer thread started
I0127 17:31:55.462991    14 daemon.cc:590] network thread 0 started on core 0
I0127 17:31:55.463045    15 daemon.cc:590] network thread 1 started on core 1
I0127 17:31:55.463047    16 daemon.cc:590] network thread 2 started on core 2
I0127 17:31:55.463297     1 daemon.cc:482] moving to configuration version=32; pausing all activity while we reconfigure
I0127 17:31:55.463387    17 daemon.cc:590] network thread 3 started on core 3
I0127 17:31:55.463485     1 daemon.cc:492] reconfiguration complete; resuming normal operation
I0127 17:31:55.465404     1 daemon.cc:482] moving to configuration version=33; pausing all activity while we reconfigure
I0127 17:31:55.470530     1 state_transfer_manager.cc:153] initiating incoming transfer(id=transfer(457), region=region(397), src=server(5650592981559313255), vsrc=virtual_server(433), dst=server(3597616119902050258), vdst=virtual_server(458))
I0127 17:31:55.470547     1 state_transfer_manager.cc:153] initiating incoming transfer(id=transfer(459), region=region(398), src=server(5650592981559313255), vsrc=virtual_server(435), dst=server(3597616119902050258), vdst=virtual_server(460))
I0127 17:31:55.470556     1 state_transfer_manager.cc:153] initiating incoming transfer(id=transfer(461), region=region(399), src=server(5650592981559313255), vsrc=virtual_server(437), dst=server(3597616119902050258), vdst=virtual_server(462))
I0127 17:31:55.470564     1 state_transfer_manager.cc:153] initiating incoming transfer(id=transfer(463), region=region(400), src=server(5650592981559313255), vsrc=virtual_server(439), dst=server(3597616119902050258), vdst=virtual_server(464))
I0127 17:31:55.470572     1 state_transfer_manager.cc:153] initiating incoming transfer(id=transfer(465), region=region(401), src=server(5650592981559313255), vsrc=virtual_server(441), dst=server(3597616119902050258), vdst=virtual_server(466))
I0127 17:31:55.470581     1 state_transfer_manager.cc:153] initiating incoming transfer(id=transfer(467), region=region(402), src=server(5650592981559313255), vsrc=virtual_server(443), dst=server(3597616119902050258), vdst=virtual_server(468))
I0127 17:31:55.470587     1 state_transfer_manager.cc:153] initiating incoming transfer(id=transfer(469), region=region(403), src=server(17701203951474089523), vsrc=virtual_server(446), dst=server(3597616119902050258), vdst=virtual_server(470))
I0127 17:31:55.470595     1 state_transfer_manager.cc:153] initiating incoming transfer(id=transfer(471), region=region(404), src=server(17701203951474089523), vsrc=virtual_server(448), dst=server(3597616119902050258), vdst=virtual_server(472))
I0127 17:31:55.470603     1 state_transfer_manager.cc:153] initiating incoming transfer(id=transfer(473), region=region(405), src=server(17701203951474089523), vsrc=virtual_server(450), dst=server(3597616119902050258), vdst=virtual_server(474))
I0127 17:31:55.470610     1 state_transfer_manager.cc:153] initiating incoming transfer(id=transfer(475), region=region(406), src=server(17701203951474089523), vsrc=virtual_server(452), dst=server(3597616119902050258), vdst=virtual_server(476))
I0127 17:31:55.470618     1 state_transfer_manager.cc:153] initiating incoming transfer(id=transfer(477), region=region(407), src=server(17701203951474089523), vsrc=virtual_server(454), dst=server(3597616119902050258), vdst=virtual_server(478))
I0127 17:31:55.470626     1 state_transfer_manager.cc:153] initiating incoming transfer(id=transfer(479), region=region(408), src=server(17701203951474089523), vsrc=virtual_server(456), dst=server(3597616119902050258), vdst=virtual_server(480))
I0127 17:31:55.470633     1 state_transfer_manager.cc:153] initiating incoming transfer(id=transfer(481), region=region(6), src=server(5650592981559313255), vsrc=virtual_server(37), dst=server(3597616119902050258), vdst=virtual_server(482))
I0127 17:31:55.470641     1 state_transfer_manager.cc:153] initiating incoming transfer(id=transfer(483), region=region(7), src=server(5650592981559313255), vsrc=virtual_server(40), dst=server(3597616119902050258), vdst=virtual_server(484))
I0127 17:31:55.470649     1 state_transfer_manager.cc:153] initiating incoming transfer(id=transfer(485), region=region(8), src=server(5650592981559313255), vsrc=virtual_server(43), dst=server(3597616119902050258), vdst=virtual_server(486))
I0127 17:31:55.470656     1 state_transfer_manager.cc:153] initiating incoming transfer(id=transfer(487), region=region(9), src=server(17701203951474089523), vsrc=virtual_server(47), dst=server(3597616119902050258), vdst=virtual_server(488))
I0127 17:31:55.470664     1 state_transfer_manager.cc:153] initiating incoming transfer(id=transfer(489), region=region(10), src=server(17701203951474089523), vsrc=virtual_server(50), dst=server(3597616119902050258), vdst=virtual_server(490))
I0127 17:31:55.470685     1 state_transfer_manager.cc:153] initiating incoming transfer(id=transfer(491), region=region(16), src=server(5650592981559313255), vsrc=virtual_server(64), dst=server(3597616119902050258), vdst=virtual_server(492))
I0127 17:31:55.470692     1 state_transfer_manager.cc:153] initiating incoming transfer(id=transfer(493), region=region(17), src=server(5650592981559313255), vsrc=virtual_server(67), dst=server(3597616119902050258), vdst=virtual_server(494))
I0127 17:31:55.470700     1 state_transfer_manager.cc:153] initiating incoming transfer(id=transfer(495), region=region(18), src=server(5650592981559313255), vsrc=virtual_server(70), dst=server(3597616119902050258), vdst=virtual_server(496))
I0127 17:31:55.470708     1 state_transfer_manager.cc:153] initiating incoming transfer(id=transfer(497), region=region(19), src=server(5650592981559313255), vsrc=virtual_server(73), dst=server(3597616119902050258), vdst=virtual_server(498))
I0127 17:31:55.470716     1 state_transfer_manager.cc:153] initiating incoming transfer(id=transfer(499), region=region(20), src=server(17701203951474089523), vsrc=virtual_server(77), dst=server(3597616119902050258), vdst=virtual_server(500))
I0127 17:31:55.470723     1 state_transfer_manager.cc:153] initiating incoming transfer(id=transfer(501), region=region(21), src=server(17701203951474089523), vsrc=virtual_server(80), dst=server(3597616119902050258), vdst=virtual_server(502))
I0127 17:31:55.470731     1 state_transfer_manager.cc:153] initiating incoming transfer(id=transfer(503), region=region(22), src=server(17701203951474089523), vsrc=virtual_server(83), dst=server(3597616119902050258), vdst=virtual_server(504))
I0127 17:31:55.470739     1 state_transfer_manager.cc:153] initiating incoming transfer(id=transfer(505), region=region(23), src=server(17701203951474089523), vsrc=virtual_server(86), dst=server(3597616119902050258), vdst=virtual_server(506))
I0127 17:31:55.470789     1 daemon.cc:492] reconfiguration complete; resuming normal operation
I0127 17:31:55.471334    16 state_transfer_manager.cc:234] received handshake_syn for transfer(457)
I0127 17:31:55.471403    14 state_transfer_manager.cc:234] received handshake_syn for transfer(461)
I0127 17:31:55.471530    15 state_transfer_manager.cc:234] received handshake_syn for transfer(481)
I0127 17:31:55.471806    14 state_transfer_manager.cc:234] received handshake_syn for transfer(493)
I0127 17:31:55.471740    17 state_transfer_manager.cc:234] received handshake_syn for transfer(465)
I0127 17:31:55.471814    16 state_transfer_manager.cc:234] received handshake_syn for transfer(485)
I0127 17:31:55.472188    17 state_transfer_manager.cc:234] received handshake_syn for transfer(473)
I0127 17:31:55.472432    14 state_transfer_manager.cc:234] received handshake_syn for transfer(469)
I0127 17:31:55.472559    17 state_transfer_manager.cc:234] received handshake_syn for transfer(487)
I0127 17:31:55.472576    16 state_transfer_manager.cc:234] received handshake_syn for transfer(477)
I0127 17:31:55.472604    16 state_transfer_manager.cc:295] received handshake_ack for transfer(457)
I0127 17:31:55.472626    16 state_transfer_manager.cc:295] received handshake_ack for transfer(461)
I0127 17:31:55.472656    16 state_transfer_manager.cc:295] received handshake_ack for transfer(481)
I0127 17:31:55.472674    16 state_transfer_manager.cc:295] received handshake_ack for transfer(465)
I0127 17:31:55.472707    16 state_transfer_manager.cc:295] received handshake_ack for transfer(493)
I0127 17:31:55.472728    16 state_transfer_manager.cc:295] received handshake_ack for transfer(485)
I0127 17:31:55.472767    16 state_transfer_manager.cc:295] received handshake_ack for transfer(469)
I0127 17:31:55.472808    16 state_transfer_manager.cc:295] received handshake_ack for transfer(473)
I0127 17:31:55.472841    16 state_transfer_manager.cc:295] received handshake_ack for transfer(477)
I0127 17:31:55.472873    16 state_transfer_manager.cc:295] received handshake_ack for transfer(487)
I0127 17:31:55.472944    17 state_transfer_manager.cc:234] received handshake_syn for transfer(503)
I0127 17:31:55.473151    14 state_transfer_manager.cc:234] received handshake_syn for transfer(499)
I0127 17:31:55.473459    15 state_transfer_manager.cc:234] received handshake_syn for transfer(497)
I0127 17:31:55.473994    14 state_transfer_manager.cc:295] received handshake_ack for transfer(497)
I0127 17:31:55.478087     1 daemon.cc:482] moving to configuration version=47; pausing all activity while we reconfigure
I0127 17:31:55.478174     1 state_transfer_manager.cc:146] ending incoming transfer(457)
I0127 17:31:55.478189     1 state_transfer_manager.cc:146] ending incoming transfer(461)
I0127 17:31:55.478198     1 state_transfer_manager.cc:146] ending incoming transfer(465)
I0127 17:31:55.478206     1 state_transfer_manager.cc:146] ending incoming transfer(481)
I0127 17:31:55.478214     1 state_transfer_manager.cc:146] ending incoming transfer(485)
I0127 17:31:55.478219     1 state_transfer_manager.cc:146] ending incoming transfer(493)
I0127 17:31:55.478266     1 daemon.cc:492] reconfiguration complete; resuming normal operation
I0127 17:31:55.478667    17 state_transfer_manager.cc:234] received handshake_syn for transfer(459)
I0127 17:31:55.478714    14 state_transfer_manager.cc:234] received handshake_syn for transfer(467)
I0127 17:31:55.478730    16 state_transfer_manager.cc:234] received handshake_syn for transfer(491)
I0127 17:31:55.478907    16 state_transfer_manager.cc:295] received handshake_ack for transfer(459)
I0127 17:31:55.479007    16 state_transfer_manager.cc:295] received handshake_ack for transfer(467)
I0127 17:31:55.479066    16 state_transfer_manager.cc:295] received handshake_ack for transfer(491)
I0127 17:31:55.481206     1 daemon.cc:482] moving to configuration version=51; pausing all activity while we reconfigure
I0127 17:31:55.481279     1 state_transfer_manager.cc:146] ending incoming transfer(497)
I0127 17:31:55.481329     1 daemon.cc:492] reconfiguration complete; resuming normal operation
I0127 17:31:55.483211    14 state_transfer_manager.cc:234] received handshake_syn for transfer(503)
I0127 17:31:55.483409    16 state_transfer_manager.cc:295] received handshake_ack for transfer(503)
I0127 17:31:55.486552     1 daemon.cc:482] moving to configuration version=59; pausing all activity while we reconfigure
I0127 17:31:55.489606    15 state_transfer_manager.cc:234] received handshake_syn for transfer(499)
I0127 17:31:55.489681     1 state_transfer_manager.cc:146] ending incoming transfer(459)
I0127 17:31:55.489698     1 state_transfer_manager.cc:146] ending incoming transfer(467)
I0127 17:31:55.489706     1 state_transfer_manager.cc:146] ending incoming transfer(469)
I0127 17:31:55.489713     1 state_transfer_manager.cc:146] ending incoming transfer(491)
I0127 17:31:55.489752     1 daemon.cc:492] reconfiguration complete; resuming normal operation
I0127 17:31:55.490015    16 state_transfer_manager.cc:234] received handshake_syn for transfer(479)
I0127 17:31:55.490164    14 state_transfer_manager.cc:234] received handshake_syn for transfer(475)
I0127 17:31:55.490191    15 state_transfer_manager.cc:234] received handshake_syn for transfer(489)
I0127 17:31:55.490578    15 state_transfer_manager.cc:234] received handshake_syn for transfer(463)
I0127 17:31:55.490612    16 state_transfer_manager.cc:234] received handshake_syn for transfer(501)
I0127 17:31:55.490650    16 state_transfer_manager.cc:295] received handshake_ack for transfer(475)
I0127 17:31:55.490674    16 state_transfer_manager.cc:295] received handshake_ack for transfer(479)
I0127 17:31:55.490715    16 state_transfer_manager.cc:295] received handshake_ack for transfer(489)
I0127 17:31:55.490586    17 state_transfer_manager.cc:234] received handshake_syn for transfer(471)
I0127 17:31:55.490599    14 state_transfer_manager.cc:234] received handshake_syn for transfer(505)
I0127 17:31:55.490865    14 state_transfer_manager.cc:295] received handshake_ack for transfer(463)
I0127 17:31:55.491041    17 state_transfer_manager.cc:295] received handshake_ack for transfer(501)
I0127 17:31:55.491384    14 state_transfer_manager.cc:295] received handshake_ack for transfer(505)
I0127 17:31:55.491423    14 state_transfer_manager.cc:295] received handshake_ack for transfer(471)
I0127 17:31:55.491853    15 state_transfer_manager.cc:234] received handshake_syn for transfer(495)
I0127 17:31:55.492084    15 state_transfer_manager.cc:295] received handshake_ack for transfer(495)
I0127 17:31:55.492947     1 daemon.cc:482] moving to configuration version=64; pausing all activity while we reconfigure
I0127 17:31:55.493510     1 daemon.cc:492] reconfiguration complete; resuming normal operation
I0127 17:31:55.494740     1 daemon.cc:482] moving to configuration version=67; pausing all activity while we reconfigure
I0127 17:31:55.494860     1 daemon.cc:492] reconfiguration complete; resuming normal operation
I0127 17:31:55.498404     1 daemon.cc:482] moving to configuration version=68; pausing all activity while we reconfigure
I0127 17:31:55.498497     1 state_transfer_manager.cc:146] ending incoming transfer(463)
I0127 17:31:55.498541     1 daemon.cc:492] reconfiguration complete; resuming normal operation
I0127 17:31:55.499408    15 state_transfer_manager.cc:234] received handshake_syn for transfer(483)
I0127 17:31:55.500017    15 state_transfer_manager.cc:295] received handshake_ack for transfer(483)
I0127 17:31:55.501003     1 daemon.cc:482] moving to configuration version=69; pausing all activity while we reconfigure
I0127 17:31:55.501152     1 state_transfer_manager.cc:146] ending incoming transfer(495)
I0127 17:31:55.501212     1 daemon.cc:492] reconfiguration complete; resuming normal operation
I0127 17:31:55.502121     1 daemon.cc:482] moving to configuration version=70; pausing all activity while we reconfigure
I0127 17:31:55.502223     1 daemon.cc:492] reconfiguration complete; resuming normal operation
I0127 17:31:55.504498     1 daemon.cc:482] moving to configuration version=71; pausing all activity while we reconfigure
I0127 17:31:55.504580     1 state_transfer_manager.cc:146] ending incoming transfer(483)
I0127 17:31:55.504616     1 daemon.cc:492] reconfiguration complete; resuming normal operation
I0127 17:31:55.598062     1 daemon.cc:482] moving to configuration version=77; pausing all activity while we reconfigure
I0127 17:31:55.598197     1 state_transfer_manager.cc:146] ending incoming transfer(471)
I0127 17:31:55.598213     1 state_transfer_manager.cc:146] ending incoming transfer(475)
I0127 17:31:55.598220     1 state_transfer_manager.cc:146] ending incoming transfer(479)
I0127 17:31:55.598228     1 state_transfer_manager.cc:146] ending incoming transfer(489)
I0127 17:31:55.598235     1 state_transfer_manager.cc:146] ending incoming transfer(501)
I0127 17:31:55.598242     1 state_transfer_manager.cc:161] ending incoming transfer(505)
I0127 17:31:55.598280     1 daemon.cc:492] reconfiguration complete; resuming normal operation
I0127 17:31:55.601706     1 daemon.cc:482] moving to configuration version=79; pausing all activity while we reconfigure
I0127 17:31:55.601779     1 state_transfer_manager.cc:146] ending incoming transfer(473)
I0127 17:31:55.601793     1 state_transfer_manager.cc:146] ending incoming transfer(487)
I0127 17:31:55.601833     1 daemon.cc:492] reconfiguration complete; resuming normal operation
I0127 17:31:55.604995     1 daemon.cc:482] moving to configuration version=81; pausing all activity while we reconfigure
I0127 17:31:55.605073     1 state_transfer_manager.cc:146] ending incoming transfer(477)
I0127 17:31:55.605087     1 state_transfer_manager.cc:161] ending incoming transfer(503)
I0127 17:31:55.605130     1 daemon.cc:492] reconfiguration complete; resuming normal operation
I0127 17:31:55.605636    17 state_transfer_manager.cc:234] received handshake_syn for transfer(499)
I0127 17:31:55.605820    16 state_transfer_manager.cc:295] received handshake_ack for transfer(499)
I0127 17:31:55.608676     1 daemon.cc:482] moving to configuration version=82; pausing all activity while we reconfigure
I0127 17:31:55.608820     1 daemon.cc:492] reconfiguration complete; resuming normal operation
I0127 17:31:55.611313     1 daemon.cc:482] moving to configuration version=83; pausing all activity while we reconfigure
I0127 17:31:55.611400     1 state_transfer_manager.cc:161] ending incoming transfer(499)
I0127 17:31:55.611436     1 daemon.cc:492] reconfiguration complete; resuming normal operation
I0127 17:31:56.125763     1 daemon.cc:482] moving to configuration version=84; pausing all activity while we reconfigure
I0127 17:31:56.125866     1 state_transfer_manager.cc:153] initiating outgoing transfer(id=transfer(507), region=region(9), src=server(3597616119902050258), vsrc=virtual_server(488), dst=server(17701203951474089523), vdst=virtual_server(508))
I0127 17:31:56.125882     1 state_transfer_manager.cc:153] initiating outgoing transfer(id=transfer(509), region=region(10), src=server(3597616119902050258), vsrc=virtual_server(490), dst=server(17701203951474089523), vdst=virtual_server(510))
I0127 17:31:56.125891     1 state_transfer_manager.cc:153] initiating outgoing transfer(id=transfer(511), region=region(20), src=server(3597616119902050258), vsrc=virtual_server(500), dst=server(17701203951474089523), vdst=virtual_server(512))
I0127 17:31:56.125901     1 state_transfer_manager.cc:153] initiating outgoing transfer(id=transfer(513), region=region(21), src=server(3597616119902050258), vsrc=virtual_server(502), dst=server(17701203951474089523), vdst=virtual_server(514))
I0127 17:31:56.125910     1 state_transfer_manager.cc:153] initiating outgoing transfer(id=transfer(515), region=region(22), src=server(3597616119902050258), vsrc=virtual_server(504), dst=server(17701203951474089523), vdst=virtual_server(516))
I0127 17:31:56.125919     1 state_transfer_manager.cc:153] initiating outgoing transfer(id=transfer(517), region=region(23), src=server(3597616119902050258), vsrc=virtual_server(506), dst=server(17701203951474089523), vdst=virtual_server(518))
I0127 17:31:56.125929     1 state_transfer_manager.cc:153] initiating outgoing transfer(id=transfer(519), region=region(403), src=server(3597616119902050258), vsrc=virtual_server(470), dst=server(17701203951474089523), vdst=virtual_server(520))
I0127 17:31:56.125937     1 state_transfer_manager.cc:153] initiating outgoing transfer(id=transfer(521), region=region(404), src=server(3597616119902050258), vsrc=virtual_server(472), dst=server(17701203951474089523), vdst=virtual_server(522))
I0127 17:31:56.125946     1 state_transfer_manager.cc:153] initiating outgoing transfer(id=transfer(523), region=region(405), src=server(3597616119902050258), vsrc=virtual_server(474), dst=server(17701203951474089523), vdst=virtual_server(524))
I0127 17:31:56.125954     1 state_transfer_manager.cc:153] initiating outgoing transfer(id=transfer(525), region=region(406), src=server(3597616119902050258), vsrc=virtual_server(476), dst=server(17701203951474089523), vdst=virtual_server(526))
I0127 17:31:56.125963     1 state_transfer_manager.cc:153] initiating outgoing transfer(id=transfer(527), region=region(407), src=server(3597616119902050258), vsrc=virtual_server(478), dst=server(17701203951474089523), vdst=virtual_server(528))
I0127 17:31:56.125972     1 state_transfer_manager.cc:153] initiating outgoing transfer(id=transfer(529), region=region(408), src=server(3597616119902050258), vsrc=virtual_server(480), dst=server(17701203951474089523), vdst=virtual_server(530))
I0127 17:31:56.126005     1 daemon.cc:492] reconfiguration complete; resuming normal operation
I0127 17:31:56.126771    14 state_transfer_manager.cc:267] received handshake_synack for transfer(515) @ 2928
I0127 17:31:56.126979    17 state_transfer_manager.cc:267] received handshake_synack for transfer(511) @ 2928
I0127 17:31:56.127002    16 state_transfer_manager.cc:267] received handshake_synack for transfer(519) @ 2928
I0127 17:31:56.127413    14 state_transfer_manager.cc:267] received handshake_synack for transfer(527) @ 2928
I0127 17:31:56.127193    15 state_transfer_manager.cc:267] received handshake_synack for transfer(507) @ 2928
I0127 17:31:56.127485    17 state_transfer_manager.cc:267] received handshake_synack for transfer(523) @ 2928
I0127 17:31:56.127558    17 coordinator_link_wrapper.cc:501] requesting that transfer(511) go live
I0127 17:31:56.127574    17 state_transfer_manager.cc:324] received handshake_wiped for transfer(511)
I0127 17:31:56.127621    15 coordinator_link_wrapper.cc:501] requesting that transfer(519) go live
I0127 17:31:56.127632    15 state_transfer_manager.cc:324] received handshake_wiped for transfer(519)
I0127 17:31:56.127650    17 coordinator_link_wrapper.cc:501] requesting that transfer(511) go live
I0127 17:31:56.127657    15 coordinator_link_wrapper.cc:501] requesting that transfer(519) go live
I0127 17:31:56.127663    17 state_transfer_manager.cc:324] received handshake_wiped for transfer(511)
I0127 17:31:56.127671    15 state_transfer_manager.cc:324] received handshake_wiped for transfer(519)
I0127 17:31:56.127760    17 coordinator_link_wrapper.cc:501] requesting that transfer(507) go live
I0127 17:31:56.127771    17 state_transfer_manager.cc:324] received handshake_wiped for transfer(507)
I0127 17:31:56.127775    16 coordinator_link_wrapper.cc:501] requesting that transfer(515) go live
I0127 17:31:56.127787    16 state_transfer_manager.cc:324] received handshake_wiped for transfer(515)
I0127 17:31:56.127832    14 coordinator_link_wrapper.cc:501] requesting that transfer(515) go live
I0127 17:31:56.127846    14 state_transfer_manager.cc:324] received handshake_wiped for transfer(515)
I0127 17:31:56.128216    14 coordinator_link_wrapper.cc:501] requesting that transfer(523) go live
I0127 17:31:56.128229    14 state_transfer_manager.cc:324] received handshake_wiped for transfer(523)
I0127 17:31:56.128279    14 coordinator_link_wrapper.cc:501] requesting that transfer(523) go live
I0127 17:31:56.128293    14 state_transfer_manager.cc:324] received handshake_wiped for transfer(523)
I0127 17:31:56.128396    15 coordinator_link_wrapper.cc:501] requesting that transfer(507) go live
I0127 17:31:56.128411    15 state_transfer_manager.cc:324] received handshake_wiped for transfer(507)
I0127 17:31:56.128481    17 coordinator_link_wrapper.cc:501] requesting that transfer(527) go live
I0127 17:31:56.128499    17 state_transfer_manager.cc:324] received handshake_wiped for transfer(527)
I0127 17:31:56.129922     1 daemon.cc:482] moving to configuration version=89; pausing all activity while we reconfigure
I0127 17:31:56.129940    16 coordinator_link_wrapper.cc:501] requesting that transfer(527) go live
I0127 17:31:56.129953    16 state_transfer_manager.cc:324] received handshake_wiped for transfer(527)
I0127 17:31:56.130039     1 daemon.cc:492] reconfiguration complete; resuming normal operation
I0127 17:31:56.130113    13 coordinator_link_wrapper.cc:514] requesting that transfer(507) complete
I0127 17:31:56.130164    13 coordinator_link_wrapper.cc:514] requesting that transfer(511) complete
I0127 17:31:56.130251    13 coordinator_link_wrapper.cc:514] requesting that transfer(515) complete
I0127 17:31:56.130278    13 coordinator_link_wrapper.cc:514] requesting that transfer(519) complete
I0127 17:31:56.130300    13 coordinator_link_wrapper.cc:514] requesting that transfer(523) complete
I0127 17:31:56.130357    13 coordinator_link_wrapper.cc:501] requesting that transfer(527) go live
I0127 17:31:56.132392     1 daemon.cc:482] moving to configuration version=95; pausing all activity while we reconfigure
I0127 17:31:56.132462     1 state_transfer_manager.cc:146] ending outgoing transfer(507)
I0127 17:31:56.132473     1 state_transfer_manager.cc:146] ending outgoing transfer(511)
I0127 17:31:56.132480     1 state_transfer_manager.cc:146] ending outgoing transfer(515)
I0127 17:31:56.132488     1 state_transfer_manager.cc:146] ending outgoing transfer(519)
I0127 17:31:56.132496     1 state_transfer_manager.cc:146] ending outgoing transfer(523)
I0127 17:31:56.132532     1 daemon.cc:492] reconfiguration complete; resuming normal operation
I0127 17:31:56.133975    17 state_transfer_manager.cc:267] received handshake_synack for transfer(525) @ 2928
I0127 17:31:56.134203    15 state_transfer_manager.cc:267] received handshake_synack for transfer(517) @ 2928
I0127 17:31:56.134246    17 state_transfer_manager.cc:267] received handshake_synack for transfer(509) @ 2928
I0127 17:31:56.134418    15 coordinator_link_wrapper.cc:501] requesting that transfer(525) go live
I0127 17:31:56.134464    15 state_transfer_manager.cc:324] received handshake_wiped for transfer(525)
I0127 17:31:56.134534    17 coordinator_link_wrapper.cc:501] requesting that transfer(525) go live
I0127 17:31:56.134563    17 state_transfer_manager.cc:324] received handshake_wiped for transfer(525)
I0127 17:31:56.134590    16 state_transfer_manager.cc:267] received handshake_synack for transfer(529) @ 2928
I0127 17:31:56.134650    15 coordinator_link_wrapper.cc:501] requesting that transfer(517) go live
I0127 17:31:56.134661    16 coordinator_link_wrapper.cc:501] requesting that transfer(509) go live
I0127 17:31:56.134663    15 state_transfer_manager.cc:324] received handshake_wiped for transfer(517)
I0127 17:31:56.134675    16 state_transfer_manager.cc:324] received handshake_wiped for transfer(509)
I0127 17:31:56.134729    15 coordinator_link_wrapper.cc:501] requesting that transfer(509) go live
I0127 17:31:56.134743    15 state_transfer_manager.cc:324] received handshake_wiped for transfer(509)
I0127 17:31:56.134794    17 coordinator_link_wrapper.cc:501] requesting that transfer(517) go live
I0127 17:31:56.134826    17 state_transfer_manager.cc:324] received handshake_wiped for transfer(517)
I0127 17:31:56.135606    16 coordinator_link_wrapper.cc:501] requesting that transfer(529) go live
I0127 17:31:56.135619    16 state_transfer_manager.cc:324] received handshake_wiped for transfer(529)
I0127 17:31:56.136554    15 coordinator_link_wrapper.cc:501] requesting that transfer(529) go live
I0127 17:31:56.136585    15 state_transfer_manager.cc:324] received handshake_wiped for transfer(529)
I0127 17:31:56.136884     1 daemon.cc:482] moving to configuration version=98; pausing all activity while we reconfigure
I0127 17:31:56.136982     1 daemon.cc:492] reconfiguration complete; resuming normal operation
I0127 17:31:56.137053    13 coordinator_link_wrapper.cc:514] requesting that transfer(509) complete
I0127 17:31:56.137181    13 coordinator_link_wrapper.cc:514] requesting that transfer(517) complete
I0127 17:31:56.138623     1 daemon.cc:482] moving to configuration version=100; pausing all activity while we reconfigure
I0127 17:31:56.138672    13 coordinator_link_wrapper.cc:514] requesting that transfer(525) complete
I0127 17:31:56.138725    13 coordinator_link_wrapper.cc:501] requesting that transfer(529) go live
I0127 17:31:56.138798     1 state_transfer_manager.cc:146] ending outgoing transfer(509)
I0127 17:31:56.138855     1 daemon.cc:492] reconfiguration complete; resuming normal operation
I0127 17:31:56.138972    13 coordinator_link_wrapper.cc:514] requesting that transfer(527) complete
I0127 17:31:56.140375     1 daemon.cc:482] moving to configuration version=103; pausing all activity while we reconfigure
I0127 17:31:56.140481     1 state_transfer_manager.cc:146] ending outgoing transfer(517)
I0127 17:31:56.140494     1 state_transfer_manager.cc:146] ending outgoing transfer(525)
I0127 17:31:56.140506     1 state_transfer_manager.cc:146] ending outgoing transfer(527)
I0127 17:31:56.140544     1 daemon.cc:492] reconfiguration complete; resuming normal operation
I0127 17:31:56.142161    13 coordinator_link_wrapper.cc:514] requesting that transfer(529) complete
I0127 17:31:56.142246    15 state_transfer_manager.cc:267] received handshake_synack for transfer(513) @ 2928
I0127 17:31:56.142649    15 coordinator_link_wrapper.cc:501] requesting that transfer(513) go live
I0127 17:31:56.142877    15 state_transfer_manager.cc:324] received handshake_wiped for transfer(513)
I0127 17:31:56.142930    17 coordinator_link_wrapper.cc:501] requesting that transfer(513) go live
I0127 17:31:56.142943    17 state_transfer_manager.cc:324] received handshake_wiped for transfer(513)
I0127 17:31:56.144201     1 daemon.cc:482] moving to configuration version=105; pausing all activity while we reconfigure
I0127 17:31:56.144359     1 state_transfer_manager.cc:161] ending outgoing transfer(529)
I0127 17:31:56.144420     1 daemon.cc:492] reconfiguration complete; resuming normal operation
I0127 17:31:56.144557    13 coordinator_link_wrapper.cc:514] requesting that transfer(513) complete
I0127 17:31:56.147019     1 daemon.cc:482] moving to configuration version=106; pausing all activity while we reconfigure
I0127 17:31:56.147094     1 state_transfer_manager.cc:146] ending outgoing transfer(513)
I0127 17:31:56.147132     1 daemon.cc:492] reconfiguration complete; resuming normal operation
I0127 17:31:56.147693    14 state_transfer_manager.cc:267] received handshake_synack for transfer(521) @ 2928
I0127 17:31:56.148249    14 coordinator_link_wrapper.cc:501] requesting that transfer(521) go live
I0127 17:31:56.148279    14 state_transfer_manager.cc:324] received handshake_wiped for transfer(521)
I0127 17:31:56.148854    17 coordinator_link_wrapper.cc:501] requesting that transfer(521) go live
I0127 17:31:56.148866    17 state_transfer_manager.cc:324] received handshake_wiped for transfer(521)
I0127 17:31:56.149845     1 daemon.cc:482] moving to configuration version=107; pausing all activity while we reconfigure
I0127 17:31:56.149946     1 daemon.cc:492] reconfiguration complete; resuming normal operation
I0127 17:31:56.150014    13 coordinator_link_wrapper.cc:514] requesting that transfer(521) complete
I0127 17:31:56.152421     1 daemon.cc:482] moving to configuration version=108; pausing all activity while we reconfigure
I0127 17:31:56.152487     1 state_transfer_manager.cc:161] ending outgoing transfer(521)
I0127 17:31:56.152528     1 daemon.cc:492] reconfiguration complete; resuming normal operation
E0127 17:31:56.152528     1 daemon.cc:71] RAW: interrupted: initiating shutdown; we'll try for up to 10 seconds (interrupt again to exit immediately)
I0127 17:32:36.225836     1 daemon.cc:482] moving to configuration version=109; pausing all activity while we reconfigure
I0127 17:32:36.226075     1 daemon.cc:492] reconfiguration complete; resuming normal operation
I0127 17:32:36.250331    15 daemon.cc:726] network thread shutting down
I0127 17:32:36.250350    16 daemon.cc:726] network thread shutting down
I0127 17:32:36.250376    14 daemon.cc:726] network thread shutting down
I0127 17:32:36.250376    17 daemon.cc:726] network thread shutting down
I0127 17:32:36.250628    13 background_thread.cc:188] state transfer thread stopped
I0127 17:32:36.250704    12 background_thread.cc:188] replication thread stopped
I0127 17:32:36.250762     9 background_thread.cc:188] checkpointer thread stopped
I0127 17:32:36.250814    10 background_thread.cc:188] indexing thread stopped
I0127 17:32:36.250855    11 background_thread.cc:188] wiping thread stopped
I0127 17:32:36.250906     1 daemon.cc:532] hyperdex-daemon will now terminate
I0127 17:34:44.695477     1 daemon.cc:284] running in the foreground
I0127 17:34:44.695582     1 daemon.cc:285] no log will be generated; instead, the log messages will print to the terminal
I0127 17:34:44.695591     1 daemon.cc:286] provide "--daemon" on the command-line if you want to run in the background
I0127 17:34:44.695598     1 daemon.cc:293] initializing local storage
I0127 17:34:44.720247     9 background_thread.cc:153] checkpointer thread started
I0127 17:34:44.720264    10 background_thread.cc:153] indexing thread started
I0127 17:34:44.727916    11 background_thread.cc:153] wiping thread started
I0127 17:34:44.738659     1 daemon.cc:373] starting checkpoint process with checkpoint=2933 checkpoint_stable=2933 checkpoint_gc=2928
W0127 17:34:44.738831     1 daemon.cc:1612] cannot determine device name for reporting io.* stats
W0127 17:34:44.738845     1 daemon.cc:1613] iostat-like statistics will not be reported
I0127 17:34:44.758342    12 background_thread.cc:153] replication thread started
I0127 17:34:44.758460    14 daemon.cc:590] network thread 0 started on core 0
I0127 17:34:44.758492    13 background_thread.cc:153] state transfer thread started
I0127 17:34:44.758512    15 daemon.cc:590] network thread 1 started on core 1
I0127 17:34:44.758550    16 daemon.cc:590] network thread 2 started on core 2
I0127 17:34:44.758574    17 daemon.cc:590] network thread 3 started on core 3
I0127 17:34:44.758846     1 daemon.cc:482] moving to configuration version=109; pausing all activity while we reconfigure
I0127 17:34:44.759054     1 daemon.cc:492] reconfiguration complete; resuming normal operation
I0127 17:34:44.764010     1 daemon.cc:482] moving to configuration version=110; pausing all activity while we reconfigure
I0127 17:34:44.764408     1 state_transfer_manager.cc:153] initiating incoming transfer(id=transfer(531), region=region(397), src=server(5650592981559313255), vsrc=virtual_server(433), dst=server(3597616119902050258), vdst=virtual_server(532))
I0127 17:34:44.764425     1 state_transfer_manager.cc:153] initiating incoming transfer(id=transfer(533), region=region(398), src=server(5650592981559313255), vsrc=virtual_server(435), dst=server(3597616119902050258), vdst=virtual_server(534))
I0127 17:34:44.764433     1 state_transfer_manager.cc:153] initiating incoming transfer(id=transfer(535), region=region(399), src=server(5650592981559313255), vsrc=virtual_server(437), dst=server(3597616119902050258), vdst=virtual_server(536))
I0127 17:34:44.764441     1 state_transfer_manager.cc:153] initiating incoming transfer(id=transfer(537), region=region(400), src=server(5650592981559313255), vsrc=virtual_server(439), dst=server(3597616119902050258), vdst=virtual_server(538))
I0127 17:34:44.764448     1 state_transfer_manager.cc:153] initiating incoming transfer(id=transfer(539), region=region(401), src=server(5650592981559313255), vsrc=virtual_server(441), dst=server(3597616119902050258), vdst=virtual_server(540))
I0127 17:34:44.764456     1 state_transfer_manager.cc:153] initiating incoming transfer(id=transfer(541), region=region(402), src=server(5650592981559313255), vsrc=virtual_server(443), dst=server(3597616119902050258), vdst=virtual_server(542))
I0127 17:34:44.764467     1 state_transfer_manager.cc:153] initiating incoming transfer(id=transfer(543), region=region(403), src=server(17701203951474089523), vsrc=virtual_server(520), dst=server(3597616119902050258), vdst=virtual_server(544))
I0127 17:34:44.764475     1 state_transfer_manager.cc:153] initiating incoming transfer(id=transfer(545), region=region(404), src=server(17701203951474089523), vsrc=virtual_server(522), dst=server(3597616119902050258), vdst=virtual_server(546))
I0127 17:34:44.764484     1 state_transfer_manager.cc:153] initiating incoming transfer(id=transfer(547), region=region(405), src=server(17701203951474089523), vsrc=virtual_server(524), dst=server(3597616119902050258), vdst=virtual_server(548))
I0127 17:34:44.764493     1 state_transfer_manager.cc:153] initiating incoming transfer(id=transfer(549), region=region(406), src=server(17701203951474089523), vsrc=virtual_server(526), dst=server(3597616119902050258), vdst=virtual_server(550))
I0127 17:34:44.764503     1 state_transfer_manager.cc:153] initiating incoming transfer(id=transfer(551), region=region(407), src=server(17701203951474089523), vsrc=virtual_server(528), dst=server(3597616119902050258), vdst=virtual_server(552))
I0127 17:34:44.764510     1 state_transfer_manager.cc:153] initiating incoming transfer(id=transfer(553), region=region(408), src=server(17701203951474089523), vsrc=virtual_server(530), dst=server(3597616119902050258), vdst=virtual_server(554))
I0127 17:34:44.764518     1 state_transfer_manager.cc:153] initiating incoming transfer(id=transfer(555), region=region(6), src=server(5650592981559313255), vsrc=virtual_server(37), dst=server(3597616119902050258), vdst=virtual_server(556))
I0127 17:34:44.764526     1 state_transfer_manager.cc:153] initiating incoming transfer(id=transfer(557), region=region(7), src=server(5650592981559313255), vsrc=virtual_server(40), dst=server(3597616119902050258), vdst=virtual_server(558))
I0127 17:34:44.764535     1 state_transfer_manager.cc:153] initiating incoming transfer(id=transfer(559), region=region(8), src=server(5650592981559313255), vsrc=virtual_server(43), dst=server(3597616119902050258), vdst=virtual_server(560))
I0127 17:34:44.764544     1 state_transfer_manager.cc:153] initiating incoming transfer(id=transfer(561), region=region(9), src=server(17701203951474089523), vsrc=virtual_server(508), dst=server(3597616119902050258), vdst=virtual_server(562))
I0127 17:34:44.764551     1 state_transfer_manager.cc:153] initiating incoming transfer(id=transfer(563), region=region(10), src=server(17701203951474089523), vsrc=virtual_server(510), dst=server(3597616119902050258), vdst=virtual_server(564))
I0127 17:34:44.764559     1 state_transfer_manager.cc:153] initiating incoming transfer(id=transfer(565), region=region(16), src=server(5650592981559313255), vsrc=virtual_server(64), dst=server(3597616119902050258), vdst=virtual_server(566))
I0127 17:34:44.764569     1 state_transfer_manager.cc:153] initiating incoming transfer(id=transfer(567), region=region(17), src=server(5650592981559313255), vsrc=virtual_server(67), dst=server(3597616119902050258), vdst=virtual_server(568))
I0127 17:34:44.764577     1 state_transfer_manager.cc:153] initiating incoming transfer(id=transfer(569), region=region(18), src=server(5650592981559313255), vsrc=virtual_server(70), dst=server(3597616119902050258), vdst=virtual_server(570))
I0127 17:34:44.764586     1 state_transfer_manager.cc:153] initiating incoming transfer(id=transfer(571), region=region(19), src=server(5650592981559313255), vsrc=virtual_server(73), dst=server(3597616119902050258), vdst=virtual_server(572))
I0127 17:34:44.764595     1 state_transfer_manager.cc:153] initiating incoming transfer(id=transfer(573), region=region(20), src=server(17701203951474089523), vsrc=virtual_server(512), dst=server(3597616119902050258), vdst=virtual_server(574))
I0127 17:34:44.764605     1 state_transfer_manager.cc:153] initiating incoming transfer(id=transfer(575), region=region(21), src=server(17701203951474089523), vsrc=virtual_server(514), dst=server(3597616119902050258), vdst=virtual_server(576))
I0127 17:34:44.764613     1 state_transfer_manager.cc:153] initiating incoming transfer(id=transfer(577), region=region(22), src=server(17701203951474089523), vsrc=virtual_server(516), dst=server(3597616119902050258), vdst=virtual_server(578))
I0127 17:34:44.764622     1 state_transfer_manager.cc:153] initiating incoming transfer(id=transfer(579), region=region(23), src=server(17701203951474089523), vsrc=virtual_server(518), dst=server(3597616119902050258), vdst=virtual_server(580))
I0127 17:34:44.764673     1 daemon.cc:492] reconfiguration complete; resuming normal operation
I0127 17:34:46.150120    17 state_transfer_manager.cc:234] received handshake_syn for transfer(543)
I0127 17:34:46.150359    16 state_transfer_manager.cc:234] received handshake_syn for transfer(547)
I0127 17:34:46.150686    16 state_transfer_manager.cc:234] received handshake_syn for transfer(561)
I0127 17:34:46.150979    17 state_transfer_manager.cc:234] received handshake_syn for transfer(551)
I0127 17:34:46.151049    16 state_transfer_manager.cc:234] received handshake_syn for transfer(573)
