I0126 16:56:09.619282     1 daemon.cc:284] running in the foreground
I0126 16:56:09.619382     1 daemon.cc:285] no log will be generated; instead, the log messages will print to the terminal
I0126 16:56:09.619390     1 daemon.cc:286] provide "--daemon" on the command-line if you want to run in the background
I0126 16:56:09.619398     1 daemon.cc:293] initializing local storage
I0126 16:56:09.648876     9 background_thread.cc:153] checkpointer thread started
I0126 16:56:09.648900    11 background_thread.cc:153] wiping thread started
I0126 16:56:09.648876    10 background_thread.cc:153] indexing thread started
I0126 16:56:09.660567     1 daemon.cc:348] generated new random token:  17701203951474089523
I0126 16:56:09.671607     1 daemon.cc:373] starting checkpoint process with checkpoint=0 checkpoint_stable=0 checkpoint_gc=0
W0126 16:56:09.671778     1 daemon.cc:1612] cannot determine device name for reporting io.* stats
W0126 16:56:09.671785     1 daemon.cc:1613] iostat-like statistics will not be reported
I0126 16:56:09.690861    13 background_thread.cc:153] state transfer thread started
I0126 16:56:09.690861    12 background_thread.cc:153] replication thread started
I0126 16:56:09.690965    16 daemon.cc:590] network thread 2 started on core 2
I0126 16:56:09.690985    15 daemon.cc:590] network thread 1 started on core 1
I0126 16:56:09.691040    14 daemon.cc:590] network thread 0 started on core 0
I0126 16:56:09.691043    17 daemon.cc:590] network thread 3 started on core 3
I0126 16:56:09.691197     1 daemon.cc:482] moving to configuration version=12; pausing all activity while we reconfigure
I0126 16:56:09.691282     1 daemon.cc:492] reconfiguration complete; resuming normal operation
I0126 16:56:09.692399     1 daemon.cc:482] moving to configuration version=13; pausing all activity while we reconfigure
I0126 16:56:09.692538     1 daemon.cc:492] reconfiguration complete; resuming normal operation
I0126 17:47:07.005995     1 daemon.cc:482] moving to configuration version=14; pausing all activity while we reconfigure
I0126 17:47:07.006199     1 daemon.cc:492] reconfiguration complete; resuming normal operation
I0127 11:50:50.937415     1 daemon.cc:482] moving to configuration version=15; pausing all activity while we reconfigure
I0127 11:50:50.937659     1 daemon.cc:492] reconfiguration complete; resuming normal operation
I0127 12:51:33.303005     1 daemon.cc:482] moving to configuration version=16; pausing all activity while we reconfigure
I0127 12:51:33.303191     1 daemon.cc:492] reconfiguration complete; resuming normal operation
I0127 12:51:41.888224     1 daemon.cc:482] moving to configuration version=17; pausing all activity while we reconfigure
I0127 12:51:41.888525     1 daemon.cc:492] reconfiguration complete; resuming normal operation
I0127 13:28:37.400449     1 daemon.cc:482] moving to configuration version=18; pausing all activity while we reconfigure
I0127 13:28:37.400624     1 daemon.cc:492] reconfiguration complete; resuming normal operation
I0127 13:29:23.734957     1 daemon.cc:482] moving to configuration version=19; pausing all activity while we reconfigure
I0127 13:29:23.735167     1 daemon.cc:492] reconfiguration complete; resuming normal operation
I0127 13:45:34.769480     1 daemon.cc:482] moving to configuration version=20; pausing all activity while we reconfigure
I0127 13:45:34.769712     1 daemon.cc:492] reconfiguration complete; resuming normal operation
I0127 13:45:47.399462     1 daemon.cc:482] moving to configuration version=21; pausing all activity while we reconfigure
I0127 13:45:47.399674     1 daemon.cc:492] reconfiguration complete; resuming normal operation
I0127 13:48:49.673162     1 daemon.cc:482] moving to configuration version=22; pausing all activity while we reconfigure
I0127 13:48:49.673403     1 daemon.cc:492] reconfiguration complete; resuming normal operation
I0127 13:59:55.041887     1 daemon.cc:482] moving to configuration version=23; pausing all activity while we reconfigure
I0127 13:59:55.042104     1 daemon.cc:492] reconfiguration complete; resuming normal operation
I0127 15:16:28.700680     1 daemon.cc:482] moving to configuration version=24; pausing all activity while we reconfigure
I0127 15:16:28.700871     1 daemon.cc:492] reconfiguration complete; resuming normal operation
I0127 15:16:29.233446    17 daemon.cc:1279] Backup succeeded and is available in the directory "backup-2015-01-27T15:16:36" within the data directory.  Copy the complete directory to elsewhere so your backup is safe.
I0127 15:16:29.280958     1 daemon.cc:482] moving to configuration version=25; pausing all activity while we reconfigure
I0127 15:16:29.281216     1 daemon.cc:492] reconfiguration complete; resuming normal operation
I0127 15:17:52.788751     1 daemon.cc:482] moving to configuration version=26; pausing all activity while we reconfigure
I0127 15:17:52.789162     1 daemon.cc:492] reconfiguration complete; resuming normal operation
I0127 15:17:52.881067    16 daemon.cc:1279] Backup succeeded and is available in the directory "backup-2015-01-27T15:18:00" within the data directory.  Copy the complete directory to elsewhere so your backup is safe.
I0127 15:17:52.885885     1 daemon.cc:482] moving to configuration version=27; pausing all activity while we reconfigure
I0127 15:17:52.886028     1 daemon.cc:492] reconfiguration complete; resuming normal operation
I0127 15:18:11.613905     1 daemon.cc:482] moving to configuration version=28; pausing all activity while we reconfigure
I0127 15:18:11.614065     1 daemon.cc:492] reconfiguration complete; resuming normal operation
I0127 15:18:11.703155    15 daemon.cc:1279] Backup succeeded and is available in the directory "backup-2015-01-27T15:18:19" within the data directory.  Copy the complete directory to elsewhere so your backup is safe.
I0127 15:18:11.709869     1 daemon.cc:482] moving to configuration version=29; pausing all activity while we reconfigure
I0127 15:18:11.710028     1 daemon.cc:492] reconfiguration complete; resuming normal operation
I0127 17:19:41.730672     1 daemon.cc:482] moving to configuration version=30; pausing all activity while we reconfigure
I0127 17:19:41.730871     1 daemon.cc:492] reconfiguration complete; resuming normal operation
I0127 17:19:41.827333    16 daemon.cc:1279] Backup succeeded and is available in the directory "backup-my-backup" within the data directory.  Copy the complete directory to elsewhere so your backup is safe.
I0127 17:19:41.831786     1 daemon.cc:482] moving to configuration version=31; pausing all activity while we reconfigure
I0127 17:19:41.831967     1 daemon.cc:492] reconfiguration complete; resuming normal operation
I0127 17:29:48.160297     1 daemon.cc:482] moving to configuration version=32; pausing all activity while we reconfigure
I0127 17:29:48.160480     1 daemon.cc:492] reconfiguration complete; resuming normal operation
I0127 17:31:55.465178     1 daemon.cc:482] moving to configuration version=33; pausing all activity while we reconfigure
I0127 17:31:55.465296     1 state_transfer_manager.cc:153] initiating outgoing transfer(id=transfer(469), region=region(403), src=server(17701203951474089523), vsrc=virtual_server(446), dst=server(3597616119902050258), vdst=virtual_server(470))
I0127 17:31:55.465313     1 state_transfer_manager.cc:153] initiating outgoing transfer(id=transfer(471), region=region(404), src=server(17701203951474089523), vsrc=virtual_server(448), dst=server(3597616119902050258), vdst=virtual_server(472))
I0127 17:31:55.465322     1 state_transfer_manager.cc:153] initiating outgoing transfer(id=transfer(473), region=region(405), src=server(17701203951474089523), vsrc=virtual_server(450), dst=server(3597616119902050258), vdst=virtual_server(474))
I0127 17:31:55.465332     1 state_transfer_manager.cc:153] initiating outgoing transfer(id=transfer(475), region=region(406), src=server(17701203951474089523), vsrc=virtual_server(452), dst=server(3597616119902050258), vdst=virtual_server(476))
I0127 17:31:55.465339     1 state_transfer_manager.cc:153] initiating outgoing transfer(id=transfer(477), region=region(407), src=server(17701203951474089523), vsrc=virtual_server(454), dst=server(3597616119902050258), vdst=virtual_server(478))
I0127 17:31:55.465348     1 state_transfer_manager.cc:153] initiating outgoing transfer(id=transfer(479), region=region(408), src=server(17701203951474089523), vsrc=virtual_server(456), dst=server(3597616119902050258), vdst=virtual_server(480))
I0127 17:31:55.465355     1 state_transfer_manager.cc:153] initiating outgoing transfer(id=transfer(487), region=region(9), src=server(17701203951474089523), vsrc=virtual_server(47), dst=server(3597616119902050258), vdst=virtual_server(488))
I0127 17:31:55.465363     1 state_transfer_manager.cc:153] initiating outgoing transfer(id=transfer(489), region=region(10), src=server(17701203951474089523), vsrc=virtual_server(50), dst=server(3597616119902050258), vdst=virtual_server(490))
I0127 17:31:55.465373     1 state_transfer_manager.cc:153] initiating outgoing transfer(id=transfer(499), region=region(20), src=server(17701203951474089523), vsrc=virtual_server(77), dst=server(3597616119902050258), vdst=virtual_server(500))
I0127 17:31:55.465381     1 state_transfer_manager.cc:153] initiating outgoing transfer(id=transfer(501), region=region(21), src=server(17701203951474089523), vsrc=virtual_server(80), dst=server(3597616119902050258), vdst=virtual_server(502))
I0127 17:31:55.465389     1 state_transfer_manager.cc:153] initiating outgoing transfer(id=transfer(503), region=region(22), src=server(17701203951474089523), vsrc=virtual_server(83), dst=server(3597616119902050258), vdst=virtual_server(504))
I0127 17:31:55.465397     1 state_transfer_manager.cc:153] initiating outgoing transfer(id=transfer(505), region=region(23), src=server(17701203951474089523), vsrc=virtual_server(86), dst=server(3597616119902050258), vdst=virtual_server(506))
I0127 17:31:55.465452     1 daemon.cc:492] reconfiguration complete; resuming normal operation
I0127 17:31:55.472409    15 state_transfer_manager.cc:267] received handshake_synack for transfer(469) @ 2923
I0127 17:31:55.472427    14 state_transfer_manager.cc:267] received handshake_synack for transfer(473) @ 2923
I0127 17:31:55.472733    15 state_transfer_manager.cc:267] received handshake_synack for transfer(477) @ 2923
I0127 17:31:55.472857    15 coordinator_link_wrapper.cc:501] requesting that transfer(469) go live
I0127 17:31:55.472875    15 state_transfer_manager.cc:324] received handshake_wiped for transfer(469)
I0127 17:31:55.472913    14 state_transfer_manager.cc:267] received handshake_synack for transfer(487) @ 2923
I0127 17:31:55.474701     1 daemon.cc:482] moving to configuration version=40; pausing all activity while we reconfigure
I0127 17:31:55.482393     1 daemon.cc:492] reconfiguration complete; resuming normal operation
I0127 17:31:55.482475     1 daemon.cc:482] moving to configuration version=51; pausing all activity while we reconfigure
I0127 17:31:55.482497    13 coordinator_link_wrapper.cc:514] requesting that transfer(469) complete
I0127 17:31:55.482648     1 daemon.cc:492] reconfiguration complete; resuming normal operation
I0127 17:31:55.482688    13 coordinator_link_wrapper.cc:514] requesting that transfer(469) complete
I0127 17:31:55.482817    14 coordinator_link_wrapper.cc:501] requesting that transfer(473) go live
I0127 17:31:55.482915    14 state_transfer_manager.cc:324] received handshake_wiped for transfer(473)
I0127 17:31:55.482954    16 coordinator_link_wrapper.cc:501] requesting that transfer(477) go live
I0127 17:31:55.482977    16 state_transfer_manager.cc:324] received handshake_wiped for transfer(477)
I0127 17:31:55.482957    15 coordinator_link_wrapper.cc:501] requesting that transfer(487) go live
I0127 17:31:55.483222    15 state_transfer_manager.cc:324] received handshake_wiped for transfer(487)
I0127 17:31:55.483397    15 state_transfer_manager.cc:267] received handshake_synack for transfer(503) @ 2923
I0127 17:31:55.483902    16 coordinator_link_wrapper.cc:501] requesting that transfer(503) go live
I0127 17:31:55.483916    16 state_transfer_manager.cc:324] received handshake_wiped for transfer(503)
I0127 17:31:55.484020    14 coordinator_link_wrapper.cc:501] requesting that transfer(503) go live
I0127 17:31:55.484033    14 state_transfer_manager.cc:324] received handshake_wiped for transfer(503)
I0127 17:31:55.486009     1 daemon.cc:482] moving to configuration version=58; pausing all activity while we reconfigure
I0127 17:31:55.486153     1 state_transfer_manager.cc:146] ending outgoing transfer(469)
I0127 17:31:55.486258     1 daemon.cc:492] reconfiguration complete; resuming normal operation
I0127 17:31:55.487504     1 daemon.cc:482] moving to configuration version=59; pausing all activity while we reconfigure
I0127 17:31:55.487645     1 daemon.cc:492] reconfiguration complete; resuming normal operation
I0127 17:31:55.490321    16 state_transfer_manager.cc:267] received handshake_synack for transfer(479) @ 2923
I0127 17:31:55.490347    14 state_transfer_manager.cc:267] received handshake_synack for transfer(475) @ 2923
I0127 17:31:55.490427    15 state_transfer_manager.cc:267] received handshake_synack for transfer(489) @ 2923
I0127 17:31:55.491039    17 state_transfer_manager.cc:267] received handshake_synack for transfer(501) @ 2923
I0127 17:31:55.491299    15 state_transfer_manager.cc:267] received handshake_synack for transfer(505) @ 2923
I0127 17:31:55.491294    14 coordinator_link_wrapper.cc:501] requesting that transfer(475) go live
I0127 17:31:55.491327    14 state_transfer_manager.cc:324] received handshake_wiped for transfer(475)
I0127 17:31:55.491333    15 coordinator_link_wrapper.cc:501] requesting that transfer(479) go live
I0127 17:31:55.491327    16 state_transfer_manager.cc:267] received handshake_synack for transfer(471) @ 2923
I0127 17:31:55.491345    15 state_transfer_manager.cc:324] received handshake_wiped for transfer(479)
I0127 17:31:55.491411    14 coordinator_link_wrapper.cc:501] requesting that transfer(479) go live
I0127 17:31:55.491421    14 state_transfer_manager.cc:324] received handshake_wiped for transfer(479)
I0127 17:31:55.491456    15 coordinator_link_wrapper.cc:501] requesting that transfer(489) go live
I0127 17:31:55.491468    15 state_transfer_manager.cc:324] received handshake_wiped for transfer(489)
I0127 17:31:55.491472    16 coordinator_link_wrapper.cc:501] requesting that transfer(475) go live
I0127 17:31:55.491507    16 state_transfer_manager.cc:324] received handshake_wiped for transfer(475)
I0127 17:31:55.491523    14 coordinator_link_wrapper.cc:501] requesting that transfer(489) go live
I0127 17:31:55.491533    14 state_transfer_manager.cc:324] received handshake_wiped for transfer(489)
I0127 17:31:55.491580    15 coordinator_link_wrapper.cc:501] requesting that transfer(501) go live
I0127 17:31:55.491590    15 state_transfer_manager.cc:324] received handshake_wiped for transfer(501)
I0127 17:31:55.491682    16 coordinator_link_wrapper.cc:501] requesting that transfer(501) go live
I0127 17:31:55.491696    16 state_transfer_manager.cc:324] received handshake_wiped for transfer(501)
I0127 17:31:55.492171    16 coordinator_link_wrapper.cc:501] requesting that transfer(471) go live
I0127 17:31:55.492187    16 state_transfer_manager.cc:324] received handshake_wiped for transfer(471)
I0127 17:31:55.492249    16 coordinator_link_wrapper.cc:501] requesting that transfer(471) go live
I0127 17:31:55.492295    16 state_transfer_manager.cc:324] received handshake_wiped for transfer(471)
I0127 17:31:55.492285    14 coordinator_link_wrapper.cc:501] requesting that transfer(505) go live
I0127 17:31:55.492321    14 state_transfer_manager.cc:324] received handshake_wiped for transfer(505)
I0127 17:31:55.492352    15 coordinator_link_wrapper.cc:501] requesting that transfer(505) go live
I0127 17:31:55.492377    15 state_transfer_manager.cc:324] received handshake_wiped for transfer(505)
I0127 17:31:55.493096     1 daemon.cc:482] moving to configuration version=64; pausing all activity while we reconfigure
I0127 17:31:55.595345     1 daemon.cc:492] reconfiguration complete; resuming normal operation
I0127 17:31:55.595451    13 coordinator_link_wrapper.cc:501] requesting that transfer(471) go live
I0127 17:31:55.595499    13 coordinator_link_wrapper.cc:514] requesting that transfer(475) complete
I0127 17:31:55.595538    13 coordinator_link_wrapper.cc:514] requesting that transfer(479) complete
I0127 17:31:55.595571    13 coordinator_link_wrapper.cc:514] requesting that transfer(489) complete
I0127 17:31:55.595600    13 coordinator_link_wrapper.cc:514] requesting that transfer(501) complete
I0127 17:31:55.595662     1 daemon.cc:482] moving to configuration version=71; pausing all activity while we reconfigure
I0127 17:31:55.595705    13 coordinator_link_wrapper.cc:501] requesting that transfer(505) go live
I0127 17:31:55.595847     1 daemon.cc:492] reconfiguration complete; resuming normal operation
I0127 17:31:55.595980    13 coordinator_link_wrapper.cc:514] requesting that transfer(471) complete
I0127 17:31:55.596114    13 coordinator_link_wrapper.cc:514] requesting that transfer(475) complete
I0127 17:31:55.596158    13 coordinator_link_wrapper.cc:514] requesting that transfer(479) complete
I0127 17:31:55.596221    13 coordinator_link_wrapper.cc:514] requesting that transfer(489) complete
I0127 17:31:55.596293    13 coordinator_link_wrapper.cc:514] requesting that transfer(501) complete
I0127 17:31:55.596328    13 coordinator_link_wrapper.cc:514] requesting that transfer(505) complete
I0127 17:31:55.598275     1 daemon.cc:482] moving to configuration version=77; pausing all activity while we reconfigure
I0127 17:31:55.598381     1 state_transfer_manager.cc:146] ending outgoing transfer(471)
I0127 17:31:55.598394     1 state_transfer_manager.cc:146] ending outgoing transfer(475)
I0127 17:31:55.598402     1 state_transfer_manager.cc:146] ending outgoing transfer(479)
I0127 17:31:55.598408     1 state_transfer_manager.cc:146] ending outgoing transfer(489)
I0127 17:31:55.598415     1 state_transfer_manager.cc:146] ending outgoing transfer(501)
I0127 17:31:55.598423     1 state_transfer_manager.cc:161] ending outgoing transfer(505)
I0127 17:31:55.598465     1 daemon.cc:492] reconfiguration complete; resuming normal operation
I0127 17:31:55.600194    13 coordinator_link_wrapper.cc:514] requesting that transfer(473) complete
I0127 17:31:55.600666    13 coordinator_link_wrapper.cc:514] requesting that transfer(487) complete
I0127 17:31:55.601735     1 daemon.cc:482] moving to configuration version=79; pausing all activity while we reconfigure
I0127 17:31:55.601766    13 coordinator_link_wrapper.cc:514] requesting that transfer(503) complete
I0127 17:31:55.601861     1 state_transfer_manager.cc:146] ending outgoing transfer(473)
I0127 17:31:55.601871     1 state_transfer_manager.cc:146] ending outgoing transfer(487)
I0127 17:31:55.602057     1 daemon.cc:492] reconfiguration complete; resuming normal operation
I0127 17:31:55.602136    13 coordinator_link_wrapper.cc:514] requesting that transfer(477) complete
I0127 17:31:55.603196    13 coordinator_link_wrapper.cc:514] requesting that transfer(503) complete
I0127 17:31:55.605098     1 daemon.cc:482] moving to configuration version=81; pausing all activity while we reconfigure
I0127 17:31:55.605201     1 state_transfer_manager.cc:146] ending outgoing transfer(477)
I0127 17:31:55.605221     1 state_transfer_manager.cc:161] ending outgoing transfer(503)
I0127 17:31:55.605267     1 daemon.cc:492] reconfiguration complete; resuming normal operation
I0127 17:31:55.605816    15 state_transfer_manager.cc:267] received handshake_synack for transfer(499) @ 2923
I0127 17:31:55.607280    15 coordinator_link_wrapper.cc:501] requesting that transfer(499) go live
I0127 17:31:55.607293    15 state_transfer_manager.cc:324] received handshake_wiped for transfer(499)
I0127 17:31:55.607728    17 coordinator_link_wrapper.cc:501] requesting that transfer(499) go live
I0127 17:31:55.607740    17 state_transfer_manager.cc:324] received handshake_wiped for transfer(499)
I0127 17:31:55.608566     1 daemon.cc:482] moving to configuration version=82; pausing all activity while we reconfigure
I0127 17:31:55.608672     1 daemon.cc:492] reconfiguration complete; resuming normal operation
I0127 17:31:55.608819    13 coordinator_link_wrapper.cc:514] requesting that transfer(499) complete
I0127 17:31:55.610970     1 daemon.cc:482] moving to configuration version=83; pausing all activity while we reconfigure
I0127 17:31:55.611068     1 state_transfer_manager.cc:161] ending outgoing transfer(499)
I0127 17:31:55.611111     1 daemon.cc:492] reconfiguration complete; resuming normal operation
I0127 17:31:56.124400     1 daemon.cc:482] moving to configuration version=84; pausing all activity while we reconfigure
I0127 17:31:56.124550     1 state_transfer_manager.cc:153] initiating incoming transfer(id=transfer(507), region=region(9), src=server(3597616119902050258), vsrc=virtual_server(488), dst=server(17701203951474089523), vdst=virtual_server(508))
I0127 17:31:56.124570     1 state_transfer_manager.cc:153] initiating incoming transfer(id=transfer(509), region=region(10), src=server(3597616119902050258), vsrc=virtual_server(490), dst=server(17701203951474089523), vdst=virtual_server(510))
I0127 17:31:56.124580     1 state_transfer_manager.cc:153] initiating incoming transfer(id=transfer(511), region=region(20), src=server(3597616119902050258), vsrc=virtual_server(500), dst=server(17701203951474089523), vdst=virtual_server(512))
I0127 17:31:56.124588     1 state_transfer_manager.cc:153] initiating incoming transfer(id=transfer(513), region=region(21), src=server(3597616119902050258), vsrc=virtual_server(502), dst=server(17701203951474089523), vdst=virtual_server(514))
I0127 17:31:56.124596     1 state_transfer_manager.cc:153] initiating incoming transfer(id=transfer(515), region=region(22), src=server(3597616119902050258), vsrc=virtual_server(504), dst=server(17701203951474089523), vdst=virtual_server(516))
I0127 17:31:56.124604     1 state_transfer_manager.cc:153] initiating incoming transfer(id=transfer(517), region=region(23), src=server(3597616119902050258), vsrc=virtual_server(506), dst=server(17701203951474089523), vdst=virtual_server(518))
I0127 17:31:56.124611     1 state_transfer_manager.cc:153] initiating incoming transfer(id=transfer(519), region=region(403), src=server(3597616119902050258), vsrc=virtual_server(470), dst=server(17701203951474089523), vdst=virtual_server(520))
I0127 17:31:56.124619     1 state_transfer_manager.cc:153] initiating incoming transfer(id=transfer(521), region=region(404), src=server(3597616119902050258), vsrc=virtual_server(472), dst=server(17701203951474089523), vdst=virtual_server(522))
I0127 17:31:56.124627     1 state_transfer_manager.cc:153] initiating incoming transfer(id=transfer(523), region=region(405), src=server(3597616119902050258), vsrc=virtual_server(474), dst=server(17701203951474089523), vdst=virtual_server(524))
I0127 17:31:56.124635     1 state_transfer_manager.cc:153] initiating incoming transfer(id=transfer(525), region=region(406), src=server(3597616119902050258), vsrc=virtual_server(476), dst=server(17701203951474089523), vdst=virtual_server(526))
I0127 17:31:56.124644     1 state_transfer_manager.cc:153] initiating incoming transfer(id=transfer(527), region=region(407), src=server(3597616119902050258), vsrc=virtual_server(478), dst=server(17701203951474089523), vdst=virtual_server(528))
I0127 17:31:56.124650     1 state_transfer_manager.cc:153] initiating incoming transfer(id=transfer(529), region=region(408), src=server(3597616119902050258), vsrc=virtual_server(480), dst=server(17701203951474089523), vdst=virtual_server(530))
I0127 17:31:56.124686     1 daemon.cc:492] reconfiguration complete; resuming normal operation
I0127 17:31:56.126284    17 state_transfer_manager.cc:234] received handshake_syn for transfer(507)
I0127 17:31:56.126313    16 state_transfer_manager.cc:234] received handshake_syn for transfer(511)
I0127 17:31:56.126322    15 state_transfer_manager.cc:234] received handshake_syn for transfer(515)
I0127 17:31:56.126533    17 state_transfer_manager.cc:234] received handshake_syn for transfer(519)
I0127 17:31:56.126579    15 state_transfer_manager.cc:234] received handshake_syn for transfer(527)
I0127 17:31:56.126615    16 state_transfer_manager.cc:234] received handshake_syn for transfer(523)
I0127 17:31:56.126763    16 state_transfer_manager.cc:295] received handshake_ack for transfer(515)
I0127 17:31:56.127001    15 state_transfer_manager.cc:295] received handshake_ack for transfer(519)
I0127 17:31:56.127027    15 state_transfer_manager.cc:295] received handshake_ack for transfer(511)
I0127 17:31:56.127182    15 state_transfer_manager.cc:295] received handshake_ack for transfer(507)
I0127 17:31:56.127408    16 state_transfer_manager.cc:295] received handshake_ack for transfer(527)
I0127 17:31:56.127459    16 state_transfer_manager.cc:295] received handshake_ack for transfer(523)
I0127 17:31:56.130036     1 daemon.cc:482] moving to configuration version=90; pausing all activity while we reconfigure
I0127 17:31:56.130373     1 daemon.cc:492] reconfiguration complete; resuming normal operation
I0127 17:31:56.133271     1 daemon.cc:482] moving to configuration version=95; pausing all activity while we reconfigure
I0127 17:31:56.133360     1 state_transfer_manager.cc:146] ending incoming transfer(507)
I0127 17:31:56.133375     1 state_transfer_manager.cc:146] ending incoming transfer(511)
I0127 17:31:56.133383     1 state_transfer_manager.cc:146] ending incoming transfer(515)
I0127 17:31:56.133389     1 state_transfer_manager.cc:146] ending incoming transfer(519)
I0127 17:31:56.133396     1 state_transfer_manager.cc:146] ending incoming transfer(523)
I0127 17:31:56.133435     1 daemon.cc:492] reconfiguration complete; resuming normal operation
I0127 17:31:56.133678    15 state_transfer_manager.cc:234] received handshake_syn for transfer(517)
I0127 17:31:56.133682    16 state_transfer_manager.cc:234] received handshake_syn for transfer(509)
I0127 17:31:56.133690    14 state_transfer_manager.cc:234] received handshake_syn for transfer(525)
I0127 17:31:56.133939    17 state_transfer_manager.cc:234] received handshake_syn for transfer(529)
I0127 17:31:56.133965    14 state_transfer_manager.cc:295] received handshake_ack for transfer(525)
I0127 17:31:56.134354    14 state_transfer_manager.cc:295] received handshake_ack for transfer(517)
I0127 17:31:56.134382    14 state_transfer_manager.cc:295] received handshake_ack for transfer(509)
I0127 17:31:56.134553    17 state_transfer_manager.cc:295] received handshake_ack for transfer(529)
I0127 17:31:56.136420     1 daemon.cc:482] moving to configuration version=98; pausing all activity while we reconfigure
I0127 17:31:56.136574     1 daemon.cc:492] reconfiguration complete; resuming normal operation
I0127 17:31:56.138537     1 daemon.cc:482] moving to configuration version=101; pausing all activity while we reconfigure
I0127 17:31:56.138630     1 state_transfer_manager.cc:146] ending incoming transfer(509)
I0127 17:31:56.138644     1 state_transfer_manager.cc:146] ending incoming transfer(517)
I0127 17:31:56.138692     1 daemon.cc:492] reconfiguration complete; resuming normal operation
I0127 17:31:56.141592     1 daemon.cc:482] moving to configuration version=103; pausing all activity while we reconfigure
I0127 17:31:56.141686     1 state_transfer_manager.cc:146] ending incoming transfer(525)
I0127 17:31:56.141700     1 state_transfer_manager.cc:146] ending incoming transfer(527)
I0127 17:31:56.141762     1 daemon.cc:492] reconfiguration complete; resuming normal operation
I0127 17:31:56.142004    16 state_transfer_manager.cc:234] received handshake_syn for transfer(513)
I0127 17:31:56.142246    17 state_transfer_manager.cc:295] received handshake_ack for transfer(513)
I0127 17:31:56.144248     1 daemon.cc:482] moving to configuration version=105; pausing all activity while we reconfigure
I0127 17:31:56.144327     1 state_transfer_manager.cc:161] ending incoming transfer(529)
I0127 17:31:56.144376     1 daemon.cc:492] reconfiguration complete; resuming normal operation
I0127 17:31:56.146626     1 daemon.cc:482] moving to configuration version=106; pausing all activity while we reconfigure
I0127 17:31:56.146708     1 state_transfer_manager.cc:146] ending incoming transfer(513)
I0127 17:31:56.146742     1 daemon.cc:492] reconfiguration complete; resuming normal operation
I0127 17:31:56.147393    17 state_transfer_manager.cc:234] received handshake_syn for transfer(521)
I0127 17:31:56.147688    17 state_transfer_manager.cc:295] received handshake_ack for transfer(521)
I0127 17:31:56.149536     1 daemon.cc:482] moving to configuration version=107; pausing all activity while we reconfigure
I0127 17:31:56.149688     1 daemon.cc:492] reconfiguration complete; resuming normal operation
I0127 17:31:56.151957     1 daemon.cc:482] moving to configuration version=108; pausing all activity while we reconfigure
I0127 17:31:56.152040     1 state_transfer_manager.cc:161] ending incoming transfer(521)
I0127 17:31:56.152081     1 daemon.cc:492] reconfiguration complete; resuming normal operation
I0127 17:32:36.225958     1 daemon.cc:482] moving to configuration version=109; pausing all activity while we reconfigure
I0127 17:32:36.986980     1 daemon.cc:492] reconfiguration complete; resuming normal operation
I0127 17:34:44.761410     1 daemon.cc:482] moving to configuration version=110; pausing all activity while we reconfigure
I0127 17:34:46.148301     1 state_transfer_manager.cc:153] initiating outgoing transfer(id=transfer(543), region=region(403), src=server(17701203951474089523), vsrc=virtual_server(520), dst=server(3597616119902050258), vdst=virtual_server(544))
I0127 17:34:46.148339     1 state_transfer_manager.cc:153] initiating outgoing transfer(id=transfer(545), region=region(404), src=server(17701203951474089523), vsrc=virtual_server(522), dst=server(3597616119902050258), vdst=virtual_server(546))
I0127 17:34:46.148347     1 state_transfer_manager.cc:153] initiating outgoing transfer(id=transfer(547), region=region(405), src=server(17701203951474089523), vsrc=virtual_server(524), dst=server(3597616119902050258), vdst=virtual_server(548))
I0127 17:34:46.148355     1 state_transfer_manager.cc:153] initiating outgoing transfer(id=transfer(549), region=region(406), src=server(17701203951474089523), vsrc=virtual_server(526), dst=server(3597616119902050258), vdst=virtual_server(550))
I0127 17:34:46.148363     1 state_transfer_manager.cc:153] initiating outgoing transfer(id=transfer(551), region=region(407), src=server(17701203951474089523), vsrc=virtual_server(528), dst=server(3597616119902050258), vdst=virtual_server(552))
I0127 17:34:46.148371     1 state_transfer_manager.cc:153] initiating outgoing transfer(id=transfer(553), region=region(408), src=server(17701203951474089523), vsrc=virtual_server(530), dst=server(3597616119902050258), vdst=virtual_server(554))
I0127 17:34:46.148380     1 state_transfer_manager.cc:153] initiating outgoing transfer(id=transfer(561), region=region(9), src=server(17701203951474089523), vsrc=virtual_server(508), dst=server(3597616119902050258), vdst=virtual_server(562))
I0127 17:34:46.148387     1 state_transfer_manager.cc:153] initiating outgoing transfer(id=transfer(563), region=region(10), src=server(17701203951474089523), vsrc=virtual_server(510), dst=server(3597616119902050258), vdst=virtual_server(564))
I0127 17:34:46.148396     1 state_transfer_manager.cc:153] initiating outgoing transfer(id=transfer(573), region=region(20), src=server(17701203951474089523), vsrc=virtual_server(512), dst=server(3597616119902050258), vdst=virtual_server(574))
I0127 17:34:46.148403     1 state_transfer_manager.cc:153] initiating outgoing transfer(id=transfer(575), region=region(21), src=server(17701203951474089523), vsrc=virtual_server(514), dst=server(3597616119902050258), vdst=virtual_server(576))
I0127 17:34:46.148411     1 state_transfer_manager.cc:153] initiating outgoing transfer(id=transfer(577), region=region(22), src=server(17701203951474089523), vsrc=virtual_server(516), dst=server(3597616119902050258), vdst=virtual_server(578))
I0127 17:34:46.148418     1 state_transfer_manager.cc:153] initiating outgoing transfer(id=transfer(579), region=region(23), src=server(17701203951474089523), vsrc=virtual_server(518), dst=server(3597616119902050258), vdst=virtual_server(580))
I0127 17:34:46.148460     1 daemon.cc:492] reconfiguration complete; resuming normal operation
I0127 17:34:49.004115    15 state_transfer_manager.cc:267] received handshake_synack for transfer(543) @ 2929
I0127 17:34:49.004387    15 state_transfer_manager.cc:267] received handshake_synack for transfer(547) @ 2929
I0127 17:34:49.004662    15 state_transfer_manager.cc:267] received handshake_synack for transfer(561) @ 2929
I0127 17:34:49.004935    15 state_transfer_manager.cc:267] received handshake_synack for transfer(551) @ 2929
I0127 17:34:49.005209    15 state_transfer_manager.cc:267] received handshake_synack for transfer(573) @ 2929
I0127 17:34:49.005478    15 state_transfer_manager.cc:267] received handshake_synack for transfer(577) @ 2929
I0127 17:34:49.014490    15 coordinator_link_wrapper.cc:501] requesting that transfer(543) go live
I0127 17:34:49.014514    15 state_transfer_manager.cc:324] received handshake_wiped for transfer(543)
I0127 17:34:49.016989     1 daemon.cc:482] moving to configuration version=111; pausing all activity while we reconfigure
I0127 17:34:49.017037    15 coordinator_link_wrapper.cc:501] requesting that transfer(543) go live
I0127 17:34:49.017055    15 state_transfer_manager.cc:324] received handshake_wiped for transfer(543)
I0127 17:34:49.122555     1 daemon.cc:492] reconfiguration complete; resuming normal operation
I0127 17:34:49.122625    13 coordinator_link_wrapper.cc:514] requesting that transfer(543) complete
I0127 17:34:49.124723     1 daemon.cc:482] moving to configuration version=112; pausing all activity while we reconfigure
I0127 17:34:49.124740    14 coordinator_link_wrapper.cc:501] requesting that transfer(547) go live
I0127 17:34:49.124786    14 state_transfer_manager.cc:324] received handshake_wiped for transfer(547)
I0127 17:34:49.124868     1 state_transfer_manager.cc:146] ending outgoing transfer(543)
I0127 17:34:49.124910     1 daemon.cc:492] reconfiguration complete; resuming normal operation
I0127 17:34:49.125491    14 state_transfer_manager.cc:267] received handshake_synack for transfer(549) @ 2929
I0127 17:34:49.125969    17 state_transfer_manager.cc:267] received handshake_synack for transfer(563) @ 2929
I0127 17:34:49.125993    15 state_transfer_manager.cc:267] received handshake_synack for transfer(575) @ 2929
I0127 17:34:49.126546    14 state_transfer_manager.cc:267] received handshake_synack for transfer(553) @ 2929
I0127 17:34:49.129120     1 daemon.cc:482] moving to configuration version=113; pausing all activity while we reconfigure
I0127 17:34:49.131927     1 daemon.cc:492] reconfiguration complete; resuming normal operation
I0127 17:34:49.132256    17 coordinator_link_wrapper.cc:501] requesting that transfer(553) go live
I0127 17:34:49.132275    17 state_transfer_manager.cc:324] received handshake_wiped for transfer(553)
I0127 17:34:49.132334    14 coordinator_link_wrapper.cc:501] requesting that transfer(563) go live
I0127 17:34:49.132351    14 state_transfer_manager.cc:324] received handshake_wiped for transfer(563)
I0127 17:34:49.132469    15 state_transfer_manager.cc:267] received handshake_synack for transfer(545) @ 2929
I0127 17:34:49.132518    15 coordinator_link_wrapper.cc:501] requesting that transfer(545) go live
I0127 17:34:49.132530    15 state_transfer_manager.cc:324] received handshake_wiped for transfer(545)
I0127 17:34:49.132544    14 state_transfer_manager.cc:267] received handshake_synack for transfer(579) @ 2929
I0127 17:34:49.133080    17 coordinator_link_wrapper.cc:501] requesting that transfer(575) go live
I0127 17:34:49.133095    16 coordinator_link_wrapper.cc:501] requesting that transfer(549) go live
I0127 17:34:49.133121    17 state_transfer_manager.cc:324] received handshake_wiped for transfer(575)
I0127 17:34:49.133101    14 coordinator_link_wrapper.cc:501] requesting that transfer(579) go live
I0127 17:34:49.133126    16 state_transfer_manager.cc:324] received handshake_wiped for transfer(549)
I0127 17:34:49.133141    14 state_transfer_manager.cc:324] received handshake_wiped for transfer(579)
I0127 17:34:49.133229    17 coordinator_link_wrapper.cc:501] requesting that transfer(579) go live
I0127 17:34:49.133244    17 state_transfer_manager.cc:324] received handshake_wiped for transfer(579)
I0127 17:34:49.134840     1 daemon.cc:482] moving to configuration version=116; pausing all activity while we reconfigure
I0127 17:34:49.134871    15 coordinator_link_wrapper.cc:501] requesting that transfer(545) go live
I0127 17:34:49.134883    15 state_transfer_manager.cc:324] received handshake_wiped for transfer(545)
I0127 17:34:49.134965     1 daemon.cc:492] reconfiguration complete; resuming normal operation
I0127 17:34:49.135148    13 coordinator_link_wrapper.cc:514] requesting that transfer(545) complete
I0127 17:34:49.135303    13 coordinator_link_wrapper.cc:501] requesting that transfer(549) go live
I0127 17:34:49.135385    13 coordinator_link_wrapper.cc:514] requesting that transfer(553) complete
I0127 17:34:49.135602    13 coordinator_link_wrapper.cc:514] requesting that transfer(563) complete
I0127 17:34:49.135669    13 coordinator_link_wrapper.cc:501] requesting that transfer(575) go live
I0127 17:34:49.139061     1 daemon.cc:482] moving to configuration version=122; pausing all activity while we reconfigure
I0127 17:34:49.139080    13 coordinator_link_wrapper.cc:501] requesting that transfer(579) go live
I0127 17:34:49.139138     1 state_transfer_manager.cc:146] ending outgoing transfer(545)
I0127 17:34:49.139149     1 state_transfer_manager.cc:146] ending outgoing transfer(553)
I0127 17:34:49.139158     1 state_transfer_manager.cc:146] ending outgoing transfer(563)
I0127 17:34:49.139194     1 daemon.cc:492] reconfiguration complete; resuming normal operation
I0127 17:34:49.140003    13 coordinator_link_wrapper.cc:514] requesting that transfer(547) complete
I0127 17:34:49.140727    14 coordinator_link_wrapper.cc:501] requesting that transfer(551) go live
I0127 17:34:49.140744    14 state_transfer_manager.cc:324] received handshake_wiped for transfer(551)
I0127 17:34:49.141033    14 coordinator_link_wrapper.cc:501] requesting that transfer(573) go live
I0127 17:34:49.141063    14 state_transfer_manager.cc:324] received handshake_wiped for transfer(573)
I0127 17:34:49.142050    14 coordinator_link_wrapper.cc:501] requesting that transfer(577) go live
I0127 17:34:49.142065    14 state_transfer_manager.cc:324] received handshake_wiped for transfer(577)
I0127 17:34:49.144891     1 daemon.cc:482] moving to configuration version=125; pausing all activity while we reconfigure
I0127 17:34:49.145236     1 state_transfer_manager.cc:146] ending outgoing transfer(547)
I0127 17:34:49.145287     1 daemon.cc:492] reconfiguration complete; resuming normal operation
I0127 17:34:49.145350    13 coordinator_link_wrapper.cc:514] requesting that transfer(549) complete
I0127 17:34:49.145885    13 coordinator_link_wrapper.cc:514] requesting that transfer(575) complete
I0127 17:34:49.146147    13 coordinator_link_wrapper.cc:514] requesting that transfer(579) complete
I0127 17:34:49.147362     1 daemon.cc:482] moving to configuration version=128; pausing all activity while we reconfigure
I0127 17:34:49.147727     1 state_transfer_manager.cc:146] ending outgoing transfer(549)
I0127 17:34:49.147742     1 state_transfer_manager.cc:146] ending outgoing transfer(575)
I0127 17:34:49.147780     1 daemon.cc:492] reconfiguration complete; resuming normal operation
I0127 17:34:49.147845    13 coordinator_link_wrapper.cc:514] requesting that transfer(551) complete
I0127 17:34:49.150326     1 daemon.cc:482] moving to configuration version=130; pausing all activity while we reconfigure
I0127 17:34:49.151240    13 coordinator_link_wrapper.cc:514] requesting that transfer(573) complete
I0127 17:34:49.151311    13 coordinator_link_wrapper.cc:514] requesting that transfer(579) complete
I0127 17:34:49.151341     1 state_transfer_manager.cc:146] ending outgoing transfer(551)
I0127 17:34:49.151356     1 state_transfer_manager.cc:161] ending outgoing transfer(579)
I0127 17:34:49.151397     1 daemon.cc:492] reconfiguration complete; resuming normal operation
I0127 17:34:49.151733    13 coordinator_link_wrapper.cc:514] requesting that transfer(577) complete
I0127 17:34:49.155340    17 coordinator_link_wrapper.cc:501] requesting that transfer(561) go live
I0127 17:34:49.155354    17 state_transfer_manager.cc:324] received handshake_wiped for transfer(561)
I0127 17:34:49.158002     1 daemon.cc:482] moving to configuration version=132; pausing all activity while we reconfigure
I0127 17:34:49.158108     1 state_transfer_manager.cc:161] ending outgoing transfer(573)
I0127 17:34:49.158123     1 state_transfer_manager.cc:161] ending outgoing transfer(577)
I0127 17:34:49.158160     1 daemon.cc:492] reconfiguration complete; resuming normal operation
I0127 17:34:49.158202    13 coordinator_link_wrapper.cc:501] requesting that transfer(561) go live
I0127 17:34:49.161373     1 daemon.cc:482] moving to configuration version=133; pausing all activity while we reconfigure
I0127 17:34:49.161475     1 daemon.cc:492] reconfiguration complete; resuming normal operation
I0127 17:34:49.161571    13 coordinator_link_wrapper.cc:514] requesting that transfer(561) complete
I0127 17:34:49.166108     1 daemon.cc:482] moving to configuration version=134; pausing all activity while we reconfigure
I0127 17:34:49.166260     1 state_transfer_manager.cc:161] ending outgoing transfer(561)
I0127 17:34:49.166332     1 daemon.cc:492] reconfiguration complete; resuming normal operation
I0127 17:34:57.721732     1 daemon.cc:482] moving to configuration version=135; pausing all activity while we reconfigure
I0127 17:34:57.721947     1 daemon.cc:492] reconfiguration complete; resuming normal operation
I0127 17:34:57.725066     1 daemon.cc:482] moving to configuration version=137; pausing all activity while we reconfigure
I0127 17:34:57.725237     1 daemon.cc:492] reconfiguration complete; resuming normal operation
I0127 17:34:57.727179     1 daemon.cc:482] moving to configuration version=139; pausing all activity while we reconfigure
I0127 17:34:57.727293     1 daemon.cc:492] reconfiguration complete; resuming normal operation
I0127 17:35:01.398131     1 daemon.cc:482] moving to configuration version=146; pausing all activity while we reconfigure
I0127 17:35:01.398262     1 daemon.cc:492] reconfiguration complete; resuming normal operation
I0127 17:35:01.401454     1 daemon.cc:482] moving to configuration version=149; pausing all activity while we reconfigure
I0127 17:35:01.401533     1 daemon.cc:492] reconfiguration complete; resuming normal operation
I0127 17:35:01.405338     1 daemon.cc:482] moving to configuration version=152; pausing all activity while we reconfigure
I0127 17:35:01.405534     1 daemon.cc:492] reconfiguration complete; resuming normal operation
I0127 17:35:01.407320     1 daemon.cc:482] moving to configuration version=154; pausing all activity while we reconfigure
I0127 17:35:01.407412     1 daemon.cc:492] reconfiguration complete; resuming normal operation
I0127 17:35:01.409801     1 daemon.cc:482] moving to configuration version=156; pausing all activity while we reconfigure
I0127 17:35:01.415786     1 daemon.cc:492] reconfiguration complete; resuming normal operation
I0127 17:35:01.415913     1 daemon.cc:482] moving to configuration version=160; pausing all activity while we reconfigure
I0127 17:35:01.416000     1 daemon.cc:492] reconfiguration complete; resuming normal operation
I0127 17:35:01.418186     1 daemon.cc:482] moving to configuration version=161; pausing all activity while we reconfigure
I0127 17:35:01.435487     1 state_transfer_manager.cc:153] initiating incoming transfer(id=transfer(581), region=region(9), src=server(3597616119902050258), vsrc=virtual_server(562), dst=server(17701203951474089523), vdst=virtual_server(582))
I0127 17:35:01.435504     1 state_transfer_manager.cc:153] initiating incoming transfer(id=transfer(583), region=region(10), src=server(3597616119902050258), vsrc=virtual_server(564), dst=server(17701203951474089523), vdst=virtual_server(584))
I0127 17:35:01.435514     1 state_transfer_manager.cc:153] initiating incoming transfer(id=transfer(585), region=region(20), src=server(3597616119902050258), vsrc=virtual_server(574), dst=server(17701203951474089523), vdst=virtual_server(586))
I0127 17:35:01.435523     1 state_transfer_manager.cc:153] initiating incoming transfer(id=transfer(587), region=region(21), src=server(3597616119902050258), vsrc=virtual_server(576), dst=server(17701203951474089523), vdst=virtual_server(588))
I0127 17:35:01.435531     1 state_transfer_manager.cc:153] initiating incoming transfer(id=transfer(589), region=region(22), src=server(3597616119902050258), vsrc=virtual_server(578), dst=server(17701203951474089523), vdst=virtual_server(590))
I0127 17:35:01.435539     1 state_transfer_manager.cc:153] initiating incoming transfer(id=transfer(591), region=region(23), src=server(3597616119902050258), vsrc=virtual_server(580), dst=server(17701203951474089523), vdst=virtual_server(592))
I0127 17:35:01.435547     1 state_transfer_manager.cc:153] initiating incoming transfer(id=transfer(593), region=region(403), src=server(3597616119902050258), vsrc=virtual_server(544), dst=server(17701203951474089523), vdst=virtual_server(594))
I0127 17:35:01.435554     1 state_transfer_manager.cc:153] initiating incoming transfer(id=transfer(595), region=region(404), src=server(3597616119902050258), vsrc=virtual_server(546), dst=server(17701203951474089523), vdst=virtual_server(596))
I0127 17:35:01.435562     1 state_transfer_manager.cc:153] initiating incoming transfer(id=transfer(597), region=region(405), src=server(3597616119902050258), vsrc=virtual_server(548), dst=server(17701203951474089523), vdst=virtual_server(598))
I0127 17:35:01.435572     1 state_transfer_manager.cc:153] initiating incoming transfer(id=transfer(599), region=region(406), src=server(3597616119902050258), vsrc=virtual_server(550), dst=server(17701203951474089523), vdst=virtual_server(600))
I0127 17:35:01.435580     1 state_transfer_manager.cc:153] initiating incoming transfer(id=transfer(601), region=region(407), src=server(3597616119902050258), vsrc=virtual_server(552), dst=server(17701203951474089523), vdst=virtual_server(602))
I0127 17:35:01.435590     1 state_transfer_manager.cc:153] initiating incoming transfer(id=transfer(603), region=region(408), src=server(3597616119902050258), vsrc=virtual_server(554), dst=server(17701203951474089523), vdst=virtual_server(604))
I0127 17:35:01.435626     1 daemon.cc:492] reconfiguration complete; resuming normal operation
I0127 17:35:01.435894    17 state_transfer_manager.cc:234] received handshake_syn for transfer(589)
I0127 17:35:01.435971    16 state_transfer_manager.cc:234] received handshake_syn for transfer(585)
I0127 17:35:01.435904    15 state_transfer_manager.cc:234] received handshake_syn for transfer(581)
I0127 17:35:01.436142    14 state_transfer_manager.cc:234] received handshake_syn for transfer(593)
I0127 17:35:01.436167    15 state_transfer_manager.cc:295] received handshake_ack for transfer(581)
I0127 17:35:01.436223    16 state_transfer_manager.cc:234] received handshake_syn for transfer(601)
I0127 17:35:01.436398    14 state_transfer_manager.cc:295] received handshake_ack for transfer(585)
I0127 17:35:01.436447    14 state_transfer_manager.cc:295] received handshake_ack for transfer(593)
I0127 17:35:01.436525    17 state_transfer_manager.cc:234] received handshake_syn for transfer(597)
I0127 17:35:01.436559    15 state_transfer_manager.cc:295] received handshake_ack for transfer(589)
I0127 17:35:01.436636    16 state_transfer_manager.cc:295] received handshake_ack for transfer(601)
I0127 17:35:01.436910    17 state_transfer_manager.cc:295] received handshake_ack for transfer(597)
I0127 17:35:01.438500     1 daemon.cc:482] moving to configuration version=166; pausing all activity while we reconfigure
I0127 17:35:01.438627     1 daemon.cc:492] reconfiguration complete; resuming normal operation
I0127 17:35:01.441632     1 daemon.cc:482] moving to configuration version=172; pausing all activity while we reconfigure
I0127 17:35:01.441732     1 state_transfer_manager.cc:146] ending incoming transfer(581)
I0127 17:35:01.441751     1 state_transfer_manager.cc:146] ending incoming transfer(585)
I0127 17:35:01.441759     1 state_transfer_manager.cc:146] ending incoming transfer(589)
I0127 17:35:01.441766     1 state_transfer_manager.cc:146] ending incoming transfer(593)
I0127 17:35:01.441774     1 state_transfer_manager.cc:146] ending incoming transfer(601)
I0127 17:35:01.441826     1 daemon.cc:492] reconfiguration complete; resuming normal operation
I0127 17:35:01.444382    16 state_transfer_manager.cc:234] received handshake_syn for transfer(583)
I0127 17:35:01.444459    15 state_transfer_manager.cc:234] received handshake_syn for transfer(591)
I0127 17:35:01.444545    16 state_transfer_manager.cc:234] received handshake_syn for transfer(603)
I0127 17:35:01.444839    16 state_transfer_manager.cc:295] received handshake_ack for transfer(583)
I0127 17:35:01.445052    15 state_transfer_manager.cc:295] received handshake_ack for transfer(591)
