I0130 11:18:54.496657    16 state_transfer_manager.cc:267] received handshake_synack for transfer(407) @ 2054
I0130 11:18:54.497819    14 state_transfer_manager.cc:267] received handshake_synack for transfer(415) @ 2054
I0130 11:18:54.504936    17 coordinator_link_wrapper.cc:501] requesting that transfer(391) go live
I0130 11:18:54.504950    15 coordinator_link_wrapper.cc:501] requesting that transfer(399) go live
I0130 11:18:54.504981    17 state_transfer_manager.cc:324] received handshake_wiped for transfer(391)
I0130 11:18:54.504982    15 state_transfer_manager.cc:324] received handshake_wiped for transfer(399)
I0130 11:18:54.506584     1 daemon.cc:482] moving to configuration version=163; pausing all activity while we reconfigure
I0130 11:18:54.506631    16 coordinator_link_wrapper.cc:501] requesting that transfer(425) go live
I0130 11:18:54.506651    16 state_transfer_manager.cc:324] received handshake_wiped for transfer(425)
I0130 11:18:54.513598    14 coordinator_link_wrapper.cc:501] requesting that transfer(391) go live
I0130 11:18:54.513615    15 coordinator_link_wrapper.cc:501] requesting that transfer(399) go live
I0130 11:18:54.513624    14 state_transfer_manager.cc:324] received handshake_wiped for transfer(391)
I0130 11:18:54.513635    15 state_transfer_manager.cc:324] received handshake_wiped for transfer(399)
I0130 11:18:54.513804     1 daemon.cc:492] reconfiguration complete; resuming normal operation
I0130 11:18:54.513892     1 daemon.cc:482] moving to configuration version=164; pausing all activity while we reconfigure
I0130 11:18:54.522342    13 coordinator_link_wrapper.cc:514] requesting that transfer(391) complete
I0130 11:18:54.531280    13 coordinator_link_wrapper.cc:514] requesting that transfer(399) complete
I0130 11:18:54.556814    13 coordinator_link_wrapper.cc:501] requesting that transfer(425) go live
I0130 11:18:54.556915     1 daemon.cc:492] reconfiguration complete; resuming normal operation
I0130 11:18:54.557065     1 daemon.cc:482] moving to configuration version=166; pausing all activity while we reconfigure
I0130 11:18:54.565572    13 coordinator_link_wrapper.cc:514] requesting that transfer(391) complete
I0130 11:18:54.574031    13 coordinator_link_wrapper.cc:514] requesting that transfer(399) complete
I0130 11:18:54.598974    13 coordinator_link_wrapper.cc:514] requesting that transfer(425) complete
I0130 11:18:54.599025     1 state_transfer_manager.cc:146] ending outgoing transfer(391)
I0130 11:18:54.599046     1 state_transfer_manager.cc:146] ending outgoing transfer(399)
I0130 11:18:54.599115     1 daemon.cc:492] reconfiguration complete; resuming normal operation
I0130 11:18:54.602164     1 daemon.cc:482] moving to configuration version=167; pausing all activity while we reconfigure
I0130 11:18:54.604799    14 state_transfer_manager.cc:267] received handshake_synack for transfer(395) @ 2054
I0130 11:18:54.615871    16 coordinator_link_wrapper.cc:501] requesting that transfer(407) go live
I0130 11:18:54.615907    16 state_transfer_manager.cc:324] received handshake_wiped for transfer(407)
I0130 11:18:54.624371    13 coordinator_link_wrapper.cc:514] requesting that transfer(425) complete
I0130 11:18:54.624425     1 state_transfer_manager.cc:161] ending outgoing transfer(425)
I0130 11:18:54.624497     1 daemon.cc:492] reconfiguration complete; resuming normal operation
I0130 11:18:54.624755     1 daemon.cc:482] moving to configuration version=168; pausing all activity while we reconfigure
I0130 11:18:54.641409    13 coordinator_link_wrapper.cc:501] requesting that transfer(407) go live
I0130 11:18:54.649935     1 daemon.cc:492] reconfiguration complete; resuming normal operation
I0130 11:18:54.667489    17 coordinator_link_wrapper.cc:501] requesting that transfer(395) go live
I0130 11:18:54.667526    17 state_transfer_manager.cc:324] received handshake_wiped for transfer(395)
I0130 11:18:54.667836    13 coordinator_link_wrapper.cc:514] requesting that transfer(407) complete
I0130 11:18:54.669124     1 daemon.cc:482] moving to configuration version=170; pausing all activity while we reconfigure
I0130 11:18:54.676314     1 state_transfer_manager.cc:146] ending outgoing transfer(407)
I0130 11:18:54.676398     1 daemon.cc:492] reconfiguration complete; resuming normal operation
I0130 11:18:54.694991    13 coordinator_link_wrapper.cc:514] requesting that transfer(395) complete
I0130 11:18:54.696326     1 daemon.cc:482] moving to configuration version=171; pausing all activity while we reconfigure
I0130 11:18:54.712159    16 coordinator_link_wrapper.cc:501] requesting that transfer(409) go live
I0130 11:18:54.712193    16 state_transfer_manager.cc:324] received handshake_wiped for transfer(409)
I0130 11:18:54.712328     1 state_transfer_manager.cc:146] ending outgoing transfer(395)
I0130 11:18:54.712399     1 daemon.cc:492] reconfiguration complete; resuming normal operation
I0130 11:18:54.715766     1 daemon.cc:482] moving to configuration version=172; pausing all activity while we reconfigure
I0130 11:18:54.717537    14 state_transfer_manager.cc:267] received handshake_synack for transfer(403) @ 2054
I0130 11:18:54.721137     1 daemon.cc:492] reconfiguration complete; resuming normal operation
I0130 11:18:54.734257    15 state_transfer_manager.cc:267] received handshake_synack for transfer(411) @ 2054
I0130 11:18:54.737607    14 coordinator_link_wrapper.cc:501] requesting that transfer(403) go live
I0130 11:18:54.737638    14 state_transfer_manager.cc:324] received handshake_wiped for transfer(403)
I0130 11:18:54.739203     1 daemon.cc:482] moving to configuration version=173; pausing all activity while we reconfigure
I0130 11:18:54.742794    15 coordinator_link_wrapper.cc:501] requesting that transfer(411) go live
I0130 11:18:54.742823    15 state_transfer_manager.cc:324] received handshake_wiped for transfer(411)
I0130 11:18:54.748778    17 coordinator_link_wrapper.cc:501] requesting that transfer(415) go live
I0130 11:18:54.748811    17 state_transfer_manager.cc:324] received handshake_wiped for transfer(415)
I0130 11:18:54.750624    14 coordinator_link_wrapper.cc:501] requesting that transfer(411) go live
I0130 11:18:54.750650    14 state_transfer_manager.cc:324] received handshake_wiped for transfer(411)
I0130 11:18:54.750866     1 daemon.cc:492] reconfiguration complete; resuming normal operation
I0130 11:18:54.751005     1 daemon.cc:482] moving to configuration version=175; pausing all activity while we reconfigure
I0130 11:18:54.751724     1 daemon.cc:492] reconfiguration complete; resuming normal operation
I0130 11:18:54.762944    13 coordinator_link_wrapper.cc:514] requesting that transfer(403) complete
I0130 11:18:54.764211     1 daemon.cc:482] moving to configuration version=176; pausing all activity while we reconfigure
I0130 11:18:54.771580    13 coordinator_link_wrapper.cc:514] requesting that transfer(411) complete
I0130 11:18:54.780086    13 coordinator_link_wrapper.cc:514] requesting that transfer(415) complete
I0130 11:18:54.780170     1 state_transfer_manager.cc:146] ending outgoing transfer(403)
I0130 11:18:54.780246     1 daemon.cc:492] reconfiguration complete; resuming normal operation
I0130 11:18:54.780422     1 daemon.cc:482] moving to configuration version=177; pausing all activity while we reconfigure
I0130 11:18:54.789007    13 coordinator_link_wrapper.cc:514] requesting that transfer(409) complete
I0130 11:18:54.797493     1 state_transfer_manager.cc:146] ending outgoing transfer(411)
I0130 11:18:54.797582     1 daemon.cc:492] reconfiguration complete; resuming normal operation
I0130 11:18:54.797701     1 daemon.cc:482] moving to configuration version=179; pausing all activity while we reconfigure
I0130 11:18:54.806059    13 coordinator_link_wrapper.cc:514] requesting that transfer(409) complete
I0130 11:18:54.814498    13 coordinator_link_wrapper.cc:514] requesting that transfer(415) complete
I0130 11:18:54.814584     1 state_transfer_manager.cc:146] ending outgoing transfer(409)
I0130 11:18:54.814605     1 state_transfer_manager.cc:146] ending outgoing transfer(415)
I0130 11:18:54.814673     1 daemon.cc:492] reconfiguration complete; resuming normal operation
I0130 11:18:54.827586    14 state_transfer_manager.cc:267] received handshake_synack for transfer(419) @ 2054
I0130 11:18:54.835610    17 coordinator_link_wrapper.cc:501] requesting that transfer(413) go live
I0130 11:18:54.835645    17 state_transfer_manager.cc:324] received handshake_wiped for transfer(413)
I0130 11:18:54.835816    14 coordinator_link_wrapper.cc:501] requesting that transfer(419) go live
I0130 11:18:54.835829    14 state_transfer_manager.cc:324] received handshake_wiped for transfer(419)
I0130 11:18:54.837453     1 daemon.cc:482] moving to configuration version=181; pausing all activity while we reconfigure
I0130 11:18:54.844305    16 coordinator_link_wrapper.cc:501] requesting that transfer(419) go live
I0130 11:18:54.844337    16 state_transfer_manager.cc:324] received handshake_wiped for transfer(419)
I0130 11:18:54.844511     1 daemon.cc:492] reconfiguration complete; resuming normal operation
I0130 11:18:54.879292    13 coordinator_link_wrapper.cc:514] requesting that transfer(413) complete
I0130 11:18:54.880590     1 daemon.cc:482] moving to configuration version=182; pausing all activity while we reconfigure
I0130 11:18:54.888226    13 coordinator_link_wrapper.cc:514] requesting that transfer(419) complete
I0130 11:18:54.888330     1 state_transfer_manager.cc:146] ending outgoing transfer(413)
I0130 11:18:54.888423     1 daemon.cc:492] reconfiguration complete; resuming normal operation
I0130 11:18:54.891849     1 daemon.cc:482] moving to configuration version=183; pausing all activity while we reconfigure
I0130 11:18:54.892966    15 state_transfer_manager.cc:267] received handshake_synack for transfer(417) @ 2054
I0130 11:18:54.893074     1 state_transfer_manager.cc:146] ending outgoing transfer(419)
I0130 11:18:54.893126     1 daemon.cc:492] reconfiguration complete; resuming normal operation
I0130 11:18:54.914950    15 coordinator_link_wrapper.cc:501] requesting that transfer(417) go live
I0130 11:18:54.914983    15 state_transfer_manager.cc:324] received handshake_wiped for transfer(417)
I0130 11:18:54.916355     1 daemon.cc:482] moving to configuration version=184; pausing all activity while we reconfigure
I0130 11:18:54.916546     1 daemon.cc:492] reconfiguration complete; resuming normal operation
I0130 11:18:54.925722    13 coordinator_link_wrapper.cc:514] requesting that transfer(417) complete
I0130 11:18:54.926967     1 daemon.cc:482] moving to configuration version=185; pausing all activity while we reconfigure
I0130 11:18:54.927189     1 state_transfer_manager.cc:146] ending outgoing transfer(417)
I0130 11:18:54.927248     1 daemon.cc:492] reconfiguration complete; resuming normal operation
I0130 11:18:54.932191    15 state_transfer_manager.cc:267] received handshake_synack for transfer(423) @ 2054
I0130 11:18:54.974948    15 coordinator_link_wrapper.cc:501] requesting that transfer(423) go live
I0130 11:18:54.974982    15 state_transfer_manager.cc:324] received handshake_wiped for transfer(423)
I0130 11:18:54.979476     1 daemon.cc:482] moving to configuration version=186; pausing all activity while we reconfigure
I0130 11:18:54.983892    17 coordinator_link_wrapper.cc:501] requesting that transfer(423) go live
I0130 11:18:54.983924    17 state_transfer_manager.cc:324] received handshake_wiped for transfer(423)
I0130 11:18:54.984093     1 daemon.cc:492] reconfiguration complete; resuming normal operation
I0130 11:18:54.994953    13 coordinator_link_wrapper.cc:514] requesting that transfer(423) complete
I0130 11:18:54.996587     1 daemon.cc:482] moving to configuration version=187; pausing all activity while we reconfigure
I0130 11:18:54.996734     1 state_transfer_manager.cc:161] ending outgoing transfer(423)
I0130 11:18:54.996781     1 daemon.cc:492] reconfiguration complete; resuming normal operation
I0130 11:29:54.980939     1 daemon.cc:482] moving to configuration version=189; pausing all activity while we reconfigure
I0130 11:29:54.981175     1 daemon.cc:492] reconfiguration complete; resuming normal operation
I0130 11:29:54.983278     1 daemon.cc:482] moving to configuration version=190; pausing all activity while we reconfigure
I0130 11:29:54.983835     1 state_transfer_manager.cc:153] initiating incoming transfer(id=transfer(427), region=region(25), src=server(3059831190799681541), vsrc=virtual_server(134), dst=server(2518304750719003998), vdst=virtual_server(428))
I0130 11:29:54.983855     1 state_transfer_manager.cc:153] initiating incoming transfer(id=transfer(429), region=region(26), src=server(3059831190799681541), vsrc=virtual_server(137), dst=server(2518304750719003998), vdst=virtual_server(430))
I0130 11:29:54.983866     1 state_transfer_manager.cc:153] initiating incoming transfer(id=transfer(431), region=region(27), src=server(3059831190799681541), vsrc=virtual_server(140), dst=server(2518304750719003998), vdst=virtual_server(432))
I0130 11:29:54.983875     1 state_transfer_manager.cc:153] initiating incoming transfer(id=transfer(433), region=region(28), src=server(3059831190799681541), vsrc=virtual_server(143), dst=server(2518304750719003998), vdst=virtual_server(434))
I0130 11:29:54.983883     1 state_transfer_manager.cc:153] initiating incoming transfer(id=transfer(435), region=region(29), src=server(3059831190799681541), vsrc=virtual_server(146), dst=server(2518304750719003998), vdst=virtual_server(436))
I0130 11:29:54.983893     1 state_transfer_manager.cc:153] initiating incoming transfer(id=transfer(437), region=region(30), src=server(3059831190799681541), vsrc=virtual_server(149), dst=server(2518304750719003998), vdst=virtual_server(438))
I0130 11:29:54.983902     1 state_transfer_manager.cc:153] initiating incoming transfer(id=transfer(439), region=region(31), src=server(3059831190799681541), vsrc=virtual_server(152), dst=server(2518304750719003998), vdst=virtual_server(440))
I0130 11:29:54.983912     1 state_transfer_manager.cc:153] initiating incoming transfer(id=transfer(441), region=region(32), src=server(3059831190799681541), vsrc=virtual_server(155), dst=server(2518304750719003998), vdst=virtual_server(442))
I0130 11:29:54.983922     1 state_transfer_manager.cc:153] initiating incoming transfer(id=transfer(443), region=region(33), src=server(3059831190799681541), vsrc=virtual_server(158), dst=server(2518304750719003998), vdst=virtual_server(444))
I0130 11:29:54.983929     1 state_transfer_manager.cc:153] initiating incoming transfer(id=transfer(445), region=region(34), src=server(3059831190799681541), vsrc=virtual_server(161), dst=server(2518304750719003998), vdst=virtual_server(446))
I0130 11:29:54.983937     1 state_transfer_manager.cc:153] initiating incoming transfer(id=transfer(447), region=region(35), src=server(3059831190799681541), vsrc=virtual_server(164), dst=server(2518304750719003998), vdst=virtual_server(448))
I0130 11:29:54.983945     1 state_transfer_manager.cc:153] initiating incoming transfer(id=transfer(449), region=region(36), src=server(3059831190799681541), vsrc=virtual_server(167), dst=server(2518304750719003998), vdst=virtual_server(450))
I0130 11:29:54.983954     1 state_transfer_manager.cc:153] initiating incoming transfer(id=transfer(451), region=region(37), src=server(3059831190799681541), vsrc=virtual_server(170), dst=server(2518304750719003998), vdst=virtual_server(452))
I0130 11:29:54.983963     1 state_transfer_manager.cc:153] initiating incoming transfer(id=transfer(453), region=region(38), src=server(3059831190799681541), vsrc=virtual_server(173), dst=server(2518304750719003998), vdst=virtual_server(454))
I0130 11:29:54.983973     1 state_transfer_manager.cc:153] initiating incoming transfer(id=transfer(455), region=region(39), src=server(3059831190799681541), vsrc=virtual_server(176), dst=server(2518304750719003998), vdst=virtual_server(456))
I0130 11:29:54.983981     1 state_transfer_manager.cc:153] initiating incoming transfer(id=transfer(457), region=region(40), src=server(3059831190799681541), vsrc=virtual_server(179), dst=server(2518304750719003998), vdst=virtual_server(458))
I0130 11:29:54.983991     1 state_transfer_manager.cc:153] initiating incoming transfer(id=transfer(459), region=region(41), src=server(3059831190799681541), vsrc=virtual_server(182), dst=server(2518304750719003998), vdst=virtual_server(460))
I0130 11:29:54.984000     1 state_transfer_manager.cc:153] initiating incoming transfer(id=transfer(461), region=region(42), src=server(3059831190799681541), vsrc=virtual_server(185), dst=server(2518304750719003998), vdst=virtual_server(462))
I0130 11:29:54.984009     1 state_transfer_manager.cc:153] initiating incoming transfer(id=transfer(463), region=region(43), src=server(3059831190799681541), vsrc=virtual_server(188), dst=server(2518304750719003998), vdst=virtual_server(464))
I0130 11:29:54.984019     1 state_transfer_manager.cc:153] initiating incoming transfer(id=transfer(465), region=region(44), src=server(3059831190799681541), vsrc=virtual_server(191), dst=server(2518304750719003998), vdst=virtual_server(466))
I0130 11:29:54.984027     1 state_transfer_manager.cc:153] initiating incoming transfer(id=transfer(467), region=region(45), src=server(3059831190799681541), vsrc=virtual_server(194), dst=server(2518304750719003998), vdst=virtual_server(468))
I0130 11:29:54.984037     1 state_transfer_manager.cc:153] initiating incoming transfer(id=transfer(469), region=region(46), src=server(3059831190799681541), vsrc=virtual_server(196), dst=server(2518304750719003998), vdst=virtual_server(470))
I0130 11:29:54.984045     1 state_transfer_manager.cc:153] initiating incoming transfer(id=transfer(471), region=region(47), src=server(3059831190799681541), vsrc=virtual_server(199), dst=server(2518304750719003998), vdst=virtual_server(472))
I0130 11:29:54.984055     1 state_transfer_manager.cc:153] initiating incoming transfer(id=transfer(473), region=region(48), src=server(3059831190799681541), vsrc=virtual_server(202), dst=server(2518304750719003998), vdst=virtual_server(474))
I0130 11:29:54.984063     1 state_transfer_manager.cc:153] initiating incoming transfer(id=transfer(475), region=region(49), src=server(3059831190799681541), vsrc=virtual_server(205), dst=server(2518304750719003998), vdst=virtual_server(476))
I0130 11:29:54.984072     1 state_transfer_manager.cc:153] initiating incoming transfer(id=transfer(477), region=region(50), src=server(3059831190799681541), vsrc=virtual_server(208), dst=server(2518304750719003998), vdst=virtual_server(478))
I0130 11:29:54.984081     1 state_transfer_manager.cc:153] initiating incoming transfer(id=transfer(479), region=region(51), src=server(3059831190799681541), vsrc=virtual_server(211), dst=server(2518304750719003998), vdst=virtual_server(480))
I0130 11:29:54.984091     1 state_transfer_manager.cc:153] initiating incoming transfer(id=transfer(481), region=region(52), src=server(3059831190799681541), vsrc=virtual_server(214), dst=server(2518304750719003998), vdst=virtual_server(482))
I0130 11:29:54.984099     1 state_transfer_manager.cc:153] initiating incoming transfer(id=transfer(483), region=region(53), src=server(3059831190799681541), vsrc=virtual_server(217), dst=server(2518304750719003998), vdst=virtual_server(484))
I0130 11:29:54.984109     1 state_transfer_manager.cc:153] initiating incoming transfer(id=transfer(485), region=region(54), src=server(3059831190799681541), vsrc=virtual_server(220), dst=server(2518304750719003998), vdst=virtual_server(486))
I0130 11:29:54.984118     1 state_transfer_manager.cc:153] initiating incoming transfer(id=transfer(487), region=region(55), src=server(3059831190799681541), vsrc=virtual_server(223), dst=server(2518304750719003998), vdst=virtual_server(488))
I0130 11:29:54.984127     1 state_transfer_manager.cc:153] initiating incoming transfer(id=transfer(489), region=region(56), src=server(3059831190799681541), vsrc=virtual_server(226), dst=server(2518304750719003998), vdst=virtual_server(490))
I0130 11:29:54.984136     1 state_transfer_manager.cc:153] initiating incoming transfer(id=transfer(491), region=region(57), src=server(3059831190799681541), vsrc=virtual_server(229), dst=server(2518304750719003998), vdst=virtual_server(492))
I0130 11:29:54.984145     1 state_transfer_manager.cc:153] initiating incoming transfer(id=transfer(493), region=region(58), src=server(3059831190799681541), vsrc=virtual_server(232), dst=server(2518304750719003998), vdst=virtual_server(494))
I0130 11:29:54.984154     1 state_transfer_manager.cc:153] initiating incoming transfer(id=transfer(495), region=region(59), src=server(3059831190799681541), vsrc=virtual_server(235), dst=server(2518304750719003998), vdst=virtual_server(496))
I0130 11:29:54.984163     1 state_transfer_manager.cc:153] initiating incoming transfer(id=transfer(497), region=region(60), src=server(3059831190799681541), vsrc=virtual_server(238), dst=server(2518304750719003998), vdst=virtual_server(498))
I0130 11:29:54.984171     1 state_transfer_manager.cc:153] initiating incoming transfer(id=transfer(499), region=region(61), src=server(3059831190799681541), vsrc=virtual_server(241), dst=server(2518304750719003998), vdst=virtual_server(500))
I0130 11:29:54.984181     1 state_transfer_manager.cc:153] initiating incoming transfer(id=transfer(501), region=region(62), src=server(3059831190799681541), vsrc=virtual_server(244), dst=server(2518304750719003998), vdst=virtual_server(502))
I0130 11:29:54.984191     1 state_transfer_manager.cc:153] initiating incoming transfer(id=transfer(503), region=region(63), src=server(3059831190799681541), vsrc=virtual_server(247), dst=server(2518304750719003998), vdst=virtual_server(504))
I0130 11:29:54.984200     1 state_transfer_manager.cc:153] initiating incoming transfer(id=transfer(505), region=region(64), src=server(3059831190799681541), vsrc=virtual_server(250), dst=server(2518304750719003998), vdst=virtual_server(506))
I0130 11:29:54.984210     1 state_transfer_manager.cc:153] initiating incoming transfer(id=transfer(507), region=region(65), src=server(3059831190799681541), vsrc=virtual_server(253), dst=server(2518304750719003998), vdst=virtual_server(508))
I0130 11:29:54.984218     1 state_transfer_manager.cc:153] initiating incoming transfer(id=transfer(509), region=region(66), src=server(3059831190799681541), vsrc=virtual_server(256), dst=server(2518304750719003998), vdst=virtual_server(510))
I0130 11:29:54.984262     1 daemon.cc:492] reconfiguration complete; resuming normal operation
I0130 11:29:54.985096    14 state_transfer_manager.cc:234] received handshake_syn for transfer(427)
I0130 11:29:54.985118    16 state_transfer_manager.cc:234] received handshake_syn for transfer(431)
I0130 11:29:54.985179    17 state_transfer_manager.cc:234] received handshake_syn for transfer(435)
I0130 11:29:54.985883    14 state_transfer_manager.cc:234] received handshake_syn for transfer(439)
I0130 11:29:54.985931    16 state_transfer_manager.cc:234] received handshake_syn for transfer(443)
I0130 11:29:54.985980    17 state_transfer_manager.cc:234] received handshake_syn for transfer(447)
I0130 11:29:54.986435    15 state_transfer_manager.cc:234] received handshake_syn for transfer(451)
I0130 11:29:54.986678    14 state_transfer_manager.cc:234] received handshake_syn for transfer(455)
I0130 11:29:54.986719    16 state_transfer_manager.cc:234] received handshake_syn for transfer(459)
I0130 11:29:54.986768    17 state_transfer_manager.cc:234] received handshake_syn for transfer(463)
I0130 11:29:54.987476    14 state_transfer_manager.cc:234] received handshake_syn for transfer(467)
I0130 11:29:54.987582    17 state_transfer_manager.cc:234] received handshake_syn for transfer(475)
I0130 11:29:54.987625    16 state_transfer_manager.cc:234] received handshake_syn for transfer(471)
I0130 11:29:54.988266    14 state_transfer_manager.cc:234] received handshake_syn for transfer(479)
I0130 11:29:54.988493    17 state_transfer_manager.cc:234] received handshake_syn for transfer(483)
I0130 11:29:54.988562    16 state_transfer_manager.cc:234] received handshake_syn for transfer(487)
I0130 11:29:54.989048    14 state_transfer_manager.cc:234] received handshake_syn for transfer(491)
I0130 11:29:54.989382    16 state_transfer_manager.cc:234] received handshake_syn for transfer(499)
I0130 11:29:54.989387    17 state_transfer_manager.cc:234] received handshake_syn for transfer(495)
I0130 11:29:54.989431    17 state_transfer_manager.cc:295] received handshake_ack for transfer(427)
I0130 11:29:54.989542    17 state_transfer_manager.cc:295] received handshake_ack for transfer(431)
I0130 11:29:54.989593    17 state_transfer_manager.cc:295] received handshake_ack for transfer(435)
I0130 11:29:54.989719    17 state_transfer_manager.cc:295] received handshake_ack for transfer(439)
I0130 11:29:54.989802    17 state_transfer_manager.cc:295] received handshake_ack for transfer(443)
I0130 11:29:54.989843    14 state_transfer_manager.cc:234] received handshake_syn for transfer(503)
I0130 11:29:54.989857    14 state_transfer_manager.cc:295] received handshake_ack for transfer(447)
I0130 11:29:54.989894    17 state_transfer_manager.cc:295] received handshake_ack for transfer(451)
I0130 11:29:54.989954    17 state_transfer_manager.cc:295] received handshake_ack for transfer(455)
I0130 11:29:54.990010    17 state_transfer_manager.cc:295] received handshake_ack for transfer(459)
I0130 11:29:54.990036    14 state_transfer_manager.cc:295] received handshake_ack for transfer(463)
I0130 11:29:54.990074    17 state_transfer_manager.cc:295] received handshake_ack for transfer(467)
I0130 11:29:54.990131    17 state_transfer_manager.cc:295] received handshake_ack for transfer(475)
I0130 11:29:54.990185    17 state_transfer_manager.cc:295] received handshake_ack for transfer(471)
I0130 11:29:54.990231    16 state_transfer_manager.cc:234] received handshake_syn for transfer(507)
I0130 11:29:54.990242    17 state_transfer_manager.cc:295] received handshake_ack for transfer(479)
I0130 11:29:54.990265    16 state_transfer_manager.cc:295] received handshake_ack for transfer(483)
I0130 11:29:54.990278    16 state_transfer_manager.cc:295] received handshake_ack for transfer(487)
I0130 11:29:54.990325    17 state_transfer_manager.cc:295] received handshake_ack for transfer(491)
I0130 11:29:54.990347    16 state_transfer_manager.cc:295] received handshake_ack for transfer(495)
I0130 11:29:54.990376    17 state_transfer_manager.cc:295] received handshake_ack for transfer(499)
I0130 11:29:54.990581    14 state_transfer_manager.cc:295] received handshake_ack for transfer(503)
I0130 11:29:54.991024    16 state_transfer_manager.cc:295] received handshake_ack for transfer(507)
I0130 11:29:54.997108     1 daemon.cc:482] moving to configuration version=191; pausing all activity while we reconfigure
I0130 11:29:55.059439     1 daemon.cc:492] reconfiguration complete; resuming normal operation
I0130 11:29:55.090852     1 daemon.cc:482] moving to configuration version=192; pausing all activity while we reconfigure
I0130 11:29:55.091218     1 state_transfer_manager.cc:161] ending incoming transfer(427)
I0130 11:29:55.091236     1 state_transfer_manager.cc:161] ending incoming transfer(429)
I0130 11:29:55.091244     1 state_transfer_manager.cc:161] ending incoming transfer(431)
I0130 11:29:55.091251     1 state_transfer_manager.cc:161] ending incoming transfer(433)
I0130 11:29:55.091259     1 state_transfer_manager.cc:161] ending incoming transfer(435)
I0130 11:29:55.091264     1 state_transfer_manager.cc:161] ending incoming transfer(437)
I0130 11:29:55.091271     1 state_transfer_manager.cc:161] ending incoming transfer(439)
I0130 11:29:55.091279     1 state_transfer_manager.cc:161] ending incoming transfer(441)
I0130 11:29:55.091284     1 state_transfer_manager.cc:161] ending incoming transfer(443)
I0130 11:29:55.091291     1 state_transfer_manager.cc:161] ending incoming transfer(445)
I0130 11:29:55.091298     1 state_transfer_manager.cc:161] ending incoming transfer(447)
I0130 11:29:55.091305     1 state_transfer_manager.cc:161] ending incoming transfer(449)
I0130 11:29:55.091311     1 state_transfer_manager.cc:161] ending incoming transfer(451)
I0130 11:29:55.091317     1 state_transfer_manager.cc:161] ending incoming transfer(453)
I0130 11:29:55.091325     1 state_transfer_manager.cc:161] ending incoming transfer(455)
I0130 11:29:55.091331     1 state_transfer_manager.cc:161] ending incoming transfer(457)
I0130 11:29:55.091337     1 state_transfer_manager.cc:161] ending incoming transfer(459)
I0130 11:29:55.091344     1 state_transfer_manager.cc:161] ending incoming transfer(461)
I0130 11:29:55.091351     1 state_transfer_manager.cc:161] ending incoming transfer(463)
I0130 11:29:55.091357     1 state_transfer_manager.cc:161] ending incoming transfer(465)
I0130 11:29:55.091364     1 state_transfer_manager.cc:161] ending incoming transfer(467)
I0130 11:29:55.091372     1 state_transfer_manager.cc:161] ending incoming transfer(469)
I0130 11:29:55.091377     1 state_transfer_manager.cc:161] ending incoming transfer(471)
I0130 11:29:55.091384     1 state_transfer_manager.cc:161] ending incoming transfer(473)
I0130 11:29:55.091392     1 state_transfer_manager.cc:161] ending incoming transfer(475)
I0130 11:29:55.091398     1 state_transfer_manager.cc:161] ending incoming transfer(477)
I0130 11:29:55.091404     1 state_transfer_manager.cc:161] ending incoming transfer(479)
I0130 11:29:55.091411     1 state_transfer_manager.cc:161] ending incoming transfer(481)
I0130 11:29:55.091418     1 state_transfer_manager.cc:161] ending incoming transfer(483)
I0130 11:29:55.091424     1 state_transfer_manager.cc:161] ending incoming transfer(485)
I0130 11:29:55.091431     1 state_transfer_manager.cc:161] ending incoming transfer(487)
I0130 11:29:55.091439     1 state_transfer_manager.cc:161] ending incoming transfer(489)
I0130 11:29:55.091445     1 state_transfer_manager.cc:161] ending incoming transfer(491)
I0130 11:29:55.091451     1 state_transfer_manager.cc:161] ending incoming transfer(493)
I0130 11:29:55.091459     1 state_transfer_manager.cc:161] ending incoming transfer(495)
I0130 11:29:55.091464     1 state_transfer_manager.cc:161] ending incoming transfer(497)
I0130 11:29:55.091471     1 state_transfer_manager.cc:161] ending incoming transfer(499)
I0130 11:29:55.091477     1 state_transfer_manager.cc:161] ending incoming transfer(501)
I0130 11:29:55.091485     1 state_transfer_manager.cc:161] ending incoming transfer(503)
I0130 11:29:55.091491     1 state_transfer_manager.cc:161] ending incoming transfer(505)
I0130 11:29:55.091498     1 state_transfer_manager.cc:161] ending incoming transfer(507)
I0130 11:29:55.091505     1 state_transfer_manager.cc:161] ending incoming transfer(509)
I0130 11:29:55.091544     1 daemon.cc:492] reconfiguration complete; resuming normal operation
I0130 11:29:55.094352     1 daemon.cc:482] moving to configuration version=193; pausing all activity while we reconfigure
I0130 11:29:55.094774     1 state_transfer_manager.cc:153] initiating incoming transfer(id=transfer(553), region=region(25), src=server(3059831190799681541), vsrc=virtual_server(134), dst=server(2518304750719003998), vdst=virtual_server(554))
I0130 11:29:55.094789     1 state_transfer_manager.cc:153] initiating incoming transfer(id=transfer(555), region=region(26), src=server(3059831190799681541), vsrc=virtual_server(137), dst=server(2518304750719003998), vdst=virtual_server(556))
I0130 11:29:55.094799     1 state_transfer_manager.cc:153] initiating incoming transfer(id=transfer(557), region=region(27), src=server(3059831190799681541), vsrc=virtual_server(140), dst=server(2518304750719003998), vdst=virtual_server(558))
I0130 11:29:55.094806     1 state_transfer_manager.cc:153] initiating incoming transfer(id=transfer(559), region=region(28), src=server(3059831190799681541), vsrc=virtual_server(143), dst=server(2518304750719003998), vdst=virtual_server(560))
I0130 11:29:55.094815     1 state_transfer_manager.cc:153] initiating incoming transfer(id=transfer(561), region=region(29), src=server(3059831190799681541), vsrc=virtual_server(146), dst=server(2518304750719003998), vdst=virtual_server(562))
I0130 11:29:55.094823     1 state_transfer_manager.cc:153] initiating incoming transfer(id=transfer(563), region=region(30), src=server(3059831190799681541), vsrc=virtual_server(149), dst=server(2518304750719003998), vdst=virtual_server(564))
I0130 11:29:55.094830     1 state_transfer_manager.cc:153] initiating incoming transfer(id=transfer(565), region=region(31), src=server(3059831190799681541), vsrc=virtual_server(152), dst=server(2518304750719003998), vdst=virtual_server(566))
I0130 11:29:55.094841     1 state_transfer_manager.cc:153] initiating incoming transfer(id=transfer(567), region=region(32), src=server(3059831190799681541), vsrc=virtual_server(155), dst=server(2518304750719003998), vdst=virtual_server(568))
I0130 11:29:55.094849     1 state_transfer_manager.cc:153] initiating incoming transfer(id=transfer(569), region=region(33), src=server(3059831190799681541), vsrc=virtual_server(158), dst=server(2518304750719003998), vdst=virtual_server(570))
I0130 11:29:55.094858     1 state_transfer_manager.cc:153] initiating incoming transfer(id=transfer(571), region=region(34), src=server(3059831190799681541), vsrc=virtual_server(161), dst=server(2518304750719003998), vdst=virtual_server(572))
I0130 11:29:55.094867     1 state_transfer_manager.cc:153] initiating incoming transfer(id=transfer(573), region=region(35), src=server(3059831190799681541), vsrc=virtual_server(164), dst=server(2518304750719003998), vdst=virtual_server(574))
I0130 11:29:55.094876     1 state_transfer_manager.cc:153] initiating incoming transfer(id=transfer(575), region=region(36), src=server(3059831190799681541), vsrc=virtual_server(167), dst=server(2518304750719003998), vdst=virtual_server(576))
I0130 11:29:55.094888     1 state_transfer_manager.cc:153] initiating incoming transfer(id=transfer(577), region=region(37), src=server(3059831190799681541), vsrc=virtual_server(170), dst=server(2518304750719003998), vdst=virtual_server(578))
I0130 11:29:55.094898     1 state_transfer_manager.cc:153] initiating incoming transfer(id=transfer(579), region=region(38), src=server(3059831190799681541), vsrc=virtual_server(173), dst=server(2518304750719003998), vdst=virtual_server(580))
I0130 11:29:55.094907     1 state_transfer_manager.cc:153] initiating incoming transfer(id=transfer(581), region=region(39), src=server(3059831190799681541), vsrc=virtual_server(176), dst=server(2518304750719003998), vdst=virtual_server(582))
I0130 11:29:55.094916     1 state_transfer_manager.cc:153] initiating incoming transfer(id=transfer(583), region=region(40), src=server(3059831190799681541), vsrc=virtual_server(179), dst=server(2518304750719003998), vdst=virtual_server(584))
I0130 11:29:55.094924     1 state_transfer_manager.cc:153] initiating incoming transfer(id=transfer(585), region=region(41), src=server(3059831190799681541), vsrc=virtual_server(182), dst=server(2518304750719003998), vdst=virtual_server(586))
I0130 11:29:55.094933     1 state_transfer_manager.cc:153] initiating incoming transfer(id=transfer(587), region=region(42), src=server(3059831190799681541), vsrc=virtual_server(185), dst=server(2518304750719003998), vdst=virtual_server(588))
I0130 11:29:55.094943     1 state_transfer_manager.cc:153] initiating incoming transfer(id=transfer(589), region=region(43), src=server(3059831190799681541), vsrc=virtual_server(188), dst=server(2518304750719003998), vdst=virtual_server(590))
I0130 11:29:55.094954     1 state_transfer_manager.cc:153] initiating incoming transfer(id=transfer(591), region=region(44), src=server(3059831190799681541), vsrc=virtual_server(191), dst=server(2518304750719003998), vdst=virtual_server(592))
I0130 11:29:55.094960     1 state_transfer_manager.cc:153] initiating incoming transfer(id=transfer(593), region=region(45), src=server(3059831190799681541), vsrc=virtual_server(194), dst=server(2518304750719003998), vdst=virtual_server(594))
I0130 11:29:55.095000     1 daemon.cc:492] reconfiguration complete; resuming normal operation
I0130 11:29:55.097203    16 state_transfer_manager.cc:234] received handshake_syn for transfer(555)
I0130 11:29:55.097251    17 state_transfer_manager.cc:234] received handshake_syn for transfer(559)
I0130 11:29:55.097980    16 state_transfer_manager.cc:234] received handshake_syn for transfer(563)
I0130 11:29:55.099539    16 state_transfer_manager.cc:234] received handshake_syn for transfer(579)
I0130 11:29:55.098500    15 state_transfer_manager.cc:234] received handshake_syn for transfer(571)
I0130 11:29:55.098767    14 state_transfer_manager.cc:234] received handshake_syn for transfer(575)
I0130 11:29:55.100497    15 state_transfer_manager.cc:234] received handshake_syn for transfer(587)
I0130 11:29:55.100533    15 state_transfer_manager.cc:295] received handshake_ack for transfer(555)
I0130 11:29:55.100621    15 state_transfer_manager.cc:295] received handshake_ack for transfer(559)
I0130 11:29:55.100707    15 state_transfer_manager.cc:295] received handshake_ack for transfer(563)
I0130 11:29:55.101022    16 state_transfer_manager.cc:234] received handshake_syn for transfer(583)
I0130 11:29:55.101172    14 state_transfer_manager.cc:234] received handshake_syn for transfer(591)
I0130 11:29:55.098104    17 state_transfer_manager.cc:234] received handshake_syn for transfer(567)
I0130 11:29:55.103150    15 state_transfer_manager.cc:295] received handshake_ack for transfer(567)
I0130 11:29:55.103199    15 state_transfer_manager.cc:295] received handshake_ack for transfer(571)
I0130 11:29:55.103240    16 state_transfer_manager.cc:295] received handshake_ack for transfer(575)
I0130 11:29:55.103297    14 state_transfer_manager.cc:295] received handshake_ack for transfer(579)
I0130 11:29:55.103482    16 state_transfer_manager.cc:295] received handshake_ack for transfer(587)
I0130 11:29:55.103582    16 state_transfer_manager.cc:295] received handshake_ack for transfer(583)
I0130 11:29:55.103605    16 state_transfer_manager.cc:295] received handshake_ack for transfer(591)
I0130 11:29:55.473603     1 daemon.cc:482] moving to configuration version=194; pausing all activity while we reconfigure
I0130 11:29:55.473788     1 daemon.cc:492] reconfiguration complete; resuming normal operation
I0130 11:29:55.479290     1 daemon.cc:482] moving to configuration version=195; pausing all activity while we reconfigure
I0130 11:29:55.479516     1 daemon.cc:492] reconfiguration complete; resuming normal operation
I0130 11:29:55.554574    15 state_transfer_manager.cc:234] received handshake_syn for transfer(553)
I0130 11:29:55.555706    15 state_transfer_manager.cc:234] received handshake_syn for transfer(557)
I0130 11:29:55.555869    16 state_transfer_manager.cc:234] received handshake_syn for transfer(561)
I0130 11:29:55.555915    17 state_transfer_manager.cc:234] received handshake_syn for transfer(565)
I0130 11:29:55.556756    15 state_transfer_manager.cc:234] received handshake_syn for transfer(569)
I0130 11:29:55.556841    16 state_transfer_manager.cc:234] received handshake_syn for transfer(573)
I0130 11:29:55.556953    17 state_transfer_manager.cc:234] received handshake_syn for transfer(577)
I0130 11:29:55.557802    16 state_transfer_manager.cc:234] received handshake_syn for transfer(585)
I0130 11:29:55.557811    15 state_transfer_manager.cc:234] received handshake_syn for transfer(581)
I0130 11:29:55.558929    15 state_transfer_manager.cc:295] received handshake_ack for transfer(553)
I0130 11:29:55.557932    17 state_transfer_manager.cc:234] received handshake_syn for transfer(589)
I0130 11:29:55.558944    16 state_transfer_manager.cc:234] received handshake_syn for transfer(593)
I0130 11:29:55.559427    17 state_transfer_manager.cc:295] received handshake_ack for transfer(557)
I0130 11:29:55.559489    17 state_transfer_manager.cc:295] received handshake_ack for transfer(561)
I0130 11:29:55.559530    17 state_transfer_manager.cc:295] received handshake_ack for transfer(565)
I0130 11:29:55.559567    17 state_transfer_manager.cc:295] received handshake_ack for transfer(569)
I0130 11:29:55.559595    16 state_transfer_manager.cc:295] received handshake_ack for transfer(573)
I0130 11:29:55.559633    16 state_transfer_manager.cc:295] received handshake_ack for transfer(577)
I0130 11:29:55.559677    17 state_transfer_manager.cc:295] received handshake_ack for transfer(585)
I0130 11:29:55.559726    17 state_transfer_manager.cc:295] received handshake_ack for transfer(581)
I0130 11:29:55.559744    17 state_transfer_manager.cc:295] received handshake_ack for transfer(589)
I0130 11:29:55.560385    17 state_transfer_manager.cc:295] received handshake_ack for transfer(593)
I0130 11:29:55.639891     1 daemon.cc:482] moving to configuration version=197; pausing all activity while we reconfigure
I0130 11:29:55.640125     1 daemon.cc:492] reconfiguration complete; resuming normal operation
I0130 11:29:55.840632     1 daemon.cc:482] moving to configuration version=198; pausing all activity while we reconfigure
I0130 11:29:55.840814     1 daemon.cc:492] reconfiguration complete; resuming normal operation
I0130 11:29:55.962035     1 daemon.cc:482] moving to configuration version=199; pausing all activity while we reconfigure
I0130 11:29:55.962277     1 daemon.cc:492] reconfiguration complete; resuming normal operation
I0130 11:29:56.142259     1 daemon.cc:482] moving to configuration version=200; pausing all activity while we reconfigure
I0130 11:29:56.142685     1 daemon.cc:492] reconfiguration complete; resuming normal operation
I0130 11:29:56.164484     1 daemon.cc:482] moving to configuration version=201; pausing all activity while we reconfigure
I0130 11:29:56.164661     1 daemon.cc:492] reconfiguration complete; resuming normal operation
I0130 11:29:57.431483     1 daemon.cc:482] moving to configuration version=217; pausing all activity while we reconfigure
I0130 11:29:57.433151     1 state_transfer_manager.cc:146] ending incoming transfer(555)
I0130 11:29:57.433205     1 daemon.cc:492] reconfiguration complete; resuming normal operation
I0130 11:29:57.459794     1 daemon.cc:482] moving to configuration version=218; pausing all activity while we reconfigure
I0130 11:29:57.460062     1 daemon.cc:492] reconfiguration complete; resuming normal operation
I0130 11:29:57.464751     1 daemon.cc:482] moving to configuration version=219; pausing all activity while we reconfigure
I0130 11:29:57.465075     1 daemon.cc:492] reconfiguration complete; resuming normal operation
I0130 11:29:57.539911     1 daemon.cc:482] moving to configuration version=220; pausing all activity while we reconfigure
I0130 11:29:57.540083     1 daemon.cc:492] reconfiguration complete; resuming normal operation
I0130 11:29:57.554199     1 daemon.cc:482] moving to configuration version=221; pausing all activity while we reconfigure
I0130 11:29:57.554419     1 daemon.cc:492] reconfiguration complete; resuming normal operation
I0130 11:29:57.667446     1 daemon.cc:482] moving to configuration version=222; pausing all activity while we reconfigure
I0130 11:29:57.667657     1 daemon.cc:492] reconfiguration complete; resuming normal operation
I0130 11:29:57.680927     1 daemon.cc:482] moving to configuration version=223; pausing all activity while we reconfigure
I0130 11:29:57.681104     1 daemon.cc:492] reconfiguration complete; resuming normal operation
I0130 11:29:57.808241     1 daemon.cc:482] moving to configuration version=224; pausing all activity while we reconfigure
I0130 11:29:57.808468     1 daemon.cc:492] reconfiguration complete; resuming normal operation
I0130 11:29:57.817708     1 daemon.cc:482] moving to configuration version=225; pausing all activity while we reconfigure
I0130 11:29:57.817862     1 daemon.cc:492] reconfiguration complete; resuming normal operation
I0130 11:29:58.030864     1 daemon.cc:482] moving to configuration version=226; pausing all activity while we reconfigure
I0130 11:29:58.031229     1 daemon.cc:492] reconfiguration complete; resuming normal operation
I0130 11:29:58.039559     1 daemon.cc:482] moving to configuration version=227; pausing all activity while we reconfigure
I0130 11:29:58.039793     1 daemon.cc:492] reconfiguration complete; resuming normal operation
I0130 11:29:58.222750     1 daemon.cc:482] moving to configuration version=228; pausing all activity while we reconfigure
I0130 11:29:58.222926     1 daemon.cc:492] reconfiguration complete; resuming normal operation
I0130 11:29:58.236147     1 daemon.cc:482] moving to configuration version=229; pausing all activity while we reconfigure
I0130 11:29:58.236414     1 daemon.cc:492] reconfiguration complete; resuming normal operation
I0130 11:29:58.268709     1 daemon.cc:482] moving to configuration version=230; pausing all activity while we reconfigure
I0130 11:29:58.269001     1 daemon.cc:492] reconfiguration complete; resuming normal operation
I0130 11:29:58.341541     1 daemon.cc:482] moving to configuration version=231; pausing all activity while we reconfigure
I0130 11:29:58.341825     1 daemon.cc:492] reconfiguration complete; resuming normal operation
I0130 11:29:58.492677     1 daemon.cc:482] moving to configuration version=232; pausing all activity while we reconfigure
I0130 11:29:58.492884     1 daemon.cc:492] reconfiguration complete; resuming normal operation
I0130 11:29:58.498946     1 daemon.cc:482] moving to configuration version=233; pausing all activity while we reconfigure
I0130 11:29:58.499555     1 daemon.cc:492] reconfiguration complete; resuming normal operation
I0130 11:29:58.620362     1 daemon.cc:482] moving to configuration version=234; pausing all activity while we reconfigure
I0130 11:29:58.620672     1 daemon.cc:492] reconfiguration complete; resuming normal operation
I0130 11:29:58.635558     1 daemon.cc:482] moving to configuration version=235; pausing all activity while we reconfigure
I0130 11:29:58.635835     1 daemon.cc:492] reconfiguration complete; resuming normal operation
I0130 11:29:58.791801     1 daemon.cc:482] moving to configuration version=236; pausing all activity while we reconfigure
I0130 11:29:58.792392     1 daemon.cc:492] reconfiguration complete; resuming normal operation
I0130 11:29:58.801697     1 daemon.cc:482] moving to configuration version=237; pausing all activity while we reconfigure
I0130 11:29:58.802891     1 state_transfer_manager.cc:153] initiating incoming transfer(id=transfer(595), region=region(48), src=server(16293765535358465470), vsrc=virtual_server(516), dst=server(2518304750719003998), vdst=virtual_server(596))
I0130 11:29:58.802908     1 state_transfer_manager.cc:153] initiating incoming transfer(id=transfer(597), region=region(46), src=server(16293765535358465470), vsrc=virtual_server(512), dst=server(2518304750719003998), vdst=virtual_server(598))
I0130 11:29:58.802917     1 state_transfer_manager.cc:153] initiating incoming transfer(id=transfer(599), region=region(50), src=server(16293765535358465470), vsrc=virtual_server(520), dst=server(2518304750719003998), vdst=virtual_server(600))
I0130 11:29:58.802927     1 state_transfer_manager.cc:153] initiating incoming transfer(id=transfer(601), region=region(47), src=server(16293765535358465470), vsrc=virtual_server(514), dst=server(2518304750719003998), vdst=virtual_server(602))
I0130 11:29:58.802934     1 state_transfer_manager.cc:153] initiating incoming transfer(id=transfer(603), region=region(49), src=server(16293765535358465470), vsrc=virtual_server(518), dst=server(2518304750719003998), vdst=virtual_server(604))
I0130 11:29:58.802942     1 state_transfer_manager.cc:153] initiating incoming transfer(id=transfer(605), region=region(52), src=server(16293765535358465470), vsrc=virtual_server(524), dst=server(2518304750719003998), vdst=virtual_server(606))
I0130 11:29:58.802952     1 state_transfer_manager.cc:153] initiating incoming transfer(id=transfer(607), region=region(54), src=server(16293765535358465470), vsrc=virtual_server(528), dst=server(2518304750719003998), vdst=virtual_server(608))
I0130 11:29:58.802960     1 state_transfer_manager.cc:153] initiating incoming transfer(id=transfer(609), region=region(56), src=server(16293765535358465470), vsrc=virtual_server(532), dst=server(2518304750719003998), vdst=virtual_server(610))
I0130 11:29:58.802969     1 state_transfer_manager.cc:153] initiating incoming transfer(id=transfer(611), region=region(58), src=server(16293765535358465470), vsrc=virtual_server(536), dst=server(2518304750719003998), vdst=virtual_server(612))
I0130 11:29:58.802979     1 state_transfer_manager.cc:153] initiating incoming transfer(id=transfer(613), region=region(60), src=server(16293765535358465470), vsrc=virtual_server(540), dst=server(2518304750719003998), vdst=virtual_server(614))
I0130 11:29:58.802988     1 state_transfer_manager.cc:153] initiating incoming transfer(id=transfer(615), region=region(62), src=server(16293765535358465470), vsrc=virtual_server(544), dst=server(2518304750719003998), vdst=virtual_server(616))
I0130 11:29:58.802995     1 state_transfer_manager.cc:153] initiating incoming transfer(id=transfer(617), region=region(51), src=server(16293765535358465470), vsrc=virtual_server(522), dst=server(2518304750719003998), vdst=virtual_server(618))
I0130 11:29:58.803004     1 state_transfer_manager.cc:153] initiating incoming transfer(id=transfer(619), region=region(64), src=server(16293765535358465470), vsrc=virtual_server(548), dst=server(2518304750719003998), vdst=virtual_server(620))
