I0128 21:38:17.332818     1 daemon.cc:284] running in the foreground
I0128 21:38:17.332916     1 daemon.cc:285] no log will be generated; instead, the log messages will print to the terminal
I0128 21:38:17.332926     1 daemon.cc:286] provide "--daemon" on the command-line if you want to run in the background
I0128 21:38:17.332932     1 daemon.cc:293] initializing local storage
I0128 21:38:17.351027     9 background_thread.cc:153] checkpointer thread started
I0128 21:38:17.351121    10 background_thread.cc:153] indexing thread started
I0128 21:38:17.351125    11 background_thread.cc:153] wiping thread started
I0128 21:38:17.362843     1 daemon.cc:348] generated new random token:  18437966591783271607
I0128 21:38:17.369024     1 daemon.cc:373] starting checkpoint process with checkpoint=0 checkpoint_stable=0 checkpoint_gc=0
W0128 21:38:17.369212     1 daemon.cc:1612] cannot determine device name for reporting io.* stats
W0128 21:38:17.369220     1 daemon.cc:1613] iostat-like statistics will not be reported
I0128 21:38:17.389088    12 background_thread.cc:153] replication thread started
I0128 21:38:17.389086    14 daemon.cc:590] network thread 0 started on core 0
I0128 21:38:17.389133    13 background_thread.cc:153] state transfer thread started
I0128 21:38:17.389219    15 daemon.cc:590] network thread 1 started on core 1
I0128 21:38:17.389219    16 daemon.cc:590] network thread 2 started on core 2
I0128 21:38:17.389245    17 daemon.cc:590] network thread 3 started on core 3
I0128 21:38:17.389364     1 daemon.cc:482] moving to configuration version=8; pausing all activity while we reconfigure
I0128 21:38:17.389441     1 daemon.cc:492] reconfiguration complete; resuming normal operation
I0128 21:38:17.390708     1 daemon.cc:482] moving to configuration version=9; pausing all activity while we reconfigure
I0128 21:38:17.390759     1 daemon.cc:492] reconfiguration complete; resuming normal operation
I0128 21:38:18.216581     1 daemon.cc:482] moving to configuration version=10; pausing all activity while we reconfigure
I0128 21:38:18.216647     1 daemon.cc:492] reconfiguration complete; resuming normal operation
I0128 21:38:18.240594     1 daemon.cc:482] moving to configuration version=11; pausing all activity while we reconfigure
I0128 21:38:18.240665     1 daemon.cc:492] reconfiguration complete; resuming normal operation
I0128 21:47:27.084451     1 daemon.cc:482] moving to configuration version=12; pausing all activity while we reconfigure
I0128 21:47:27.084592     1 daemon.cc:492] reconfiguration complete; resuming normal operation
I0128 23:16:28.056036     1 daemon.cc:482] moving to configuration version=13; pausing all activity while we reconfigure
I0128 23:16:28.056501     1 daemon.cc:492] reconfiguration complete; resuming normal operation
I0128 23:16:29.069749     1 daemon.cc:482] moving to configuration version=14; pausing all activity while we reconfigure
I0128 23:16:29.070200     1 daemon.cc:492] reconfiguration complete; resuming normal operation
I0128 23:16:29.212833     1 daemon.cc:482] moving to configuration version=15; pausing all activity while we reconfigure
I0128 23:16:29.213266     1 daemon.cc:492] reconfiguration complete; resuming normal operation
I0128 23:16:29.220932     1 daemon.cc:482] moving to configuration version=16; pausing all activity while we reconfigure
I0128 23:16:29.221462     1 daemon.cc:492] reconfiguration complete; resuming normal operation
I0128 23:16:30.093637     1 daemon.cc:482] moving to configuration version=17; pausing all activity while we reconfigure
I0128 23:16:30.094072     1 daemon.cc:492] reconfiguration complete; resuming normal operation
I0128 23:16:30.113900     1 daemon.cc:482] moving to configuration version=18; pausing all activity while we reconfigure
I0128 23:16:30.114310     1 daemon.cc:492] reconfiguration complete; resuming normal operation
I0128 23:16:30.212646     1 daemon.cc:482] moving to configuration version=19; pausing all activity while we reconfigure
I0128 23:16:30.213179     1 daemon.cc:492] reconfiguration complete; resuming normal operation
I0128 23:16:30.898336     1 daemon.cc:482] moving to configuration version=21; pausing all activity while we reconfigure
I0128 23:16:30.899723     1 daemon.cc:492] reconfiguration complete; resuming normal operation
I0128 23:16:30.957236     1 daemon.cc:482] moving to configuration version=22; pausing all activity while we reconfigure
I0128 23:16:30.957974     1 daemon.cc:492] reconfiguration complete; resuming normal operation
I0128 23:16:31.059658     1 daemon.cc:482] moving to configuration version=23; pausing all activity while we reconfigure
I0128 23:16:31.060654     1 daemon.cc:492] reconfiguration complete; resuming normal operation
I0128 23:16:31.089227     1 daemon.cc:482] moving to configuration version=24; pausing all activity while we reconfigure
I0128 23:16:31.090008     1 daemon.cc:492] reconfiguration complete; resuming normal operation
I0128 23:16:31.185221     1 daemon.cc:482] moving to configuration version=25; pausing all activity while we reconfigure
I0128 23:16:31.185788     1 daemon.cc:492] reconfiguration complete; resuming normal operation
I0128 23:16:31.466632     1 daemon.cc:482] moving to configuration version=26; pausing all activity while we reconfigure
I0128 23:16:31.467082     1 daemon.cc:492] reconfiguration complete; resuming normal operation
E0128 23:16:31.467082     1 daemon.cc:71] RAW: interrupted: initiating shutdown; we'll try for up to 10 seconds (interrupt again to exit immediately)
I0128 23:16:31.918514     1 daemon.cc:482] moving to configuration version=27; pausing all activity while we reconfigure
I0128 23:16:31.918814     1 daemon.cc:492] reconfiguration complete; resuming normal operation
I0128 23:16:31.951653    17 daemon.cc:726] network thread shutting down
I0128 23:16:31.951653    14 daemon.cc:726] network thread shutting down
I0128 23:16:31.951658    15 daemon.cc:726] network thread shutting down
I0128 23:16:31.951668    16 daemon.cc:726] network thread shutting down
I0128 23:16:31.951845    13 background_thread.cc:188] state transfer thread stopped
I0128 23:16:31.951971    12 background_thread.cc:188] replication thread stopped
I0128 23:16:31.952170     9 background_thread.cc:188] checkpointer thread stopped
I0128 23:16:31.952217    10 background_thread.cc:188] indexing thread stopped
I0128 23:16:31.952260    11 background_thread.cc:188] wiping thread stopped
I0128 23:16:31.952342     1 daemon.cc:532] hyperdex-daemon will now terminate
I0128 23:20:55.002300     1 daemon.cc:284] running in the foreground
I0128 23:20:55.002398     1 daemon.cc:285] no log will be generated; instead, the log messages will print to the terminal
I0128 23:20:55.002408     1 daemon.cc:286] provide "--daemon" on the command-line if you want to run in the background
I0128 23:20:55.002414     1 daemon.cc:293] initializing local storage
I0128 23:20:55.142983     9 background_thread.cc:153] checkpointer thread started
I0128 23:20:55.142987    10 background_thread.cc:153] indexing thread started
I0128 23:20:55.142989    11 background_thread.cc:153] wiping thread started
I0128 23:20:55.220180     1 daemon.cc:373] starting checkpoint process with checkpoint=204 checkpoint_stable=204 checkpoint_gc=194
W0128 23:20:55.220351     1 daemon.cc:1612] cannot determine device name for reporting io.* stats
W0128 23:20:55.220366     1 daemon.cc:1613] iostat-like statistics will not be reported
I0128 23:20:55.239660    12 background_thread.cc:153] replication thread started
I0128 23:20:55.239796    13 background_thread.cc:153] state transfer thread started
I0128 23:20:55.239825    14 daemon.cc:590] network thread 0 started on core 0
I0128 23:20:55.239827    15 daemon.cc:590] network thread 1 started on core 1
I0128 23:20:55.240021    16 daemon.cc:590] network thread 2 started on core 2
I0128 23:20:55.240043    17 daemon.cc:590] network thread 3 started on core 3
I0128 23:20:55.240232     1 daemon.cc:482] moving to configuration version=40; pausing all activity while we reconfigure
I0128 23:20:55.240355     1 daemon.cc:492] reconfiguration complete; resuming normal operation
I0128 23:20:55.241436     1 daemon.cc:482] moving to configuration version=41; pausing all activity while we reconfigure
I0128 23:20:55.241729     1 state_transfer_manager.cc:153] initiating incoming transfer(id=transfer(99), region=region(15), src=server(5901802695393073935), vsrc=virtual_server(51), dst=server(18437966591783271607), vdst=virtual_server(100))
I0128 23:20:55.241746     1 state_transfer_manager.cc:153] initiating incoming transfer(id=transfer(101), region=region(16), src=server(5901802695393073935), vsrc=virtual_server(53), dst=server(18437966591783271607), vdst=virtual_server(102))
I0128 23:20:55.241755     1 state_transfer_manager.cc:153] initiating incoming transfer(id=transfer(103), region=region(17), src=server(5901802695393073935), vsrc=virtual_server(55), dst=server(18437966591783271607), vdst=virtual_server(104))
I0128 23:20:55.241765     1 state_transfer_manager.cc:153] initiating incoming transfer(id=transfer(105), region=region(18), src=server(5901802695393073935), vsrc=virtual_server(57), dst=server(18437966591783271607), vdst=virtual_server(106))
I0128 23:20:55.241775     1 state_transfer_manager.cc:153] initiating incoming transfer(id=transfer(107), region=region(19), src=server(5901802695393073935), vsrc=virtual_server(59), dst=server(18437966591783271607), vdst=virtual_server(108))
I0128 23:20:55.241782     1 state_transfer_manager.cc:153] initiating incoming transfer(id=transfer(109), region=region(20), src=server(5901802695393073935), vsrc=virtual_server(61), dst=server(18437966591783271607), vdst=virtual_server(110))
I0128 23:20:55.241791     1 state_transfer_manager.cc:153] initiating incoming transfer(id=transfer(111), region=region(21), src=server(10327312535168882966), vsrc=virtual_server(64), dst=server(18437966591783271607), vdst=virtual_server(112))
I0128 23:20:55.241798     1 state_transfer_manager.cc:153] initiating incoming transfer(id=transfer(113), region=region(22), src=server(10327312535168882966), vsrc=virtual_server(66), dst=server(18437966591783271607), vdst=virtual_server(114))
I0128 23:20:55.241806     1 state_transfer_manager.cc:153] initiating incoming transfer(id=transfer(115), region=region(23), src=server(10327312535168882966), vsrc=virtual_server(68), dst=server(18437966591783271607), vdst=virtual_server(116))
I0128 23:20:55.241814     1 state_transfer_manager.cc:153] initiating incoming transfer(id=transfer(117), region=region(24), src=server(10327312535168882966), vsrc=virtual_server(70), dst=server(18437966591783271607), vdst=virtual_server(118))
I0128 23:20:55.241823     1 state_transfer_manager.cc:153] initiating incoming transfer(id=transfer(119), region=region(25), src=server(10327312535168882966), vsrc=virtual_server(72), dst=server(18437966591783271607), vdst=virtual_server(120))
I0128 23:20:55.241832     1 state_transfer_manager.cc:153] initiating incoming transfer(id=transfer(121), region=region(26), src=server(10327312535168882966), vsrc=virtual_server(74), dst=server(18437966591783271607), vdst=virtual_server(122))
I0128 23:20:55.241865     1 daemon.cc:492] reconfiguration complete; resuming normal operation
I0128 23:20:55.243414    16 state_transfer_manager.cc:234] received handshake_syn for transfer(99)
I0128 23:20:55.243444    15 state_transfer_manager.cc:234] received handshake_syn for transfer(103)
I0128 23:20:55.243546    16 state_transfer_manager.cc:234] received handshake_syn for transfer(107)
I0128 23:20:55.243728    16 state_transfer_manager.cc:234] received handshake_syn for transfer(111)
I0128 23:20:55.243861    16 state_transfer_manager.cc:234] received handshake_syn for transfer(119)
I0128 23:20:55.243887    16 state_transfer_manager.cc:295] received handshake_ack for transfer(99)
I0128 23:20:55.243932    14 state_transfer_manager.cc:295] received handshake_ack for transfer(103)
I0128 23:20:55.243971    16 state_transfer_manager.cc:295] received handshake_ack for transfer(107)
I0128 23:20:55.243994    16 state_transfer_manager.cc:295] received handshake_ack for transfer(111)
I0128 23:20:55.244200    17 state_transfer_manager.cc:234] received handshake_syn for transfer(115)
I0128 23:20:55.244431    17 state_transfer_manager.cc:295] received handshake_ack for transfer(115)
I0128 23:20:55.244640    17 state_transfer_manager.cc:295] received handshake_ack for transfer(119)
I0128 23:20:59.293171     1 daemon.cc:482] moving to configuration version=47; pausing all activity while we reconfigure
I0128 23:20:59.293297     1 daemon.cc:492] reconfiguration complete; resuming normal operation
I0128 23:20:59.295130     1 daemon.cc:482] moving to configuration version=49; pausing all activity while we reconfigure
I0128 23:20:59.295184     1 state_transfer_manager.cc:146] ending incoming transfer(111)
I0128 23:20:59.295197     1 state_transfer_manager.cc:146] ending incoming transfer(115)
I0128 23:20:59.295228     1 daemon.cc:492] reconfiguration complete; resuming normal operation
I0128 23:20:59.296017     1 daemon.cc:482] moving to configuration version=50; pausing all activity while we reconfigure
I0128 23:20:59.296201     1 state_transfer_manager.cc:146] ending incoming transfer(119)
I0128 23:20:59.296234     1 daemon.cc:492] reconfiguration complete; resuming normal operation
I0128 23:20:59.296459    15 state_transfer_manager.cc:234] received handshake_syn for transfer(113)
I0128 23:20:59.296612    17 state_transfer_manager.cc:234] received handshake_syn for transfer(121)
I0128 23:20:59.296632    15 state_transfer_manager.cc:295] received handshake_ack for transfer(121)
I0128 23:20:59.296700    16 state_transfer_manager.cc:295] received handshake_ack for transfer(113)
I0128 23:20:59.298374     1 daemon.cc:482] moving to configuration version=51; pausing all activity while we reconfigure
I0128 23:20:59.298755     1 state_transfer_manager.cc:146] ending incoming transfer(99)
I0128 23:20:59.298789     1 daemon.cc:492] reconfiguration complete; resuming normal operation
I0128 23:20:59.299804     1 daemon.cc:482] moving to configuration version=52; pausing all activity while we reconfigure
I0128 23:20:59.300205     1 state_transfer_manager.cc:146] ending incoming transfer(103)
I0128 23:20:59.300240     1 daemon.cc:492] reconfiguration complete; resuming normal operation
I0128 23:20:59.300796     1 daemon.cc:482] moving to configuration version=53; pausing all activity while we reconfigure
I0128 23:20:59.301777     1 state_transfer_manager.cc:146] ending incoming transfer(107)
I0128 23:20:59.301810     1 daemon.cc:492] reconfiguration complete; resuming normal operation
I0128 23:20:59.305793    15 state_transfer_manager.cc:234] received handshake_syn for transfer(101)
I0128 23:20:59.305824    17 state_transfer_manager.cc:234] received handshake_syn for transfer(109)
I0128 23:20:59.315026    16 state_transfer_manager.cc:295] received handshake_ack for transfer(101)
I0128 23:20:59.315378    17 state_transfer_manager.cc:295] received handshake_ack for transfer(109)
I0128 23:21:01.427436     1 daemon.cc:482] moving to configuration version=54; pausing all activity while we reconfigure
I0128 23:21:01.460073     1 daemon.cc:492] reconfiguration complete; resuming normal operation
I0128 23:21:01.460180     1 daemon.cc:482] moving to configuration version=55; pausing all activity while we reconfigure
I0128 23:21:01.460261     1 state_transfer_manager.cc:161] ending incoming transfer(121)
I0128 23:21:01.460295     1 daemon.cc:492] reconfiguration complete; resuming normal operation
I0128 23:21:01.479121     1 daemon.cc:482] moving to configuration version=56; pausing all activity while we reconfigure
I0128 23:21:01.479835     1 daemon.cc:492] reconfiguration complete; resuming normal operation
I0128 23:21:01.491139     1 daemon.cc:482] moving to configuration version=57; pausing all activity while we reconfigure
I0128 23:21:01.491219     1 state_transfer_manager.cc:146] ending incoming transfer(113)
I0128 23:21:01.491252     1 daemon.cc:492] reconfiguration complete; resuming normal operation
I0128 23:21:01.493202    15 state_transfer_manager.cc:234] received handshake_syn for transfer(117)
I0128 23:21:01.493286    15 state_transfer_manager.cc:295] received handshake_ack for transfer(117)
I0128 23:21:02.096634     1 daemon.cc:482] moving to configuration version=58; pausing all activity while we reconfigure
I0128 23:21:02.096776     1 daemon.cc:492] reconfiguration complete; resuming normal operation
I0128 23:21:03.084681     1 daemon.cc:482] moving to configuration version=59; pausing all activity while we reconfigure
I0128 23:21:03.086158     1 state_transfer_manager.cc:161] ending incoming transfer(117)
I0128 23:21:03.086230     1 daemon.cc:492] reconfiguration complete; resuming normal operation
I0128 23:21:03.397410     1 daemon.cc:482] moving to configuration version=60; pausing all activity while we reconfigure
I0128 23:21:03.397526     1 daemon.cc:492] reconfiguration complete; resuming normal operation
I0128 23:21:03.401998     1 daemon.cc:482] moving to configuration version=61; pausing all activity while we reconfigure
I0128 23:21:03.402063     1 state_transfer_manager.cc:146] ending incoming transfer(101)
I0128 23:21:03.402094     1 daemon.cc:492] reconfiguration complete; resuming normal operation
I0128 23:21:03.406330    17 state_transfer_manager.cc:234] received handshake_syn for transfer(105)
I0128 23:21:03.406628    17 state_transfer_manager.cc:295] received handshake_ack for transfer(105)
I0128 23:21:04.298034     1 daemon.cc:482] moving to configuration version=62; pausing all activity while we reconfigure
I0128 23:21:04.298149     1 daemon.cc:492] reconfiguration complete; resuming normal operation
I0128 23:21:05.167718     1 daemon.cc:482] moving to configuration version=63; pausing all activity while we reconfigure
I0128 23:21:05.167819     1 state_transfer_manager.cc:146] ending incoming transfer(105)
I0128 23:21:05.167873     1 daemon.cc:492] reconfiguration complete; resuming normal operation
I0128 23:21:05.347224     1 daemon.cc:482] moving to configuration version=64; pausing all activity while we reconfigure
I0128 23:21:05.347477     1 daemon.cc:492] reconfiguration complete; resuming normal operation
I0128 23:21:05.350955     1 daemon.cc:482] moving to configuration version=65; pausing all activity while we reconfigure
I0128 23:21:05.351079     1 state_transfer_manager.cc:161] ending incoming transfer(109)
I0128 23:21:05.351141     1 daemon.cc:492] reconfiguration complete; resuming normal operation
I0128 23:21:20.360537     1 daemon.cc:482] moving to configuration version=66; pausing all activity while we reconfigure
I0128 23:21:20.361027     1 state_transfer_manager.cc:153] initiating outgoing transfer(id=transfer(123), region=region(21), src=server(18437966591783271607), vsrc=virtual_server(112), dst=server(10327312535168882966), vdst=virtual_server(124))
I0128 23:21:20.361052     1 state_transfer_manager.cc:153] initiating outgoing transfer(id=transfer(125), region=region(22), src=server(18437966591783271607), vsrc=virtual_server(114), dst=server(10327312535168882966), vdst=virtual_server(126))
I0128 23:21:20.361060     1 state_transfer_manager.cc:153] initiating outgoing transfer(id=transfer(127), region=region(23), src=server(18437966591783271607), vsrc=virtual_server(116), dst=server(10327312535168882966), vdst=virtual_server(128))
I0128 23:21:20.361073     1 state_transfer_manager.cc:153] initiating outgoing transfer(id=transfer(129), region=region(24), src=server(18437966591783271607), vsrc=virtual_server(118), dst=server(10327312535168882966), vdst=virtual_server(130))
I0128 23:21:20.361080     1 state_transfer_manager.cc:153] initiating outgoing transfer(id=transfer(131), region=region(25), src=server(18437966591783271607), vsrc=virtual_server(120), dst=server(10327312535168882966), vdst=virtual_server(132))
I0128 23:21:20.361088     1 state_transfer_manager.cc:153] initiating outgoing transfer(id=transfer(133), region=region(26), src=server(18437966591783271607), vsrc=virtual_server(122), dst=server(10327312535168882966), vdst=virtual_server(134))
I0128 23:21:20.361119     1 daemon.cc:492] reconfiguration complete; resuming normal operation
I0128 23:21:20.361778    16 state_transfer_manager.cc:267] received handshake_synack for transfer(123) @ 205
I0128 23:21:20.362890    16 state_transfer_manager.cc:267] received handshake_synack for transfer(127) @ 205
I0128 23:21:20.364078    14 state_transfer_manager.cc:324] received handshake_wiped for transfer(123)
I0128 23:21:20.364094    14 state_transfer_manager.cc:324] received handshake_wiped for transfer(123)
I0128 23:21:20.364367    16 state_transfer_manager.cc:267] received handshake_synack for transfer(131) @ 205
I0128 23:21:20.364384    16 state_transfer_manager.cc:324] received handshake_wiped for transfer(127)
I0128 23:21:20.364394    16 state_transfer_manager.cc:324] received handshake_wiped for transfer(127)
I0128 23:21:20.368049    14 coordinator_link_wrapper.cc:501] requesting that transfer(131) go live
I0128 23:21:20.368064    14 state_transfer_manager.cc:324] received handshake_wiped for transfer(131)
I0128 23:21:20.368486    16 coordinator_link_wrapper.cc:501] requesting that transfer(127) go live
I0128 23:21:20.368567    15 coordinator_link_wrapper.cc:501] requesting that transfer(131) go live
I0128 23:21:20.368582    15 state_transfer_manager.cc:324] received handshake_wiped for transfer(131)
I0128 23:21:20.368619    14 coordinator_link_wrapper.cc:501] requesting that transfer(123) go live
I0128 23:21:20.369748     1 daemon.cc:482] moving to configuration version=69; pausing all activity while we reconfigure
I0128 23:21:20.369967     1 daemon.cc:492] reconfiguration complete; resuming normal operation
I0128 23:21:20.370895    13 coordinator_link_wrapper.cc:514] requesting that transfer(123) complete
I0128 23:21:20.371563    13 coordinator_link_wrapper.cc:514] requesting that transfer(127) complete
I0128 23:21:20.372165    13 coordinator_link_wrapper.cc:514] requesting that transfer(131) complete
I0128 23:21:20.372375     1 daemon.cc:482] moving to configuration version=70; pausing all activity while we reconfigure
I0128 23:21:20.372591     1 state_transfer_manager.cc:146] ending outgoing transfer(123)
I0128 23:21:20.372635     1 daemon.cc:492] reconfiguration complete; resuming normal operation
I0128 23:21:20.373556     1 daemon.cc:482] moving to configuration version=72; pausing all activity while we reconfigure
I0128 23:21:20.373894     1 state_transfer_manager.cc:146] ending outgoing transfer(127)
I0128 23:21:20.373908     1 state_transfer_manager.cc:146] ending outgoing transfer(131)
I0128 23:21:20.373965     1 daemon.cc:492] reconfiguration complete; resuming normal operation
I0128 23:21:20.376041    16 state_transfer_manager.cc:267] received handshake_synack for transfer(133) @ 205
I0128 23:21:20.376250    15 state_transfer_manager.cc:324] received handshake_wiped for transfer(133)
I0128 23:21:20.376274    15 state_transfer_manager.cc:324] received handshake_wiped for transfer(133)
I0128 23:21:20.376416    17 state_transfer_manager.cc:267] received handshake_synack for transfer(125) @ 205
I0128 23:21:20.376438    14 state_transfer_manager.cc:324] received handshake_wiped for transfer(125)
I0128 23:21:20.376471    16 state_transfer_manager.cc:324] received handshake_wiped for transfer(125)
I0128 23:21:20.378206    14 coordinator_link_wrapper.cc:501] requesting that transfer(125) go live
I0128 23:21:20.379484    15 coordinator_link_wrapper.cc:501] requesting that transfer(133) go live
I0128 23:21:20.382033     1 daemon.cc:482] moving to configuration version=73; pausing all activity while we reconfigure
I0128 23:21:20.382275     1 daemon.cc:492] reconfiguration complete; resuming normal operation
I0128 23:21:20.382712    13 coordinator_link_wrapper.cc:514] requesting that transfer(125) complete
I0128 23:21:20.382879    13 coordinator_link_wrapper.cc:501] requesting that transfer(133) go live
I0128 23:21:20.385635     1 daemon.cc:482] moving to configuration version=75; pausing all activity while we reconfigure
I0128 23:21:20.385908     1 state_transfer_manager.cc:146] ending outgoing transfer(125)
I0128 23:21:20.385952     1 daemon.cc:492] reconfiguration complete; resuming normal operation
I0128 23:21:20.391191    17 state_transfer_manager.cc:267] received handshake_synack for transfer(129) @ 205
I0128 23:21:20.393352    16 coordinator_link_wrapper.cc:501] requesting that transfer(129) go live
I0128 23:21:20.393393    16 state_transfer_manager.cc:324] received handshake_wiped for transfer(129)
I0128 23:21:20.394657     1 daemon.cc:482] moving to configuration version=76; pausing all activity while we reconfigure
I0128 23:21:20.394675    15 coordinator_link_wrapper.cc:501] requesting that transfer(129) go live
I0128 23:21:20.394690    15 state_transfer_manager.cc:324] received handshake_wiped for transfer(129)
I0128 23:21:20.394973     1 daemon.cc:492] reconfiguration complete; resuming normal operation
I0128 23:21:20.395707    13 coordinator_link_wrapper.cc:514] requesting that transfer(129) complete
I0128 23:21:20.397778     1 daemon.cc:482] moving to configuration version=77; pausing all activity while we reconfigure
I0128 23:21:20.398079     1 state_transfer_manager.cc:146] ending outgoing transfer(129)
I0128 23:21:20.398129     1 daemon.cc:492] reconfiguration complete; resuming normal operation
I0128 23:21:20.398741    13 coordinator_link_wrapper.cc:514] requesting that transfer(133) complete
I0128 23:21:20.403167     1 daemon.cc:482] moving to configuration version=78; pausing all activity while we reconfigure
I0128 23:21:20.403650     1 state_transfer_manager.cc:161] ending outgoing transfer(133)
I0128 23:21:20.403691     1 daemon.cc:492] reconfiguration complete; resuming normal operation
E0128 23:21:20.403691     1 daemon.cc:71] RAW: interrupted: initiating shutdown; we'll try for up to 10 seconds (interrupt again to exit immediately)
I0128 23:22:44.704175     1 daemon.cc:482] moving to configuration version=79; pausing all activity while we reconfigure
I0128 23:22:44.704918     1 daemon.cc:492] reconfiguration complete; resuming normal operation
I0128 23:22:44.705662    14 daemon.cc:726] network thread shutting down
I0128 23:22:44.706163    17 daemon.cc:726] network thread shutting down
I0128 23:22:44.706145    16 daemon.cc:726] network thread shutting down
I0128 23:22:44.706707    15 daemon.cc:726] network thread shutting down
I0128 23:22:44.706768    13 background_thread.cc:188] state transfer thread stopped
I0128 23:22:44.706814    12 background_thread.cc:188] replication thread stopped
I0128 23:22:44.706851     9 background_thread.cc:188] checkpointer thread stopped
I0128 23:22:44.706887    10 background_thread.cc:188] indexing thread stopped
I0128 23:22:44.706925    11 background_thread.cc:188] wiping thread stopped
I0128 23:22:44.707013     1 daemon.cc:532] hyperdex-daemon will now terminate
I0128 23:27:21.007431     1 daemon.cc:284] running in the foreground
I0128 23:27:21.008723     1 daemon.cc:285] no log will be generated; instead, the log messages will print to the terminal
I0128 23:27:21.008736     1 daemon.cc:286] provide "--daemon" on the command-line if you want to run in the background
I0128 23:27:21.008744     1 daemon.cc:293] initializing local storage
I0128 23:27:21.226575    10 background_thread.cc:153] indexing thread started
I0128 23:27:21.226578    11 background_thread.cc:153] wiping thread started
I0128 23:27:21.226560     9 background_thread.cc:153] checkpointer thread started
I0128 23:27:21.248630     1 daemon.cc:373] starting checkpoint process with checkpoint=223 checkpoint_stable=223 checkpoint_gc=206
W0128 23:27:21.248796     1 daemon.cc:1612] cannot determine device name for reporting io.* stats
W0128 23:27:21.248811     1 daemon.cc:1613] iostat-like statistics will not be reported
I0128 23:27:21.268142    13 background_thread.cc:153] state transfer thread started
I0128 23:27:21.268198    12 background_thread.cc:153] replication thread started
I0128 23:27:21.268208    16 daemon.cc:590] network thread 2 started on core 2
I0128 23:27:21.268200    14 daemon.cc:590] network thread 0 started on core 0
I0128 23:27:21.268261    15 daemon.cc:590] network thread 1 started on core 1
I0128 23:27:21.268276    17 daemon.cc:590] network thread 3 started on core 3
I0128 23:27:21.268432     1 daemon.cc:482] moving to configuration version=86; pausing all activity while we reconfigure
I0128 23:27:21.268515     1 daemon.cc:492] reconfiguration complete; resuming normal operation
I0128 23:27:21.270812     1 daemon.cc:482] moving to configuration version=87; pausing all activity while we reconfigure
I0128 23:27:21.271175     1 state_transfer_manager.cc:153] initiating incoming transfer(id=transfer(135), region=region(15), src=server(5901802695393073935), vsrc=virtual_server(51), dst=server(18437966591783271607), vdst=virtual_server(136))
I0128 23:27:21.271209     1 state_transfer_manager.cc:153] initiating incoming transfer(id=transfer(137), region=region(16), src=server(5901802695393073935), vsrc=virtual_server(53), dst=server(18437966591783271607), vdst=virtual_server(138))
I0128 23:27:21.271221     1 state_transfer_manager.cc:153] initiating incoming transfer(id=transfer(139), region=region(17), src=server(5901802695393073935), vsrc=virtual_server(55), dst=server(18437966591783271607), vdst=virtual_server(140))
I0128 23:27:21.271231     1 state_transfer_manager.cc:153] initiating incoming transfer(id=transfer(141), region=region(18), src=server(5901802695393073935), vsrc=virtual_server(57), dst=server(18437966591783271607), vdst=virtual_server(142))
I0128 23:27:21.271247     1 state_transfer_manager.cc:153] initiating incoming transfer(id=transfer(143), region=region(19), src=server(5901802695393073935), vsrc=virtual_server(59), dst=server(18437966591783271607), vdst=virtual_server(144))
I0128 23:27:21.271256     1 state_transfer_manager.cc:153] initiating incoming transfer(id=transfer(145), region=region(20), src=server(5901802695393073935), vsrc=virtual_server(61), dst=server(18437966591783271607), vdst=virtual_server(146))
I0128 23:27:21.271265     1 state_transfer_manager.cc:153] initiating incoming transfer(id=transfer(147), region=region(21), src=server(10327312535168882966), vsrc=virtual_server(124), dst=server(18437966591783271607), vdst=virtual_server(148))
I0128 23:27:21.271272     1 state_transfer_manager.cc:153] initiating incoming transfer(id=transfer(149), region=region(22), src=server(10327312535168882966), vsrc=virtual_server(126), dst=server(18437966591783271607), vdst=virtual_server(150))
I0128 23:27:21.271281     1 state_transfer_manager.cc:153] initiating incoming transfer(id=transfer(151), region=region(23), src=server(10327312535168882966), vsrc=virtual_server(128), dst=server(18437966591783271607), vdst=virtual_server(152))
I0128 23:27:21.271291     1 state_transfer_manager.cc:153] initiating incoming transfer(id=transfer(153), region=region(24), src=server(10327312535168882966), vsrc=virtual_server(130), dst=server(18437966591783271607), vdst=virtual_server(154))
I0128 23:27:21.271299     1 state_transfer_manager.cc:153] initiating incoming transfer(id=transfer(155), region=region(25), src=server(10327312535168882966), vsrc=virtual_server(132), dst=server(18437966591783271607), vdst=virtual_server(156))
I0128 23:27:21.271347     1 state_transfer_manager.cc:153] initiating incoming transfer(id=transfer(157), region=region(26), src=server(10327312535168882966), vsrc=virtual_server(134), dst=server(18437966591783271607), vdst=virtual_server(158))
I0128 23:27:21.271376     1 daemon.cc:492] reconfiguration complete; resuming normal operation
I0128 23:27:21.271816    17 state_transfer_manager.cc:234] received handshake_syn for transfer(139)
I0128 23:27:21.271839    14 state_transfer_manager.cc:234] received handshake_syn for transfer(135)
I0128 23:27:21.272054    14 state_transfer_manager.cc:295] received handshake_ack for transfer(139)
I0128 23:27:21.272130    16 state_transfer_manager.cc:234] received handshake_syn for transfer(143)
I0128 23:27:21.272322    14 state_transfer_manager.cc:234] received handshake_syn for transfer(151)
I0128 23:27:21.272337    15 state_transfer_manager.cc:234] received handshake_syn for transfer(155)
I0128 23:27:21.272377    14 state_transfer_manager.cc:295] received handshake_ack for transfer(135)
I0128 23:27:21.272471    15 state_transfer_manager.cc:295] received handshake_ack for transfer(155)
I0128 23:27:21.272498    15 state_transfer_manager.cc:295] received handshake_ack for transfer(143)
I0128 23:27:21.272742    16 state_transfer_manager.cc:234] received handshake_syn for transfer(147)
I0128 23:27:21.272759    16 state_transfer_manager.cc:295] received handshake_ack for transfer(151)
I0128 23:27:21.272847    16 state_transfer_manager.cc:295] received handshake_ack for transfer(147)
I0128 23:27:25.518355     1 daemon.cc:482] moving to configuration version=88; pausing all activity while we reconfigure
I0128 23:27:25.544806     1 daemon.cc:492] reconfiguration complete; resuming normal operation
I0128 23:27:25.545013     1 daemon.cc:482] moving to configuration version=89; pausing all activity while we reconfigure
I0128 23:27:25.549723     1 state_transfer_manager.cc:146] ending incoming transfer(143)
I0128 23:27:25.549796     1 daemon.cc:492] reconfiguration complete; resuming normal operation
I0128 23:27:25.598956    16 state_transfer_manager.cc:234] received handshake_syn for transfer(145)
I0128 23:27:25.687307     1 daemon.cc:482] moving to configuration version=90; pausing all activity while we reconfigure
I0128 23:27:25.687597     1 daemon.cc:492] reconfiguration complete; resuming normal operation
I0128 23:27:25.691895     1 daemon.cc:482] moving to configuration version=91; pausing all activity while we reconfigure
I0128 23:27:25.692828     1 state_transfer_manager.cc:146] ending incoming transfer(135)
I0128 23:27:25.692872     1 daemon.cc:492] reconfiguration complete; resuming normal operation
I0128 23:27:25.694300    17 state_transfer_manager.cc:234] received handshake_syn for transfer(141)
I0128 23:27:25.694311    15 state_transfer_manager.cc:234] received handshake_syn for transfer(137)
I0128 23:27:25.694634    15 state_transfer_manager.cc:295] received handshake_ack for transfer(141)
I0128 23:27:25.695282    16 state_transfer_manager.cc:295] received handshake_ack for transfer(137)
I0128 23:27:25.802557     1 daemon.cc:482] moving to configuration version=92; pausing all activity while we reconfigure
I0128 23:27:25.804013     1 daemon.cc:492] reconfiguration complete; resuming normal operation
I0128 23:27:25.810405     1 daemon.cc:482] moving to configuration version=93; pausing all activity while we reconfigure
I0128 23:27:25.821859     1 state_transfer_manager.cc:146] ending incoming transfer(147)
I0128 23:27:25.821899     1 daemon.cc:492] reconfiguration complete; resuming normal operation
I0128 23:27:25.823348    15 state_transfer_manager.cc:234] received handshake_syn for transfer(153)
I0128 23:27:25.823386    16 state_transfer_manager.cc:234] received handshake_syn for transfer(149)
I0128 23:27:25.823432    17 state_transfer_manager.cc:234] received handshake_syn for transfer(157)
I0128 23:27:25.823506    17 state_transfer_manager.cc:295] received handshake_ack for transfer(153)
I0128 23:27:25.823635    17 state_transfer_manager.cc:295] received handshake_ack for transfer(157)
I0128 23:27:25.823751    14 state_transfer_manager.cc:295] received handshake_ack for transfer(149)
I0128 23:27:30.078742     1 daemon.cc:482] moving to configuration version=94; pausing all activity while we reconfigure
I0128 23:27:30.083385     1 daemon.cc:492] reconfiguration complete; resuming normal operation
I0128 23:27:30.084295     1 daemon.cc:482] moving to configuration version=95; pausing all activity while we reconfigure
I0128 23:27:30.084478     1 state_transfer_manager.cc:146] ending incoming transfer(153)
I0128 23:27:30.084511     1 daemon.cc:492] reconfiguration complete; resuming normal operation
I0128 23:27:30.268956     1 daemon.cc:482] moving to configuration version=96; pausing all activity while we reconfigure
I0128 23:27:30.271090     1 daemon.cc:492] reconfiguration complete; resuming normal operation
I0128 23:27:30.273968     1 daemon.cc:482] moving to configuration version=97; pausing all activity while we reconfigure
I0128 23:27:30.274040     1 state_transfer_manager.cc:146] ending incoming transfer(149)
I0128 23:27:30.274081     1 daemon.cc:492] reconfiguration complete; resuming normal operation
I0128 23:27:30.280136     1 daemon.cc:482] moving to configuration version=98; pausing all activity while we reconfigure
I0128 23:27:30.280215     1 daemon.cc:492] reconfiguration complete; resuming normal operation
I0128 23:27:30.321527     1 daemon.cc:482] moving to configuration version=99; pausing all activity while we reconfigure
I0128 23:27:30.321754     1 daemon.cc:492] reconfiguration complete; resuming normal operation
I0128 23:27:30.329952     1 daemon.cc:482] moving to configuration version=100; pausing all activity while we reconfigure
I0128 23:27:30.330072     1 state_transfer_manager.cc:146] ending incoming transfer(151)
I0128 23:27:30.330106     1 daemon.cc:492] reconfiguration complete; resuming normal operation
I0128 23:27:30.340370     1 daemon.cc:482] moving to configuration version=101; pausing all activity while we reconfigure
I0128 23:27:30.340445     1 state_transfer_manager.cc:146] ending incoming transfer(155)
I0128 23:27:30.340481     1 daemon.cc:492] reconfiguration complete; resuming normal operation
I0128 23:27:30.376318     1 daemon.cc:482] moving to configuration version=102; pausing all activity while we reconfigure
I0128 23:27:30.376413     1 daemon.cc:492] reconfiguration complete; resuming normal operation
I0128 23:27:30.384390     1 daemon.cc:482] moving to configuration version=103; pausing all activity while we reconfigure
I0128 23:27:30.384452     1 state_transfer_manager.cc:161] ending incoming transfer(157)
I0128 23:27:30.384485     1 daemon.cc:492] reconfiguration complete; resuming normal operation
I0128 23:27:32.902094     1 daemon.cc:482] moving to configuration version=104; pausing all activity while we reconfigure
I0128 23:27:32.902351     1 daemon.cc:492] reconfiguration complete; resuming normal operation
I0128 23:27:33.849912     1 daemon.cc:482] moving to configuration version=105; pausing all activity while we reconfigure
I0128 23:27:33.849979     1 state_transfer_manager.cc:146] ending incoming transfer(137)
I0128 23:27:33.850011     1 daemon.cc:492] reconfiguration complete; resuming normal operation
I0128 23:27:33.859782    15 state_transfer_manager.cc:234] received handshake_syn for transfer(145)
I0128 23:27:33.953533    15 state_transfer_manager.cc:295] received handshake_ack for transfer(145)
I0128 23:27:34.011976     1 daemon.cc:482] moving to configuration version=106; pausing all activity while we reconfigure
I0128 23:27:34.012526     1 daemon.cc:492] reconfiguration complete; resuming normal operation
I0128 23:27:34.033417     1 daemon.cc:482] moving to configuration version=107; pausing all activity while we reconfigure
I0128 23:27:34.038259     1 state_transfer_manager.cc:146] ending incoming transfer(139)
I0128 23:27:34.038324     1 daemon.cc:492] reconfiguration complete; resuming normal operation
I0128 23:27:36.506793     1 daemon.cc:482] moving to configuration version=108; pausing all activity while we reconfigure
I0128 23:27:36.507107     1 daemon.cc:492] reconfiguration complete; resuming normal operation
I0128 23:27:36.537565     1 daemon.cc:482] moving to configuration version=109; pausing all activity while we reconfigure
I0128 23:27:36.543849     1 state_transfer_manager.cc:146] ending incoming transfer(141)
I0128 23:27:36.543890     1 daemon.cc:492] reconfiguration complete; resuming normal operation
I0128 23:27:37.907173     1 daemon.cc:482] moving to configuration version=110; pausing all activity while we reconfigure
I0128 23:27:37.907307     1 daemon.cc:492] reconfiguration complete; resuming normal operation
I0128 23:27:37.950036     1 daemon.cc:482] moving to configuration version=111; pausing all activity while we reconfigure
I0128 23:27:37.950124     1 state_transfer_manager.cc:161] ending incoming transfer(145)
I0128 23:27:37.950155     1 daemon.cc:492] reconfiguration complete; resuming normal operation
I0128 23:27:57.049435     1 daemon.cc:482] moving to configuration version=112; pausing all activity while we reconfigure
I0128 23:27:57.049955     1 state_transfer_manager.cc:153] initiating outgoing transfer(id=transfer(159), region=region(21), src=server(18437966591783271607), vsrc=virtual_server(148), dst=server(10327312535168882966), vdst=virtual_server(160))
I0128 23:27:57.049980     1 state_transfer_manager.cc:153] initiating outgoing transfer(id=transfer(161), region=region(22), src=server(18437966591783271607), vsrc=virtual_server(150), dst=server(10327312535168882966), vdst=virtual_server(162))
I0128 23:27:57.049991     1 state_transfer_manager.cc:153] initiating outgoing transfer(id=transfer(163), region=region(23), src=server(18437966591783271607), vsrc=virtual_server(152), dst=server(10327312535168882966), vdst=virtual_server(164))
I0128 23:27:57.050003     1 state_transfer_manager.cc:153] initiating outgoing transfer(id=transfer(165), region=region(24), src=server(18437966591783271607), vsrc=virtual_server(154), dst=server(10327312535168882966), vdst=virtual_server(166))
I0128 23:27:57.050011     1 state_transfer_manager.cc:153] initiating outgoing transfer(id=transfer(167), region=region(25), src=server(18437966591783271607), vsrc=virtual_server(156), dst=server(10327312535168882966), vdst=virtual_server(168))
I0128 23:27:57.050020     1 state_transfer_manager.cc:153] initiating outgoing transfer(id=transfer(169), region=region(26), src=server(18437966591783271607), vsrc=virtual_server(158), dst=server(10327312535168882966), vdst=virtual_server(170))
I0128 23:27:57.050148     1 daemon.cc:492] reconfiguration complete; resuming normal operation
I0128 23:27:57.051652    16 state_transfer_manager.cc:267] received handshake_synack for transfer(163) @ 225
I0128 23:27:57.051785    14 state_transfer_manager.cc:267] received handshake_synack for transfer(159) @ 225
I0128 23:27:57.051810    15 state_transfer_manager.cc:324] received handshake_wiped for transfer(159)
I0128 23:27:57.051820    15 state_transfer_manager.cc:324] received handshake_wiped for transfer(163)
I0128 23:27:57.051822    16 state_transfer_manager.cc:324] received handshake_wiped for transfer(159)
I0128 23:27:57.051831    15 state_transfer_manager.cc:324] received handshake_wiped for transfer(163)
I0128 23:27:57.054054    17 state_transfer_manager.cc:267] received handshake_synack for transfer(167) @ 225
I0128 23:27:57.058326    15 state_transfer_manager.cc:324] received handshake_wiped for transfer(167)
I0128 23:27:57.058356    15 state_transfer_manager.cc:324] received handshake_wiped for transfer(167)
I0128 23:27:57.064568    15 coordinator_link_wrapper.cc:501] requesting that transfer(163) go live
I0128 23:27:57.066591     1 daemon.cc:482] moving to configuration version=113; pausing all activity while we reconfigure
I0128 23:27:57.117408     1 daemon.cc:492] reconfiguration complete; resuming normal operation
I0128 23:27:57.119804    17 coordinator_link_wrapper.cc:501] requesting that transfer(159) go live
I0128 23:27:57.120450    14 coordinator_link_wrapper.cc:514] requesting that transfer(163) complete
I0128 23:27:57.128615     1 daemon.cc:482] moving to configuration version=115; pausing all activity while we reconfigure
I0128 23:27:57.128886     1 state_transfer_manager.cc:146] ending outgoing transfer(163)
I0128 23:27:57.128924     1 daemon.cc:492] reconfiguration complete; resuming normal operation
I0128 23:27:57.129497    16 coordinator_link_wrapper.cc:514] requesting that transfer(159) complete
I0128 23:27:57.130867    16 state_transfer_manager.cc:267] received handshake_synack for transfer(165) @ 225
I0128 23:27:57.131563    16 state_transfer_manager.cc:267] received handshake_synack for transfer(169) @ 225
I0128 23:27:57.131839    16 state_transfer_manager.cc:324] received handshake_wiped for transfer(165)
I0128 23:27:57.131855    16 state_transfer_manager.cc:324] received handshake_wiped for transfer(165)
I0128 23:27:57.132026    16 state_transfer_manager.cc:324] received handshake_wiped for transfer(169)
I0128 23:27:57.132040    16 state_transfer_manager.cc:324] received handshake_wiped for transfer(169)
I0128 23:27:57.133592     1 daemon.cc:482] moving to configuration version=116; pausing all activity while we reconfigure
I0128 23:27:57.133708    16 coordinator_link_wrapper.cc:501] requesting that transfer(165) go live
I0128 23:27:57.161118     1 state_transfer_manager.cc:146] ending outgoing transfer(159)
I0128 23:27:57.161175     1 daemon.cc:492] reconfiguration complete; resuming normal operation
I0128 23:27:57.161506     1 daemon.cc:482] moving to configuration version=117; pausing all activity while we reconfigure
I0128 23:27:57.166884     1 daemon.cc:492] reconfiguration complete; resuming normal operation
I0128 23:27:57.168107    14 state_transfer_manager.cc:267] received handshake_synack for transfer(161) @ 225
I0128 23:27:57.168279    17 state_transfer_manager.cc:324] received handshake_wiped for transfer(161)
I0128 23:27:57.168297    17 state_transfer_manager.cc:324] received handshake_wiped for transfer(161)
I0128 23:27:57.169569    15 coordinator_link_wrapper.cc:501] requesting that transfer(167) go live
I0128 23:27:57.171824     1 daemon.cc:482] moving to configuration version=118; pausing all activity while we reconfigure
I0128 23:27:57.171865    16 coordinator_link_wrapper.cc:501] requesting that transfer(161) go live
I0128 23:27:57.178038     1 daemon.cc:492] reconfiguration complete; resuming normal operation
I0128 23:27:57.178098     1 daemon.cc:482] moving to configuration version=119; pausing all activity while we reconfigure
I0128 23:27:57.178256    13 coordinator_link_wrapper.cc:501] requesting that transfer(161) go live
I0128 23:27:57.178519    13 coordinator_link_wrapper.cc:514] requesting that transfer(167) complete
I0128 23:27:57.195325     1 daemon.cc:492] reconfiguration complete; resuming normal operation
I0128 23:27:57.195417     1 daemon.cc:482] moving to configuration version=120; pausing all activity while we reconfigure
I0128 23:27:57.195741    13 coordinator_link_wrapper.cc:514] requesting that transfer(161) complete
I0128 23:27:57.195860    13 coordinator_link_wrapper.cc:514] requesting that transfer(167) complete
I0128 23:27:57.195937     1 state_transfer_manager.cc:146] ending outgoing transfer(167)
I0128 23:27:57.195991     1 daemon.cc:492] reconfiguration complete; resuming normal operation
I0128 23:27:57.196457    13 coordinator_link_wrapper.cc:514] requesting that transfer(161) complete
I0128 23:27:57.200314     1 daemon.cc:482] moving to configuration version=121; pausing all activity while we reconfigure
I0128 23:27:57.200345    14 coordinator_link_wrapper.cc:501] requesting that transfer(169) go live
I0128 23:27:57.200572     1 state_transfer_manager.cc:146] ending outgoing transfer(161)
I0128 23:27:57.200609     1 daemon.cc:492] reconfiguration complete; resuming normal operation
I0128 23:27:57.200732    13 coordinator_link_wrapper.cc:514] requesting that transfer(165) complete
I0128 23:27:57.203460     1 daemon.cc:482] moving to configuration version=123; pausing all activity while we reconfigure
I0128 23:27:57.206398     1 state_transfer_manager.cc:146] ending outgoing transfer(165)
I0128 23:27:57.206624     1 daemon.cc:492] reconfiguration complete; resuming normal operation
I0128 23:27:57.206642    13 coordinator_link_wrapper.cc:514] requesting that transfer(169) complete
I0128 23:27:57.208412     1 daemon.cc:482] moving to configuration version=124; pausing all activity while we reconfigure
I0128 23:27:57.211985     1 state_transfer_manager.cc:161] ending outgoing transfer(169)
I0128 23:27:57.212029     1 daemon.cc:492] reconfiguration complete; resuming normal operation
I0128 23:28:38.889406     1 daemon.cc:482] moving to configuration version=125; pausing all activity while we reconfigure
I0128 23:28:38.889742     1 daemon.cc:492] reconfiguration complete; resuming normal operation
I0128 23:35:57.381288     1 daemon.cc:482] moving to configuration version=126; pausing all activity while we reconfigure
I0128 23:35:57.381935     1 state_transfer_manager.cc:153] initiating outgoing transfer(id=transfer(171), region=region(21), src=server(18437966591783271607), vsrc=virtual_server(148), dst=server(10327312535168882966), vdst=virtual_server(172))
I0128 23:35:57.381964     1 state_transfer_manager.cc:153] initiating outgoing transfer(id=transfer(173), region=region(22), src=server(18437966591783271607), vsrc=virtual_server(150), dst=server(10327312535168882966), vdst=virtual_server(174))
I0128 23:35:57.381974     1 state_transfer_manager.cc:153] initiating outgoing transfer(id=transfer(175), region=region(23), src=server(18437966591783271607), vsrc=virtual_server(152), dst=server(10327312535168882966), vdst=virtual_server(176))
I0128 23:35:57.381984     1 state_transfer_manager.cc:153] initiating outgoing transfer(id=transfer(177), region=region(24), src=server(18437966591783271607), vsrc=virtual_server(154), dst=server(10327312535168882966), vdst=virtual_server(178))
I0128 23:35:57.381994     1 state_transfer_manager.cc:153] initiating outgoing transfer(id=transfer(179), region=region(25), src=server(18437966591783271607), vsrc=virtual_server(156), dst=server(10327312535168882966), vdst=virtual_server(180))
